Archive member included to satisfy reference by file (symbol)

c:/picosdk/gcc-arm-none-eabi/bin/../lib/gcc/arm-none-eabi/10.3.1/thumb/v6-m/nofp\libgcc.a(_dvmd_tls.o)
                              my_blink/CMakeFiles/my_blink.dir/C_/PicoSDK/pico-sdk/src/rp2_common/pico_divider/divider.S.obj (__aeabi_idiv0)
c:/picosdk/gcc-arm-none-eabi/bin/../lib/gcc/arm-none-eabi/10.3.1/../../../../arm-none-eabi/lib/thumb/v6-m/nofp\libg.a(lib_a-calloc.o)
                              my_blink/CMakeFiles/my_blink.dir/C_/PicoSDK/pico-sdk/src/rp2_common/pico_malloc/pico_malloc.c.obj (calloc)
c:/picosdk/gcc-arm-none-eabi/bin/../lib/gcc/arm-none-eabi/10.3.1/../../../../arm-none-eabi/lib/thumb/v6-m/nofp\libg.a(lib_a-callocr.o)
                              c:/picosdk/gcc-arm-none-eabi/bin/../lib/gcc/arm-none-eabi/10.3.1/../../../../arm-none-eabi/lib/thumb/v6-m/nofp\libg.a(lib_a-calloc.o) (_calloc_r)
c:/picosdk/gcc-arm-none-eabi/bin/../lib/gcc/arm-none-eabi/10.3.1/../../../../arm-none-eabi/lib/thumb/v6-m/nofp\libg.a(lib_a-errno.o)
                              c:/picosdk/gcc-arm-none-eabi/bin/../lib/gcc/arm-none-eabi/10.3.1/../../../../arm-none-eabi/lib/thumb/v6-m/nofp\libg.a(lib_a-callocr.o) (__errno)
c:/picosdk/gcc-arm-none-eabi/bin/../lib/gcc/arm-none-eabi/10.3.1/../../../../arm-none-eabi/lib/thumb/v6-m/nofp\libg.a(lib_a-impure.o)
                              c:/picosdk/gcc-arm-none-eabi/bin/../lib/gcc/arm-none-eabi/10.3.1/../../../../arm-none-eabi/lib/thumb/v6-m/nofp\libg.a(lib_a-calloc.o) (_impure_ptr)
c:/picosdk/gcc-arm-none-eabi/bin/../lib/gcc/arm-none-eabi/10.3.1/../../../../arm-none-eabi/lib/thumb/v6-m/nofp\libg.a(lib_a-init.o)
                              c:/picosdk/gcc-arm-none-eabi/bin/../lib/gcc/arm-none-eabi/10.3.1/../../../../arm-none-eabi/lib/thumb/v6-m/nofp/crt0.o (__libc_init_array)
c:/picosdk/gcc-arm-none-eabi/bin/../lib/gcc/arm-none-eabi/10.3.1/../../../../arm-none-eabi/lib/thumb/v6-m/nofp\libg.a(lib_a-malloc.o)
                              my_blink/CMakeFiles/my_blink.dir/C_/PicoSDK/pico-sdk/src/rp2_common/pico_malloc/pico_malloc.c.obj (malloc)
c:/picosdk/gcc-arm-none-eabi/bin/../lib/gcc/arm-none-eabi/10.3.1/../../../../arm-none-eabi/lib/thumb/v6-m/nofp\libg.a(lib_a-mallocr.o)
                              c:/picosdk/gcc-arm-none-eabi/bin/../lib/gcc/arm-none-eabi/10.3.1/../../../../arm-none-eabi/lib/thumb/v6-m/nofp\libg.a(lib_a-callocr.o) (_malloc_r)
c:/picosdk/gcc-arm-none-eabi/bin/../lib/gcc/arm-none-eabi/10.3.1/../../../../arm-none-eabi/lib/thumb/v6-m/nofp\libg.a(lib_a-memcmp.o)
                              my_blink/CMakeFiles/my_blink.dir/C_/PicoSDK/pico-sdk/lib/cyw43-driver/src/cyw43_ll.c.obj (memcmp)
c:/picosdk/gcc-arm-none-eabi/bin/../lib/gcc/arm-none-eabi/10.3.1/../../../../arm-none-eabi/lib/thumb/v6-m/nofp\libg.a(lib_a-memmove.o)
                              my_blink/CMakeFiles/my_blink.dir/C_/PicoSDK/pico-sdk/lib/cyw43-driver/src/cyw43_ll.c.obj (memmove)
c:/picosdk/gcc-arm-none-eabi/bin/../lib/gcc/arm-none-eabi/10.3.1/../../../../arm-none-eabi/lib/thumb/v6-m/nofp\libg.a(lib_a-mlock.o)
                              c:/picosdk/gcc-arm-none-eabi/bin/../lib/gcc/arm-none-eabi/10.3.1/../../../../arm-none-eabi/lib/thumb/v6-m/nofp\libg.a(lib_a-mallocr.o) (__malloc_lock)
c:/picosdk/gcc-arm-none-eabi/bin/../lib/gcc/arm-none-eabi/10.3.1/../../../../arm-none-eabi/lib/thumb/v6-m/nofp\libg.a(lib_a-realloc.o)
                              my_blink/CMakeFiles/my_blink.dir/C_/PicoSDK/pico-sdk/src/rp2_common/pico_malloc/pico_malloc.c.obj (realloc)
c:/picosdk/gcc-arm-none-eabi/bin/../lib/gcc/arm-none-eabi/10.3.1/../../../../arm-none-eabi/lib/thumb/v6-m/nofp\libg.a(lib_a-reallocr.o)
                              c:/picosdk/gcc-arm-none-eabi/bin/../lib/gcc/arm-none-eabi/10.3.1/../../../../arm-none-eabi/lib/thumb/v6-m/nofp\libg.a(lib_a-realloc.o) (_realloc_r)
c:/picosdk/gcc-arm-none-eabi/bin/../lib/gcc/arm-none-eabi/10.3.1/../../../../arm-none-eabi/lib/thumb/v6-m/nofp\libg.a(lib_a-sbrkr.o)
                              c:/picosdk/gcc-arm-none-eabi/bin/../lib/gcc/arm-none-eabi/10.3.1/../../../../arm-none-eabi/lib/thumb/v6-m/nofp\libg.a(lib_a-mallocr.o) (_sbrk_r)
c:/picosdk/gcc-arm-none-eabi/bin/../lib/gcc/arm-none-eabi/10.3.1/../../../../arm-none-eabi/lib/thumb/v6-m/nofp\libg.a(lib_a-strlen-stub.o)
                              my_blink/CMakeFiles/my_blink.dir/C_/PicoSDK/pico-sdk/src/rp2_common/pico_stdio/stdio.c.obj (strlen)
c:/picosdk/gcc-arm-none-eabi/bin/../lib/gcc/arm-none-eabi/10.3.1/../../../../arm-none-eabi/lib/thumb/v6-m/nofp\libg.a(lib_a-strncmp.o)
                              my_blink/CMakeFiles/my_blink.dir/C_/PicoSDK/pico-sdk/lib/cyw43-driver/src/cyw43_ll.c.obj (strncmp)
c:/picosdk/gcc-arm-none-eabi/bin/../lib/gcc/arm-none-eabi/10.3.1/../../../../arm-none-eabi/lib/thumb/v6-m/nofp\libg.a(lib_a-freer.o)
                              c:/picosdk/gcc-arm-none-eabi/bin/../lib/gcc/arm-none-eabi/10.3.1/../../../../arm-none-eabi/lib/thumb/v6-m/nofp\libg.a(lib_a-malloc.o) (_free_r)
[...]
Memory Configuration

Name             Origin             Length             Attributes
FLASH            0x10000000         0x00200000         xr
RAM              0x20000000         0x00040000         xrw
SCRATCH_X        0x20040000         0x00001000         xrw
SCRATCH_Y        0x20041000         0x00001000         xrw
*default*        0x00000000         0xffffffff

Linker script and memory map

LOAD c:/picosdk/gcc-arm-none-eabi/bin/../lib/gcc/arm-none-eabi/10.3.1/thumb/v6-m/nofp/crti.o
LOAD c:/picosdk/gcc-arm-none-eabi/bin/../lib/gcc/arm-none-eabi/10.3.1/thumb/v6-m/nofp/crtbegin.o
LOAD c:/picosdk/gcc-arm-none-eabi/bin/../lib/gcc/arm-none-eabi/10.3.1/../../../../arm-none-eabi/lib/thumb/v6-m/nofp/crt0.o

.flash_begin    0x10000000        0x0
                0x10000000                __flash_binary_start = .

.boot2          0x10000000      0x100
                0x10000000                __boot2_start__ = .
 *(.boot2)
 .boot2         0x10000000      0x100 C:\Users\lvanek\AppData\Local\Temp\cc8qVmwp.o
                0x10000100                __boot2_end__ = .
                0x00000001                ASSERT (((__boot2_end__ - __boot2_start__) == 0x100), ERROR: Pico second stage bootloader must be 256 bytes in size)

.text           0x10000100     0x7bd0
                0x10000100                __logical_binary_start = .
 *(.vectors)
 .vectors       0x10000100       0xd4 my_blink/CMakeFiles/my_blink.dir/C_/PicoSDK/pico-sdk/src/rp2_common/pico_standard_link/crt0.S.obj
                0x10000100                __VECTOR_TABLE
                0x10000100                __vectors
                0x100001c0                isr_invalid
                0x100001c0                __default_isrs_start
                0x100001c2                isr_nmi
                0x100001c4                isr_hardfault
                0x100001c6                isr_svcall
                0x100001c8                isr_pendsv
                0x100001ca                isr_systick
                0x100001cc                isr_irq23
                0x100001cc                isr_irq18
                0x100001cc                isr_irq11
                0x100001cc                isr_irq28
                0x100001cc                isr_irq19
                0x100001cc                isr_irq0
                0x100001cc                isr_irq6
                0x100001cc                isr_irq5
                0x100001cc                isr_irq12
                0x100001cc                isr_irq22
                0x100001cc                isr_irq31
                0x100001cc                isr_irq17
                0x100001cc                isr_irq27
                0x100001cc                isr_irq30
                0x100001cc                isr_irq2
                0x100001cc                isr_irq10
                0x100001cc                isr_irq8
                0x100001cc                isr_irq24
                0x100001cc                isr_irq1
                0x100001cc                isr_irq7
                0x100001cc                isr_irq21
                0x100001cc                isr_irq20
                0x100001cc                isr_irq15
                0x100001cc                isr_irq25
                0x100001cc                isr_irq13
                0x100001cc                __unhandled_user_irq
                0x100001cc                isr_irq4
                0x100001cc                isr_irq16
                0x100001cc                isr_irq29
                0x100001cc                isr_irq26
                0x100001cc                __default_isrs_end
                0x100001cc                isr_irq3
                0x100001cc                isr_irq14
                0x100001cc                isr_irq9
                0x100001d2                unhandled_user_irq_num_in_r0
 *(.binary_info_header)
 .binary_info_header
                0x100001d4       0x14 my_blink/CMakeFiles/my_blink.dir/C_/PicoSDK/pico-sdk/src/rp2_common/pico_standard_link/crt0.S.obj
                0x100001e8                __binary_info_header_end = .
 *(.reset)
 .reset         0x100001e8       0xa0 my_blink/CMakeFiles/my_blink.dir/C_/PicoSDK/pico-sdk/src/rp2_common/pico_standard_link/crt0.S.obj
                0x100001e8                _entry_point
 .reset         0x10000288       0x30 my_blink/CMakeFiles/my_blink.dir/C_/PicoSDK/pico-sdk/src/rp2_common/pico_standard_link/binary_info.c.obj
 *(.init)
 .init          0x100002b8        0x4 c:/picosdk/gcc-arm-none-eabi/bin/../lib/gcc/arm-none-eabi/10.3.1/thumb/v6-m/nofp/crti.o
                0x100002b8                _init
 *(EXCLUDE_FILE(*libm.a: *libc.a:*lib_a-mem*.o *libgcc.a:) .text*)
 .text          0x100002bc       0x48 c:/picosdk/gcc-arm-none-eabi/bin/../lib/gcc/arm-none-eabi/10.3.1/thumb/v6-m/nofp/crtbegin.o
 .text.main     0x10000304       0x54 my_blink/CMakeFiles/my_blink.dir/my_blink.c.obj
                0x10000304                main
 .text.gpio_set_function
                0x10000358       0x30 my_blink/CMakeFiles/my_blink.dir/C_/PicoSDK/pico-sdk/src/rp2_common/hardware_gpio/gpio.c.obj
                0x10000358                gpio_set_function
 .text.gpio_set_pulls
                0x10000388       0x34 my_blink/CMakeFiles/my_blink.dir/C_/PicoSDK/pico-sdk/src/rp2_common/hardware_gpio/gpio.c.obj
                0x10000388                gpio_set_pulls
 .text.gpio_set_input_hysteresis_enabled
                0x100003bc       0x30 my_blink/CMakeFiles/my_blink.dir/C_/PicoSDK/pico-sdk/src/rp2_common/hardware_gpio/gpio.c.obj
                0x100003bc                gpio_set_input_hysteresis_enabled
 .text.gpio_add_raw_irq_handler_with_order_priority_masked
                0x100003ec       0x40 my_blink/CMakeFiles/my_blink.dir/C_/PicoSDK/pico-sdk/src/rp2_common/hardware_gpio/gpio.c.obj
                0x100003ec                gpio_add_raw_irq_handler_with_order_priority_masked
 .text.gpio_remove_raw_irq_handler_masked
                0x1000042c       0x48 my_blink/CMakeFiles/my_blink.dir/C_/PicoSDK/pico-sdk/src/rp2_common/hardware_gpio/gpio.c.obj
                0x1000042c                gpio_remove_raw_irq_handler_masked
 .text.gpio_acknowledge_irq
                0x10000474       0x18 my_blink/CMakeFiles/my_blink.dir/C_/PicoSDK/pico-sdk/src/rp2_common/hardware_gpio/gpio.c.obj
                0x10000474                gpio_acknowledge_irq
 .text._gpio_set_irq_enabled
                0x1000048c       0x34 my_blink/CMakeFiles/my_blink.dir/C_/PicoSDK/pico-sdk/src/rp2_common/hardware_gpio/gpio.c.obj
 .text.gpio_set_irq_enabled
                0x100004c0       0x20 my_blink/CMakeFiles/my_blink.dir/C_/PicoSDK/pico-sdk/src/rp2_common/hardware_gpio/gpio.c.obj
                0x100004c0                gpio_set_irq_enabled
 .text.gpio_init
                0x100004e0       0x16 my_blink/CMakeFiles/my_blink.dir/C_/PicoSDK/pico-sdk/src/rp2_common/hardware_gpio/gpio.c.obj
                0x100004e0                gpio_init
 *fill*         0x100004f6        0x2 
 .text.running_on_fpga
                0x100004f8       0x14 my_blink/CMakeFiles/my_blink.dir/C_/PicoSDK/pico-sdk/src/rp2_common/pico_platform/platform.c.obj
                0x100004f8                running_on_fpga
 .text.hw_claim_lock
                0x1000050c       0x18 my_blink/CMakeFiles/my_blink.dir/C_/PicoSDK/pico-sdk/src/rp2_common/hardware_claim/claim.c.obj
                0x1000050c                hw_claim_lock
 .text.hw_claim_unlock
                0x10000524       0x14 my_blink/CMakeFiles/my_blink.dir/C_/PicoSDK/pico-sdk/src/rp2_common/hardware_claim/claim.c.obj
                0x10000524                hw_claim_unlock
 .text.hw_claim_or_assert
                0x10000538       0x32 my_blink/CMakeFiles/my_blink.dir/C_/PicoSDK/pico-sdk/src/rp2_common/hardware_claim/claim.c.obj
                0x10000538                hw_claim_or_assert
 .text.hw_claim_unused_from_range
                0x1000056a       0x50 my_blink/CMakeFiles/my_blink.dir/C_/PicoSDK/pico-sdk/src/rp2_common/hardware_claim/claim.c.obj
                0x1000056a                hw_claim_unused_from_range
 *fill*         0x100005ba        0x2 
 .text.hw_claim_clear
                0x100005bc       0x40 my_blink/CMakeFiles/my_blink.dir/C_/PicoSDK/pico-sdk/src/rp2_common/hardware_claim/claim.c.obj
                0x100005bc                hw_claim_clear
 .text.spin_locks_reset
                0x100005fc       0x20 my_blink/CMakeFiles/my_blink.dir/C_/PicoSDK/pico-sdk/src/rp2_common/hardware_sync/sync.c.obj
                0x100005fc                spin_locks_reset
 .text.next_striped_spin_lock_num
                0x1000061c       0x1c my_blink/CMakeFiles/my_blink.dir/C_/PicoSDK/pico-sdk/src/rp2_common/hardware_sync/sync.c.obj
                0x1000061c                next_striped_spin_lock_num
 .text.set_raw_irq_handler_and_unlock
                0x10000638       0x28 my_blink/CMakeFiles/my_blink.dir/C_/PicoSDK/pico-sdk/src/rp2_common/hardware_irq/irq.c.obj
 .text.get_user_irq_claim_index
                0x10000660        0x6 my_blink/CMakeFiles/my_blink.dir/C_/PicoSDK/pico-sdk/src/rp2_common/hardware_irq/irq.c.obj
 *fill*         0x10000666        0x2 
 .text.make_branch
                0x10000668       0x48 my_blink/CMakeFiles/my_blink.dir/C_/PicoSDK/pico-sdk/src/rp2_common/hardware_irq/irq.c.obj
 .text.insert_branch_and_link
                0x100006b0       0x40 my_blink/CMakeFiles/my_blink.dir/C_/PicoSDK/pico-sdk/src/rp2_common/hardware_irq/irq.c.obj
 .text.irq_is_enabled
                0x100006f0       0x18 my_blink/CMakeFiles/my_blink.dir/C_/PicoSDK/pico-sdk/src/rp2_common/hardware_irq/irq.c.obj
                0x100006f0                irq_is_enabled
 .text.irq_set_mask_enabled
                0x10000708       0x20 my_blink/CMakeFiles/my_blink.dir/C_/PicoSDK/pico-sdk/src/rp2_common/hardware_irq/irq.c.obj
                0x10000708                irq_set_mask_enabled
 .text.irq_set_enabled
                0x10000728        0xe my_blink/CMakeFiles/my_blink.dir/C_/PicoSDK/pico-sdk/src/rp2_common/hardware_irq/irq.c.obj
                0x10000728                irq_set_enabled
 *fill*         0x10000736        0x2 
 .text.irq_set_pending
                0x10000738       0x10 my_blink/CMakeFiles/my_blink.dir/C_/PicoSDK/pico-sdk/src/rp2_common/hardware_irq/irq.c.obj
                0x10000738                irq_set_pending
 .text.irq_get_vtable_handler
                0x10000748       0x10 my_blink/CMakeFiles/my_blink.dir/C_/PicoSDK/pico-sdk/src/rp2_common/hardware_irq/irq.c.obj
                0x10000748                irq_get_vtable_handler
 .text.irq_set_exclusive_handler
                0x10000758       0x54 my_blink/CMakeFiles/my_blink.dir/C_/PicoSDK/pico-sdk/src/rp2_common/hardware_irq/irq.c.obj
                0x10000758                irq_set_exclusive_handler
 .text.irq_add_shared_handler
                0x100007ac      0x234 my_blink/CMakeFiles/my_blink.dir/C_/PicoSDK/pico-sdk/src/rp2_common/hardware_irq/irq.c.obj
                0x100007ac                irq_add_shared_handler
 .text.irq_remove_handler
                0x100009e0      0x1ac my_blink/CMakeFiles/my_blink.dir/C_/PicoSDK/pico-sdk/src/rp2_common/hardware_irq/irq.c.obj
                0x100009e0                irq_remove_handler
 .text.irq_set_priority
                0x10000b8c       0x28 my_blink/CMakeFiles/my_blink.dir/C_/PicoSDK/pico-sdk/src/rp2_common/hardware_irq/irq.c.obj
                0x10000b8c                irq_set_priority
 .text.irq_add_tail_to_free_list
                0x10000bb4       0xf0 my_blink/CMakeFiles/my_blink.dir/C_/PicoSDK/pico-sdk/src/rp2_common/hardware_irq/irq.c.obj
                0x10000bb4                irq_add_tail_to_free_list
 .text.irq_init_priorities
                0x10000ca4       0x1c my_blink/CMakeFiles/my_blink.dir/C_/PicoSDK/pico-sdk/src/rp2_common/hardware_irq/irq.c.obj
                0x10000ca4                irq_init_priorities
 .text.user_irq_unclaim
                0x10000cc0       0x14 my_blink/CMakeFiles/my_blink.dir/C_/PicoSDK/pico-sdk/src/rp2_common/hardware_irq/irq.c.obj
                0x10000cc0                user_irq_unclaim
 .text.user_irq_claim_unused
                0x10000cd4       0x28 my_blink/CMakeFiles/my_blink.dir/C_/PicoSDK/pico-sdk/src/rp2_common/hardware_irq/irq.c.obj
                0x10000cd4                user_irq_claim_unused
 .text.sem_init
                0x10000cfc       0x1e my_blink/CMakeFiles/my_blink.dir/C_/PicoSDK/pico-sdk/src/common/pico_sync/sem.c.obj
                0x10000cfc                sem_init
 *fill*         0x10000d1a        0x2 
 .text.lock_init
                0x10000d1c       0x10 my_blink/CMakeFiles/my_blink.dir/C_/PicoSDK/pico-sdk/src/common/pico_sync/lock_core.c.obj
                0x10000d1c                lock_init
 .text.mutex_init
                0x10000d2c       0x1a my_blink/CMakeFiles/my_blink.dir/C_/PicoSDK/pico-sdk/src/common/pico_sync/mutex.c.obj
                0x10000d2c                mutex_init
 .text.recursive_mutex_init
                0x10000d46       0x1e my_blink/CMakeFiles/my_blink.dir/C_/PicoSDK/pico-sdk/src/common/pico_sync/mutex.c.obj
                0x10000d46                recursive_mutex_init
 .text.alarm_pool_post_alloc_init
                0x10000d64       0x40 my_blink/CMakeFiles/my_blink.dir/C_/PicoSDK/pico-sdk/src/common/pico_time/time.c.obj
 .text.sleep_until_callback
                0x10000da4       0x30 my_blink/CMakeFiles/my_blink.dir/C_/PicoSDK/pico-sdk/src/common/pico_time/time.c.obj
 .text.timer_pool_entry_comparator
                0x10000dd4       0x7c my_blink/CMakeFiles/my_blink.dir/C_/PicoSDK/pico-sdk/src/common/pico_time/time.c.obj
                0x10000dd4                timer_pool_entry_comparator
 .text.ph_add_child_node
                0x10000e50       0xa4 my_blink/CMakeFiles/my_blink.dir/C_/PicoSDK/pico-sdk/src/common/pico_time/time.c.obj
 .text.ph_merge_nodes
                0x10000ef4       0x3e my_blink/CMakeFiles/my_blink.dir/C_/PicoSDK/pico-sdk/src/common/pico_time/time.c.obj
 *fill*         0x10000f32        0x2 
 .text.add_alarm_under_lock
                0x10000f34      0x174 my_blink/CMakeFiles/my_blink.dir/C_/PicoSDK/pico-sdk/src/common/pico_time/time.c.obj
 .text.alarm_pool_alarm_callback
                0x100010a8      0x33c my_blink/CMakeFiles/my_blink.dir/C_/PicoSDK/pico-sdk/src/common/pico_time/time.c.obj
 .text.alarm_pool_init_default
                0x100013e4       0x40 my_blink/CMakeFiles/my_blink.dir/C_/PicoSDK/pico-sdk/src/common/pico_time/time.c.obj
                0x100013e4                alarm_pool_init_default
 .text.alarm_pool_get_default
                0x10001424       0x2c my_blink/CMakeFiles/my_blink.dir/C_/PicoSDK/pico-sdk/src/common/pico_time/time.c.obj
                0x10001424                alarm_pool_get_default
 .text.alarm_pool_add_alarm_at
                0x10001450      0x168 my_blink/CMakeFiles/my_blink.dir/C_/PicoSDK/pico-sdk/src/common/pico_time/time.c.obj
                0x10001450                alarm_pool_add_alarm_at
 .text.alarm_pool_cancel_alarm
                0x100015b8       0xf0 my_blink/CMakeFiles/my_blink.dir/C_/PicoSDK/pico-sdk/src/common/pico_time/time.c.obj
                0x100015b8                alarm_pool_cancel_alarm
 .text.alarm_pool_core_num
                0x100016a8        0x4 my_blink/CMakeFiles/my_blink.dir/C_/PicoSDK/pico-sdk/src/common/pico_time/time.c.obj
                0x100016a8                alarm_pool_core_num
 .text.sleep_until
                0x100016ac       0xfc my_blink/CMakeFiles/my_blink.dir/C_/PicoSDK/pico-sdk/src/common/pico_time/time.c.obj
                0x100016ac                sleep_until
 .text.sleep_us
                0x100017a8       0x58 my_blink/CMakeFiles/my_blink.dir/C_/PicoSDK/pico-sdk/src/common/pico_time/time.c.obj
                0x100017a8                sleep_us
 .text.sleep_ms
                0x10001800       0x14 my_blink/CMakeFiles/my_blink.dir/C_/PicoSDK/pico-sdk/src/common/pico_time/time.c.obj
                0x10001800                sleep_ms
 .text.best_effort_wfe_or_timeout
                0x10001814       0xac my_blink/CMakeFiles/my_blink.dir/C_/PicoSDK/pico-sdk/src/common/pico_time/time.c.obj
                0x10001814                best_effort_wfe_or_timeout
 .text.hardware_alarm_irq_handler
                0x100018c0       0x90 my_blink/CMakeFiles/my_blink.dir/C_/PicoSDK/pico-sdk/src/rp2_common/hardware_timer/timer.c.obj
 .text.hardware_alarm_claim
                0x10001950       0x18 my_blink/CMakeFiles/my_blink.dir/C_/PicoSDK/pico-sdk/src/rp2_common/hardware_timer/timer.c.obj
                0x10001950                hardware_alarm_claim
 .text.time_us_64
                0x10001968       0x18 my_blink/CMakeFiles/my_blink.dir/C_/PicoSDK/pico-sdk/src/rp2_common/hardware_timer/timer.c.obj
                0x10001968                time_us_64
 .text.busy_wait_until
                0x10001980       0x28 my_blink/CMakeFiles/my_blink.dir/C_/PicoSDK/pico-sdk/src/rp2_common/hardware_timer/timer.c.obj
                0x10001980                busy_wait_until
 .text.hardware_alarm_set_callback
                0x100019a8       0x90 my_blink/CMakeFiles/my_blink.dir/C_/PicoSDK/pico-sdk/src/rp2_common/hardware_timer/timer.c.obj
                0x100019a8                hardware_alarm_set_callback
 .text.hardware_alarm_set_target
                0x10001a38       0xe8 my_blink/CMakeFiles/my_blink.dir/C_/PicoSDK/pico-sdk/src/rp2_common/hardware_timer/timer.c.obj
                0x10001a38                hardware_alarm_set_target
 .text.hardware_alarm_cancel
                0x10001b20       0x40 my_blink/CMakeFiles/my_blink.dir/C_/PicoSDK/pico-sdk/src/rp2_common/hardware_timer/timer.c.obj
                0x10001b20                hardware_alarm_cancel
 .text.ph_add_child_node
                0x10001b60       0xa4 my_blink/CMakeFiles/my_blink.dir/C_/PicoSDK/pico-sdk/src/common/pico_util/pheap.c.obj
 .text.ph_merge_nodes
                0x10001c04       0x3e my_blink/CMakeFiles/my_blink.dir/C_/PicoSDK/pico-sdk/src/common/pico_util/pheap.c.obj
 *fill*         0x10001c42        0x2 
 .text.ph_clear
                0x10001c44       0x70 my_blink/CMakeFiles/my_blink.dir/C_/PicoSDK/pico-sdk/src/common/pico_util/pheap.c.obj
                0x10001c44                ph_clear
 .text.ph_post_alloc_init
                0x10001cb4        0xe my_blink/CMakeFiles/my_blink.dir/C_/PicoSDK/pico-sdk/src/common/pico_util/pheap.c.obj
                0x10001cb4                ph_post_alloc_init
 *fill*         0x10001cc2        0x2 
 .text.ph_merge_two_pass
                0x10001cc4       0xa8 my_blink/CMakeFiles/my_blink.dir/C_/PicoSDK/pico-sdk/src/common/pico_util/pheap.c.obj
                0x10001cc4                ph_merge_two_pass
 .text.ph_remove_any_head
                0x10001d6c      0x128 my_blink/CMakeFiles/my_blink.dir/C_/PicoSDK/pico-sdk/src/common/pico_util/pheap.c.obj
 .text.ph_remove_head
                0x10001e94       0x14 my_blink/CMakeFiles/my_blink.dir/C_/PicoSDK/pico-sdk/src/common/pico_util/pheap.c.obj
                0x10001e94                ph_remove_head
 .text.ph_remove_and_free_node
                0x10001ea8       0xf8 my_blink/CMakeFiles/my_blink.dir/C_/PicoSDK/pico-sdk/src/common/pico_util/pheap.c.obj
                0x10001ea8                ph_remove_and_free_node
 .text.uart_set_baudrate
                0x10001fa0       0x5c my_blink/CMakeFiles/my_blink.dir/C_/PicoSDK/pico-sdk/src/rp2_common/hardware_uart/uart.c.obj
                0x10001fa0                uart_set_baudrate
 .text.uart_set_translate_crlf
                0x10001ffc       0x28 my_blink/CMakeFiles/my_blink.dir/C_/PicoSDK/pico-sdk/src/rp2_common/hardware_uart/uart.c.obj
                0x10001ffc                uart_set_translate_crlf
 .text.uart_init
                0x10002024       0x80 my_blink/CMakeFiles/my_blink.dir/C_/PicoSDK/pico-sdk/src/rp2_common/hardware_uart/uart.c.obj
                0x10002024                uart_init
 .text.clock_configure
                0x100020a4      0x104 my_blink/CMakeFiles/my_blink.dir/C_/PicoSDK/pico-sdk/src/rp2_common/hardware_clocks/clocks.c.obj
                0x100020a4                clock_configure
 .text.clocks_init
                0x100021a8      0x100 my_blink/CMakeFiles/my_blink.dir/C_/PicoSDK/pico-sdk/src/rp2_common/hardware_clocks/clocks.c.obj
                0x100021a8                clocks_init
 .text.clock_get_hz
                0x100022a8        0xc my_blink/CMakeFiles/my_blink.dir/C_/PicoSDK/pico-sdk/src/rp2_common/hardware_clocks/clocks.c.obj
                0x100022a8                clock_get_hz
 .text.pll_init
                0x100022b4      0x12c my_blink/CMakeFiles/my_blink.dir/C_/PicoSDK/pico-sdk/src/rp2_common/hardware_pll/pll.c.obj
                0x100022b4                pll_init
 .text.watchdog_start_tick
                0x100023e0       0x10 my_blink/CMakeFiles/my_blink.dir/C_/PicoSDK/pico-sdk/src/rp2_common/hardware_watchdog/watchdog.c.obj
                0x100023e0                watchdog_start_tick
 .text.xosc_init
                0x100023f0       0x28 my_blink/CMakeFiles/my_blink.dir/C_/PicoSDK/pico-sdk/src/rp2_common/hardware_xosc/xosc.c.obj
                0x100023f0                xosc_init
 .text._exit    0x10002418        0x4 my_blink/CMakeFiles/my_blink.dir/C_/PicoSDK/pico-sdk/src/rp2_common/pico_runtime/runtime.c.obj
                0x10002418                _exit
 .text.exit     0x1000241c        0x6 my_blink/CMakeFiles/my_blink.dir/C_/PicoSDK/pico-sdk/src/rp2_common/pico_runtime/runtime.c.obj
                0x1000241c                exit
 *fill*         0x10002422        0x2 
 .text.__assert_func
                0x10002424       0x3c my_blink/CMakeFiles/my_blink.dir/C_/PicoSDK/pico-sdk/src/rp2_common/pico_runtime/runtime.c.obj
                0x10002424                __assert_func
 .text.runtime_init
                0x10002460       0xf8 my_blink/CMakeFiles/my_blink.dir/C_/PicoSDK/pico-sdk/src/rp2_common/pico_runtime/runtime.c.obj
                0x10002460                runtime_init
 .text.panic    0x10002558       0x30 my_blink/CMakeFiles/my_blink.dir/C_/PicoSDK/pico-sdk/src/rp2_common/pico_runtime/runtime.c.obj
                0x10002558                panic
 .text.panic_unsupported
                0x10002588        0xc my_blink/CMakeFiles/my_blink.dir/C_/PicoSDK/pico-sdk/src/rp2_common/pico_runtime/runtime.c.obj
                0x10002588                panic_unsupported
 .text._out_null
                0x10002594        0x2 my_blink/CMakeFiles/my_blink.dir/C_/PicoSDK/pico-sdk/src/rp2_common/pico_printf/printf.c.obj
 .text._out_fct
                0x10002596        0xe my_blink/CMakeFiles/my_blink.dir/C_/PicoSDK/pico-sdk/src/rp2_common/pico_printf/printf.c.obj
 .text._atoi    0x100025a4       0x24 my_blink/CMakeFiles/my_blink.dir/C_/PicoSDK/pico-sdk/src/rp2_common/pico_printf/printf.c.obj
 .text._out_rev
                0x100025c8       0xae my_blink/CMakeFiles/my_blink.dir/C_/PicoSDK/pico-sdk/src/rp2_common/pico_printf/printf.c.obj
 .text._ntoa_format
                0x10002676      0x112 my_blink/CMakeFiles/my_blink.dir/C_/PicoSDK/pico-sdk/src/rp2_common/pico_printf/printf.c.obj
 .text._ntoa_long
                0x10002788       0xbc my_blink/CMakeFiles/my_blink.dir/C_/PicoSDK/pico-sdk/src/rp2_common/pico_printf/printf.c.obj
 .text._ntoa_long_long
                0x10002844       0xe2 my_blink/CMakeFiles/my_blink.dir/C_/PicoSDK/pico-sdk/src/rp2_common/pico_printf/printf.c.obj
 *fill*         0x10002926        0x2 
 .text._etoa    0x10002928      0x414 my_blink/CMakeFiles/my_blink.dir/C_/PicoSDK/pico-sdk/src/rp2_common/pico_printf/printf.c.obj
 .text._ftoa    0x10002d3c      0x354 my_blink/CMakeFiles/my_blink.dir/C_/PicoSDK/pico-sdk/src/rp2_common/pico_printf/printf.c.obj
 .text._vsnprintf
                0x10003090      0x624 my_blink/CMakeFiles/my_blink.dir/C_/PicoSDK/pico-sdk/src/rp2_common/pico_printf/printf.c.obj
 .text.vfctprintf
                0x100036b4       0x20 my_blink/CMakeFiles/my_blink.dir/C_/PicoSDK/pico-sdk/src/rp2_common/pico_printf/printf.c.obj
                0x100036b4                vfctprintf
 .text          0x100036d4       0x10 my_blink/CMakeFiles/my_blink.dir/C_/PicoSDK/pico-sdk/src/rp2_common/pico_bit_ops/bit_ops_aeabi.S.obj
 .text.ctzsi    0x100036e4        0xc my_blink/CMakeFiles/my_blink.dir/C_/PicoSDK/pico-sdk/src/rp2_common/pico_bit_ops/bit_ops_aeabi.S.obj
                0x100036e4                __wrap___ctzsi2
 .text.rom_func_lookup
                0x100036f0       0x10 my_blink/CMakeFiles/my_blink.dir/C_/PicoSDK/pico-sdk/src/rp2_common/pico_bootrom/bootrom.c.obj
                0x100036f0                rom_func_lookup
 .text.rom_data_lookup
                0x10003700       0x10 my_blink/CMakeFiles/my_blink.dir/C_/PicoSDK/pico-sdk/src/rp2_common/pico_bootrom/bootrom.c.obj
                0x10003700                rom_data_lookup
 .text.rom_funcs_lookup
                0x10003710       0x36 my_blink/CMakeFiles/my_blink.dir/C_/PicoSDK/pico-sdk/src/rp2_common/pico_bootrom/bootrom.c.obj
                0x10003710                rom_funcs_lookup
 *fill*         0x10003746        0x2 
 .text.__wrap___aeabi_idiv
                0x10003748       0x50 my_blink/CMakeFiles/my_blink.dir/C_/PicoSDK/pico-sdk/src/rp2_common/pico_divider/divider.S.obj
                0x10003748                __wrap___aeabi_idivmod
                0x10003748                divmod_s32s32
                0x10003748                div_s32s32
                0x10003748                __wrap___aeabi_idiv
                0x10003750                divmod_s32s32_unsafe
                0x1000377c                divmod_s32s32_savestate
 .text.__wrap___aeabi_uidiv
                0x10003798       0x4c my_blink/CMakeFiles/my_blink.dir/C_/PicoSDK/pico-sdk/src/rp2_common/pico_divider/divider.S.obj
                0x10003798                __wrap___aeabi_uidiv
                0x10003798                __wrap___aeabi_uidivmod
                0x10003798                div_u32u32
                0x10003798                divmod_u32u32
                0x100037a0                divmod_u32u32_unsafe
                0x100037c8                divmod_u32u32_savestate
 .text.__wrap___aeabi_ldiv
                0x100037e4      0x424 my_blink/CMakeFiles/my_blink.dir/C_/PicoSDK/pico-sdk/src/rp2_common/pico_divider/divider.S.obj
                0x100037e4                div_s64s64
                0x100037e4                divmod_s64s64
                0x100037e4                __wrap___aeabi_ldivmod
                0x10003814                divmod_u64u64
                0x10003814                div_u64u64
                0x10003814                __wrap___aeabi_uldivmod
                0x10003824                divmod_u64u64_savestate
                0x10003844                divmod_s64s64_unsafe
                0x100038cc                divmod_u64u64_unsafe
 .text.__wrap___aeabi_darithmetic
                0x10003c08       0x60 my_blink/CMakeFiles/my_blink.dir/C_/PicoSDK/pico-sdk/src/rp2_common/pico_double/double_aeabi.S.obj
                0x10003c08                __wrap___aeabi_drsub
                0x10003c0e                __wrap___aeabi_dsub
                0x10003c18                __wrap___aeabi_dadd
                0x10003c22                __wrap___aeabi_ddiv
                0x10003c56                __wrap___aeabi_dmul
 .text.__wrap___aeabi_cdcmple
                0x10003c68       0x6c my_blink/CMakeFiles/my_blink.dir/C_/PicoSDK/pico-sdk/src/rp2_common/pico_double/double_aeabi.S.obj
                0x10003c68                __wrap___aeabi_cdrcmple
                0x10003c78                __wrap___aeabi_cdcmpeq
                0x10003c78                __wrap___aeabi_cdcmple
 .text.__wrap___aeabi_dcmplt
                0x10003cd4        0xc my_blink/CMakeFiles/my_blink.dir/C_/PicoSDK/pico-sdk/src/rp2_common/pico_double/double_aeabi.S.obj
                0x10003cd4                __wrap___aeabi_dcmplt
 .text.__wrap___aeabi_dcmple
                0x10003ce0       0x10 my_blink/CMakeFiles/my_blink.dir/C_/PicoSDK/pico-sdk/src/rp2_common/pico_double/double_aeabi.S.obj
                0x10003ce0                __wrap___aeabi_dcmple
 .text.__wrap___aeabi_dcmpge
                0x10003cf0       0x10 my_blink/CMakeFiles/my_blink.dir/C_/PicoSDK/pico-sdk/src/rp2_common/pico_double/double_aeabi.S.obj
                0x10003cf0                __wrap___aeabi_dcmpge
 .text.__wrap___aeabi_dcmpgt
                0x10003d00        0xa my_blink/CMakeFiles/my_blink.dir/C_/PicoSDK/pico-sdk/src/rp2_common/pico_double/double_aeabi.S.obj
                0x10003d00                __wrap___aeabi_dcmpgt
 .text.__wrap___aeabi_dcmpun
                0x10003d0a       0x1c my_blink/CMakeFiles/my_blink.dir/C_/PicoSDK/pico-sdk/src/rp2_common/pico_double/double_aeabi.S.obj
                0x10003d0a                __wrap___aeabi_dcmpun
 *fill*         0x10003d26        0x2 
 .text.__wrap___aeabi_i2d
                0x10003d28       0x38 my_blink/CMakeFiles/my_blink.dir/C_/PicoSDK/pico-sdk/src/rp2_common/pico_double/double_aeabi.S.obj
                0x10003d28                __wrap___aeabi_ui2d
                0x10003d30                __wrap___aeabi_i2d
 .text.__wrap___aeabi_d2iz
                0x10003d60       0x48 my_blink/CMakeFiles/my_blink.dir/C_/PicoSDK/pico-sdk/src/rp2_common/pico_double/double_aeabi.S.obj
                0x10003d60                double2int_z
                0x10003d60                __wrap___aeabi_d2iz
 .text.__wrap___aeabi_d2uiz
                0x10003da8       0x10 my_blink/CMakeFiles/my_blink.dir/C_/PicoSDK/pico-sdk/src/rp2_common/pico_double/double_aeabi.S.obj
                0x10003da8                __wrap___aeabi_d2uiz
                0x10003da8                double2uint
 .text.missing_double_func_shim
                0x10003db8        0xc my_blink/CMakeFiles/my_blink.dir/C_/PicoSDK/pico-sdk/src/rp2_common/pico_double/double_init_rom.c.obj
 .text.__aeabi_double_init
                0x10003dc4       0xcc my_blink/CMakeFiles/my_blink.dir/C_/PicoSDK/pico-sdk/src/rp2_common/pico_double/double_init_rom.c.obj
                0x10003dc4                __aeabi_double_init
 .text.double_table_shim_on_use_helper
                0x10003e90       0x34 my_blink/CMakeFiles/my_blink.dir/C_/PicoSDK/pico-sdk/src/rp2_common/pico_double/double_v1_rom_shim.S.obj
                0x10003e90                double_table_shim_on_use_helper
 .text.__aeabi_lmul
                0x10003ec4       0x32 my_blink/CMakeFiles/my_blink.dir/C_/PicoSDK/pico-sdk/src/rp2_common/pico_int64_ops/pico_int64_ops_aeabi.S.obj
                0x10003ec4                __wrap___aeabi_lmul
 *fill*         0x10003ef6        0x2 
 .text.missing_float_func_shim
                0x10003ef8        0xc my_blink/CMakeFiles/my_blink.dir/C_/PicoSDK/pico-sdk/src/rp2_common/pico_float/float_init_rom.c.obj
 .text.__aeabi_float_init
                0x10003f04       0x88 my_blink/CMakeFiles/my_blink.dir/C_/PicoSDK/pico-sdk/src/rp2_common/pico_float/float_init_rom.c.obj
                0x10003f04                __aeabi_float_init
 .text          0x10003f8c       0x10 my_blink/CMakeFiles/my_blink.dir/C_/PicoSDK/pico-sdk/src/rp2_common/pico_mem_ops/mem_ops_aeabi.S.obj
                0x10003f8c                __aeabi_mem_init
 .text.memset   0x10003f9c        0xc my_blink/CMakeFiles/my_blink.dir/C_/PicoSDK/pico-sdk/src/rp2_common/pico_mem_ops/mem_ops_aeabi.S.obj
                0x10003f9c                __wrap_memset
 .text.memcpy   0x10003fa8        0xc my_blink/CMakeFiles/my_blink.dir/C_/PicoSDK/pico-sdk/src/rp2_common/pico_mem_ops/mem_ops_aeabi.S.obj
                0x10003fa8                __wrap_memcpy
                0x10003fa8                __wrap___aeabi_memcpy
 .text.stdio_out_chars_no_crlf
                0x10003fb4        0xe my_blink/CMakeFiles/my_blink.dir/C_/PicoSDK/pico-sdk/src/rp2_common/pico_stdio/stdio.c.obj
 *fill*         0x10003fc2        0x2 
 .text.stdio_out_chars_crlf
                0x10003fc4       0x80 my_blink/CMakeFiles/my_blink.dir/C_/PicoSDK/pico-sdk/src/rp2_common/pico_stdio/stdio.c.obj
 .text.stdio_stack_buffer_flush
                0x10004044       0x44 my_blink/CMakeFiles/my_blink.dir/C_/PicoSDK/pico-sdk/src/rp2_common/pico_stdio/stdio.c.obj
 .text.stdio_buffered_printer
                0x10004088       0x20 my_blink/CMakeFiles/my_blink.dir/C_/PicoSDK/pico-sdk/src/rp2_common/pico_stdio/stdio.c.obj
 .text.stdout_serialize_begin
                0x100040a8       0x5c my_blink/CMakeFiles/my_blink.dir/C_/PicoSDK/pico-sdk/src/rp2_common/pico_stdio/stdio.c.obj
                0x100040a8                stdout_serialize_begin
 .text.stdout_serialize_end
                0x10004104       0x10 my_blink/CMakeFiles/my_blink.dir/C_/PicoSDK/pico-sdk/src/rp2_common/pico_stdio/stdio.c.obj
                0x10004104                stdout_serialize_end
 .text.stdio_put_string
                0x10004114       0x98 my_blink/CMakeFiles/my_blink.dir/C_/PicoSDK/pico-sdk/src/rp2_common/pico_stdio/stdio.c.obj
 .text.stdio_set_driver_enabled
                0x100041ac       0x2c my_blink/CMakeFiles/my_blink.dir/C_/PicoSDK/pico-sdk/src/rp2_common/pico_stdio/stdio.c.obj
                0x100041ac                stdio_set_driver_enabled
 .text.stdio_flush
                0x100041d8       0x20 my_blink/CMakeFiles/my_blink.dir/C_/PicoSDK/pico-sdk/src/rp2_common/pico_stdio/stdio.c.obj
                0x100041d8                stdio_flush
 .text.__wrap_puts
                0x100041f8       0x1e my_blink/CMakeFiles/my_blink.dir/C_/PicoSDK/pico-sdk/src/rp2_common/pico_stdio/stdio.c.obj
                0x100041f8                __wrap_puts
 *fill*         0x10004216        0x2 
 .text.__wrap_vprintf
                0x10004218       0x40 my_blink/CMakeFiles/my_blink.dir/C_/PicoSDK/pico-sdk/src/rp2_common/pico_stdio/stdio.c.obj
                0x10004218                __wrap_vprintf
 .text.__wrap_printf
                0x10004258       0x18 my_blink/CMakeFiles/my_blink.dir/C_/PicoSDK/pico-sdk/src/rp2_common/pico_stdio/stdio.c.obj
                0x10004258                __wrap_printf
 .text.stdio_init_all
                0x10004270        0xa my_blink/CMakeFiles/my_blink.dir/C_/PicoSDK/pico-sdk/src/rp2_common/pico_stdio/stdio.c.obj
                0x10004270                stdio_init_all
 *fill*         0x1000427a        0x2 
 .text.stdio_uart_out_chars
                0x1000427c       0x74 my_blink/CMakeFiles/my_blink.dir/C_/PicoSDK/pico-sdk/src/rp2_common/pico_stdio_uart/stdio_uart.c.obj
 .text.stdio_uart_in_chars
                0x100042f0       0x80 my_blink/CMakeFiles/my_blink.dir/C_/PicoSDK/pico-sdk/src/rp2_common/pico_stdio_uart/stdio_uart.c.obj
                0x100042f0                stdio_uart_in_chars
 .text.on_uart_rx
                0x10004370       0x28 my_blink/CMakeFiles/my_blink.dir/C_/PicoSDK/pico-sdk/src/rp2_common/pico_stdio_uart/stdio_uart.c.obj
 .text.stdio_uart_set_chars_available_callback
                0x10004398       0x8c my_blink/CMakeFiles/my_blink.dir/C_/PicoSDK/pico-sdk/src/rp2_common/pico_stdio_uart/stdio_uart.c.obj
 .text.stdio_uart_init_full
                0x10004424       0x44 my_blink/CMakeFiles/my_blink.dir/C_/PicoSDK/pico-sdk/src/rp2_common/pico_stdio_uart/stdio_uart.c.obj
                0x10004424                stdio_uart_init_full
 .text.stdio_uart_init
                0x10004468       0x28 my_blink/CMakeFiles/my_blink.dir/C_/PicoSDK/pico-sdk/src/rp2_common/pico_stdio_uart/stdio_uart.c.obj
                0x10004468                stdio_uart_init
 .text.cyw43_arch_set_async_context
                0x10004490        0xc my_blink/CMakeFiles/my_blink.dir/C_/PicoSDK/pico-sdk/src/rp2_common/pico_cyw43_arch/cyw43_arch.c.obj
                0x10004490                cyw43_arch_set_async_context
 .text.cyw43_arch_gpio_put
                0x1000449c       0x14 my_blink/CMakeFiles/my_blink.dir/C_/PicoSDK/pico-sdk/src/rp2_common/pico_cyw43_arch/cyw43_arch.c.obj
                0x1000449c                cyw43_arch_gpio_put
 .text.cyw43_arch_async_context
                0x100044b0        0xc my_blink/CMakeFiles/my_blink.dir/C_/PicoSDK/pico-sdk/src/rp2_common/pico_cyw43_arch/cyw43_arch.c.obj
                0x100044b0                cyw43_arch_async_context
 .text.cyw43_arch_init_default_async_context
                0x100044bc       0x20 my_blink/CMakeFiles/my_blink.dir/C_/PicoSDK/pico-sdk/src/rp2_common/pico_cyw43_arch/cyw43_arch_threadsafe_background.c.obj
                0x100044bc                cyw43_arch_init_default_async_context
 .text.cyw43_arch_deinit
                0x100044dc       0x28 my_blink/CMakeFiles/my_blink.dir/C_/PicoSDK/pico-sdk/src/rp2_common/pico_cyw43_arch/cyw43_arch_threadsafe_background.c.obj
                0x100044dc                cyw43_arch_deinit
 .text.cyw43_arch_init
                0x10004504       0x36 my_blink/CMakeFiles/my_blink.dir/C_/PicoSDK/pico-sdk/src/rp2_common/pico_cyw43_arch/cyw43_arch_threadsafe_background.c.obj
                0x10004504                cyw43_arch_init
 *fill*         0x1000453a        0x2 
 .text._retrieve_unique_id_on_boot
                0x1000453c       0x10 my_blink/CMakeFiles/my_blink.dir/C_/PicoSDK/pico-sdk/src/rp2_common/pico_unique_id/unique_id.c.obj
 .text.pico_get_unique_board_id
                0x1000454c       0x10 my_blink/CMakeFiles/my_blink.dir/C_/PicoSDK/pico-sdk/src/rp2_common/pico_unique_id/unique_id.c.obj
                0x1000454c                pico_get_unique_board_id
 .text.flash_get_unique_id
                0x1000455c       0x46 my_blink/CMakeFiles/my_blink.dir/C_/PicoSDK/pico-sdk/src/rp2_common/hardware_flash/flash.c.obj
                0x1000455c                flash_get_unique_id
 .text.cs_set   0x100045a2       0x1c my_blink/CMakeFiles/my_blink.dir/C_/PicoSDK/pico-sdk/src/rp2_common/pico_cyw43_driver/cyw43_bus_pio_spi.c.obj
 .text.start_spi_comms
                0x100045be       0x2a my_blink/CMakeFiles/my_blink.dir/C_/PicoSDK/pico-sdk/src/rp2_common/pico_cyw43_driver/cyw43_bus_pio_spi.c.obj
 .text.ns_delay
                0x100045e8       0x20 my_blink/CMakeFiles/my_blink.dir/C_/PicoSDK/pico-sdk/src/rp2_common/pico_cyw43_driver/cyw43_bus_pio_spi.c.obj
 .text.stop_spi_comms
                0x10004608       0x10 my_blink/CMakeFiles/my_blink.dir/C_/PicoSDK/pico-sdk/src/rp2_common/pico_cyw43_driver/cyw43_bus_pio_spi.c.obj
 .text.cyw43_spi_deinit
                0x10004618       0x64 my_blink/CMakeFiles/my_blink.dir/C_/PicoSDK/pico-sdk/src/rp2_common/pico_cyw43_driver/cyw43_bus_pio_spi.c.obj
                0x10004618                cyw43_spi_deinit
 .text.cyw43_spi_init
                0x1000467c      0x284 my_blink/CMakeFiles/my_blink.dir/C_/PicoSDK/pico-sdk/src/rp2_common/pico_cyw43_driver/cyw43_bus_pio_spi.c.obj
                0x1000467c                cyw43_spi_init
 .text.cyw43_spi_transfer
                0x10004900      0x6a4 my_blink/CMakeFiles/my_blink.dir/C_/PicoSDK/pico-sdk/src/rp2_common/pico_cyw43_driver/cyw43_bus_pio_spi.c.obj
                0x10004900                cyw43_spi_transfer
 .text.cyw43_spi_gpio_setup
                0x10004fa4       0x3a my_blink/CMakeFiles/my_blink.dir/C_/PicoSDK/pico-sdk/src/rp2_common/pico_cyw43_driver/cyw43_bus_pio_spi.c.obj
                0x10004fa4                cyw43_spi_gpio_setup
 .text.cyw43_spi_reset
                0x10004fde       0x28 my_blink/CMakeFiles/my_blink.dir/C_/PicoSDK/pico-sdk/src/rp2_common/pico_cyw43_driver/cyw43_bus_pio_spi.c.obj
                0x10004fde                cyw43_spi_reset
 *fill*         0x10005006        0x2 
 .text.read_reg_u32_swap
                0x10005008       0x68 my_blink/CMakeFiles/my_blink.dir/C_/PicoSDK/pico-sdk/src/rp2_common/pico_cyw43_driver/cyw43_bus_pio_spi.c.obj
                0x10005008                read_reg_u32_swap
 .text.cyw43_read_reg_u32
                0x10005070       0x50 my_blink/CMakeFiles/my_blink.dir/C_/PicoSDK/pico-sdk/src/rp2_common/pico_cyw43_driver/cyw43_bus_pio_spi.c.obj
                0x10005070                cyw43_read_reg_u32
 .text.cyw43_read_reg_u16
                0x100050c0       0x50 my_blink/CMakeFiles/my_blink.dir/C_/PicoSDK/pico-sdk/src/rp2_common/pico_cyw43_driver/cyw43_bus_pio_spi.c.obj
                0x100050c0                cyw43_read_reg_u16
 .text.cyw43_read_reg_u8
                0x10005110       0x50 my_blink/CMakeFiles/my_blink.dir/C_/PicoSDK/pico-sdk/src/rp2_common/pico_cyw43_driver/cyw43_bus_pio_spi.c.obj
                0x10005110                cyw43_read_reg_u8
 .text.write_reg_u32_swap
                0x10005160       0x34 my_blink/CMakeFiles/my_blink.dir/C_/PicoSDK/pico-sdk/src/rp2_common/pico_cyw43_driver/cyw43_bus_pio_spi.c.obj
                0x10005160                write_reg_u32_swap
 .text.cyw43_write_reg_u32
                0x10005194       0x58 my_blink/CMakeFiles/my_blink.dir/C_/PicoSDK/pico-sdk/src/rp2_common/pico_cyw43_driver/cyw43_bus_pio_spi.c.obj
                0x10005194                cyw43_write_reg_u32
 .text.cyw43_write_reg_u16
                0x100051ec       0x58 my_blink/CMakeFiles/my_blink.dir/C_/PicoSDK/pico-sdk/src/rp2_common/pico_cyw43_driver/cyw43_bus_pio_spi.c.obj
                0x100051ec                cyw43_write_reg_u16
 .text.cyw43_write_reg_u8
                0x10005244       0x58 my_blink/CMakeFiles/my_blink.dir/C_/PicoSDK/pico-sdk/src/rp2_common/pico_cyw43_driver/cyw43_bus_pio_spi.c.obj
                0x10005244                cyw43_write_reg_u8
 .text.cyw43_read_bytes
                0x1000529c       0xfc my_blink/CMakeFiles/my_blink.dir/C_/PicoSDK/pico-sdk/src/rp2_common/pico_cyw43_driver/cyw43_bus_pio_spi.c.obj
                0x1000529c                cyw43_read_bytes
 .text.cyw43_write_bytes
                0x10005398      0x134 my_blink/CMakeFiles/my_blink.dir/C_/PicoSDK/pico-sdk/src/rp2_common/pico_cyw43_driver/cyw43_bus_pio_spi.c.obj
                0x10005398                cyw43_write_bytes
 .text.get_core_address
                0x100054cc       0x1c my_blink/CMakeFiles/my_blink.dir/C_/PicoSDK/pico-sdk/lib/cyw43-driver/src/cyw43_ll.c.obj
 .text.sdpcm_process_rx_packet
                0x100054e8      0x180 my_blink/CMakeFiles/my_blink.dir/C_/PicoSDK/pico-sdk/lib/cyw43-driver/src/cyw43_ll.c.obj
 .text.cyw43_ll_wifi_parse_scan_result
                0x10005668       0x9c my_blink/CMakeFiles/my_blink.dir/C_/PicoSDK/pico-sdk/lib/cyw43-driver/src/cyw43_ll.c.obj
 .text.cyw43_ll_parse_async_event
                0x10005704       0x8e my_blink/CMakeFiles/my_blink.dir/C_/PicoSDK/pico-sdk/lib/cyw43-driver/src/cyw43_ll.c.obj
 *fill*         0x10005792        0x2 
 .text.cyw43_read_reg
                0x10005794       0x48 my_blink/CMakeFiles/my_blink.dir/C_/PicoSDK/pico-sdk/lib/cyw43-driver/src/cyw43_ll.c.obj
 .text.cyw43_kso_set
                0x100057dc       0x98 my_blink/CMakeFiles/my_blink.dir/C_/PicoSDK/pico-sdk/lib/cyw43-driver/src/cyw43_ll.c.obj
 .text.cyw43_ll_bus_sleep_helper
                0x10005874        0xe my_blink/CMakeFiles/my_blink.dir/C_/PicoSDK/pico-sdk/lib/cyw43-driver/src/cyw43_ll.c.obj
 *fill*         0x10005882        0x2 
 .text.cyw43_write_reg
                0x10005884       0x4c my_blink/CMakeFiles/my_blink.dir/C_/PicoSDK/pico-sdk/lib/cyw43-driver/src/cyw43_ll.c.obj
 .text.cyw43_set_backplane_window
                0x100058d0       0x74 my_blink/CMakeFiles/my_blink.dir/C_/PicoSDK/pico-sdk/lib/cyw43-driver/src/cyw43_ll.c.obj
 .text.cyw43_read_backplane
                0x10005944       0x36 my_blink/CMakeFiles/my_blink.dir/C_/PicoSDK/pico-sdk/lib/cyw43-driver/src/cyw43_ll.c.obj
 *fill*         0x1000597a        0x2 
 .text.disable_device_core
                0x1000597c       0x3c my_blink/CMakeFiles/my_blink.dir/C_/PicoSDK/pico-sdk/lib/cyw43-driver/src/cyw43_ll.c.obj
 .text.device_core_is_up
                0x100059b8       0x4c my_blink/CMakeFiles/my_blink.dir/C_/PicoSDK/pico-sdk/lib/cyw43-driver/src/cyw43_ll.c.obj
 .text.cyw43_write_backplane
                0x10005a04       0x3a my_blink/CMakeFiles/my_blink.dir/C_/PicoSDK/pico-sdk/lib/cyw43-driver/src/cyw43_ll.c.obj
 .text.reset_device_core
                0x10005a3e       0x74 my_blink/CMakeFiles/my_blink.dir/C_/PicoSDK/pico-sdk/lib/cyw43-driver/src/cyw43_ll.c.obj
 *fill*         0x10005ab2        0x2 
 .text.cyw43_download_resource
                0x10005ab4      0x178 my_blink/CMakeFiles/my_blink.dir/C_/PicoSDK/pico-sdk/lib/cyw43-driver/src/cyw43_ll.c.obj
 .text.cyw43_ll_init
                0x10005c2c       0x1e my_blink/CMakeFiles/my_blink.dir/C_/PicoSDK/pico-sdk/lib/cyw43-driver/src/cyw43_ll.c.obj
                0x10005c2c                cyw43_ll_init
 .text.cyw43_ll_deinit
                0x10005c4a        0x8 my_blink/CMakeFiles/my_blink.dir/C_/PicoSDK/pico-sdk/lib/cyw43-driver/src/cyw43_ll.c.obj
                0x10005c4a                cyw43_ll_deinit
 .text.cyw43_ll_bus_sleep
                0x10005c52       0x34 my_blink/CMakeFiles/my_blink.dir/C_/PicoSDK/pico-sdk/lib/cyw43-driver/src/cyw43_ll.c.obj
                0x10005c52                cyw43_ll_bus_sleep
 *fill*         0x10005c86        0x2 
 .text.cyw43_ll_sdpcm_poll_device
                0x10005c88      0x158 my_blink/CMakeFiles/my_blink.dir/C_/PicoSDK/pico-sdk/lib/cyw43-driver/src/cyw43_ll.c.obj
 .text.cyw43_ll_process_packets
                0x10005de0       0x58 my_blink/CMakeFiles/my_blink.dir/C_/PicoSDK/pico-sdk/lib/cyw43-driver/src/cyw43_ll.c.obj
                0x10005de0                cyw43_ll_process_packets
 .text.cyw43_sdpcm_send_common
                0x10005e38      0x168 my_blink/CMakeFiles/my_blink.dir/C_/PicoSDK/pico-sdk/lib/cyw43-driver/src/cyw43_ll.c.obj
 .text.cyw43_send_ioctl
                0x10005fa0       0x56 my_blink/CMakeFiles/my_blink.dir/C_/PicoSDK/pico-sdk/lib/cyw43-driver/src/cyw43_ll.c.obj
 *fill*         0x10005ff6        0x2 
 .text.cyw43_do_ioctl
                0x10005ff8       0xc0 my_blink/CMakeFiles/my_blink.dir/C_/PicoSDK/pico-sdk/lib/cyw43-driver/src/cyw43_ll.c.obj
 .text.cyw43_ll_ioctl
                0x100060b8       0x1e my_blink/CMakeFiles/my_blink.dir/C_/PicoSDK/pico-sdk/lib/cyw43-driver/src/cyw43_ll.c.obj
                0x100060b8                cyw43_ll_ioctl
 *fill*         0x100060d6        0x2 
 .text.cyw43_clm_load
                0x100060d8       0xdc my_blink/CMakeFiles/my_blink.dir/C_/PicoSDK/pico-sdk/lib/cyw43-driver/src/cyw43_ll.c.obj
 .text.cyw43_write_iovar_u32
                0x100061b4       0x60 my_blink/CMakeFiles/my_blink.dir/C_/PicoSDK/pico-sdk/lib/cyw43-driver/src/cyw43_ll.c.obj
 .text.cyw43_write_iovar_n
                0x10006214       0x50 my_blink/CMakeFiles/my_blink.dir/C_/PicoSDK/pico-sdk/lib/cyw43-driver/src/cyw43_ll.c.obj
 .text.cyw43_set_ioctl_u32
                0x10006264       0x30 my_blink/CMakeFiles/my_blink.dir/C_/PicoSDK/pico-sdk/lib/cyw43-driver/src/cyw43_ll.c.obj
 .text.cyw43_write_iovar_u32_u32
                0x10006294       0x74 my_blink/CMakeFiles/my_blink.dir/C_/PicoSDK/pico-sdk/lib/cyw43-driver/src/cyw43_ll.c.obj
 .text.cyw43_ll_wifi_get_mac
                0x10006308       0x48 my_blink/CMakeFiles/my_blink.dir/C_/PicoSDK/pico-sdk/lib/cyw43-driver/src/cyw43_ll.c.obj
                0x10006308                cyw43_ll_wifi_get_mac
 .text.cyw43_ll_bus_init
                0x10006350      0x360 my_blink/CMakeFiles/my_blink.dir/C_/PicoSDK/pico-sdk/lib/cyw43-driver/src/cyw43_ll.c.obj
                0x10006350                cyw43_ll_bus_init
 .text.cyw43_ll_wifi_set_wpa_auth
                0x100066b0        0xe my_blink/CMakeFiles/my_blink.dir/C_/PicoSDK/pico-sdk/lib/cyw43-driver/src/cyw43_ll.c.obj
                0x100066b0                cyw43_ll_wifi_set_wpa_auth
 *fill*         0x100066be        0x2 
 .text.cyw43_ll_wifi_rejoin
                0x100066c0       0x20 my_blink/CMakeFiles/my_blink.dir/C_/PicoSDK/pico-sdk/lib/cyw43-driver/src/cyw43_ll.c.obj
                0x100066c0                cyw43_ll_wifi_rejoin
 .text.cyw43_ll_gpio_set
                0x100066e0       0x30 my_blink/CMakeFiles/my_blink.dir/C_/PicoSDK/pico-sdk/lib/cyw43-driver/src/cyw43_ll.c.obj
                0x100066e0                cyw43_ll_gpio_set
 .text.cyw43_ll_has_work
                0x10006710       0x12 my_blink/CMakeFiles/my_blink.dir/C_/PicoSDK/pico-sdk/lib/cyw43-driver/src/cyw43_ll.c.obj
                0x10006710                cyw43_ll_has_work
 *fill*         0x10006722        0x2 
 .text.cyw43_poll_func
                0x10006724       0xac my_blink/CMakeFiles/my_blink.dir/C_/PicoSDK/pico-sdk/lib/cyw43-driver/src/cyw43_ctrl.c.obj
 .text.cyw43_dump_async_event
                0x100067d0       0x8c my_blink/CMakeFiles/my_blink.dir/C_/PicoSDK/pico-sdk/lib/cyw43-driver/src/cyw43_ctrl.c.obj
 .text.cyw43_ensure_up
                0x1000685c       0xec my_blink/CMakeFiles/my_blink.dir/C_/PicoSDK/pico-sdk/lib/cyw43-driver/src/cyw43_ctrl.c.obj
 .text.cyw43_init
                0x10006948       0x90 my_blink/CMakeFiles/my_blink.dir/C_/PicoSDK/pico-sdk/lib/cyw43-driver/src/cyw43_ctrl.c.obj
                0x10006948                cyw43_init
 .text.cyw43_deinit
                0x100069d8       0x3c my_blink/CMakeFiles/my_blink.dir/C_/PicoSDK/pico-sdk/lib/cyw43-driver/src/cyw43_ctrl.c.obj
                0x100069d8                cyw43_deinit
 .text.cyw43_cb_read_host_interrupt_pin
                0x10006a14        0xe my_blink/CMakeFiles/my_blink.dir/C_/PicoSDK/pico-sdk/lib/cyw43-driver/src/cyw43_ctrl.c.obj
                0x10006a14                cyw43_cb_read_host_interrupt_pin
 *fill*         0x10006a22        0x2 
 .text.cyw43_cb_ensure_awake
                0x10006a24        0xc my_blink/CMakeFiles/my_blink.dir/C_/PicoSDK/pico-sdk/lib/cyw43-driver/src/cyw43_ctrl.c.obj
                0x10006a24                cyw43_cb_ensure_awake
 .text.cyw43_cb_process_async_event
                0x10006a30      0x1d0 my_blink/CMakeFiles/my_blink.dir/C_/PicoSDK/pico-sdk/lib/cyw43-driver/src/cyw43_ctrl.c.obj
                0x10006a30                cyw43_cb_process_async_event
 .text.cyw43_gpio_set
                0x10006c00       0x30 my_blink/CMakeFiles/my_blink.dir/C_/PicoSDK/pico-sdk/lib/cyw43-driver/src/cyw43_ctrl.c.obj
                0x10006c00                cyw43_gpio_set
 .text._pio_can_add_program_at_offset
                0x10006c30       0x3c my_blink/CMakeFiles/my_blink.dir/C_/PicoSDK/pico-sdk/src/rp2_common/hardware_pio/pio.c.obj
 .text._pio_find_offset_for_program
                0x10006c6c       0x7c my_blink/CMakeFiles/my_blink.dir/C_/PicoSDK/pico-sdk/src/rp2_common/hardware_pio/pio.c.obj
 .text._pio_add_program_at_offset
                0x10006ce8       0x78 my_blink/CMakeFiles/my_blink.dir/C_/PicoSDK/pico-sdk/src/rp2_common/hardware_pio/pio.c.obj
 .text.pio_sm_unclaim
                0x10006d60       0x20 my_blink/CMakeFiles/my_blink.dir/C_/PicoSDK/pico-sdk/src/rp2_common/hardware_pio/pio.c.obj
                0x10006d60                pio_sm_unclaim
 .text.pio_claim_unused_sm
                0x10006d80       0x3c my_blink/CMakeFiles/my_blink.dir/C_/PicoSDK/pico-sdk/src/rp2_common/hardware_pio/pio.c.obj
                0x10006d80                pio_claim_unused_sm
 .text.pio_can_add_program
                0x10006dbc       0x26 my_blink/CMakeFiles/my_blink.dir/C_/PicoSDK/pico-sdk/src/rp2_common/hardware_pio/pio.c.obj
                0x10006dbc                pio_can_add_program
 *fill*         0x10006de2        0x2 
 .text.pio_add_program
                0x10006de4       0x38 my_blink/CMakeFiles/my_blink.dir/C_/PicoSDK/pico-sdk/src/rp2_common/hardware_pio/pio.c.obj
                0x10006de4                pio_add_program
 .text.pio_remove_program
                0x10006e1c       0x58 my_blink/CMakeFiles/my_blink.dir/C_/PicoSDK/pico-sdk/src/rp2_common/hardware_pio/pio.c.obj
                0x10006e1c                pio_remove_program
 .text.pio_sm_set_pindirs_with_mask
                0x10006e74       0x9c my_blink/CMakeFiles/my_blink.dir/C_/PicoSDK/pico-sdk/src/rp2_common/hardware_pio/pio.c.obj
                0x10006e74                pio_sm_set_pindirs_with_mask
 .text.pio_sm_set_consecutive_pindirs
                0x10006f10       0xa4 my_blink/CMakeFiles/my_blink.dir/C_/PicoSDK/pico-sdk/src/rp2_common/hardware_pio/pio.c.obj
                0x10006f10                pio_sm_set_consecutive_pindirs
 .text.dma_channel_unclaim
                0x10006fb4       0x10 my_blink/CMakeFiles/my_blink.dir/C_/PicoSDK/pico-sdk/src/rp2_common/hardware_dma/dma.c.obj
                0x10006fb4                dma_channel_unclaim
 .text.dma_claim_unused_channel
                0x10006fc4       0x20 my_blink/CMakeFiles/my_blink.dir/C_/PicoSDK/pico-sdk/src/rp2_common/hardware_dma/dma.c.obj
                0x10006fc4                dma_claim_unused_channel
 .text.cyw43_sleep_timeout_reached
                0x10006fe4       0x50 my_blink/CMakeFiles/my_blink.dir/C_/PicoSDK/pico-sdk/src/rp2_common/pico_cyw43_driver/cyw43_driver.c.obj
 .text.cyw43_set_irq_enabled
                0x10007034        0xe my_blink/CMakeFiles/my_blink.dir/C_/PicoSDK/pico-sdk/src/rp2_common/pico_cyw43_driver/cyw43_driver.c.obj
 *fill*         0x10007042        0x2 
 .text.cyw43_irq_init
                0x10007044       0x50 my_blink/CMakeFiles/my_blink.dir/C_/PicoSDK/pico-sdk/src/rp2_common/pico_cyw43_driver/cyw43_driver.c.obj
                0x10007044                cyw43_irq_init
 .text.cyw43_gpio_irq_handler
                0x10007094       0x40 my_blink/CMakeFiles/my_blink.dir/C_/PicoSDK/pico-sdk/src/rp2_common/pico_cyw43_driver/cyw43_driver.c.obj
 .text.cyw43_irq_deinit
                0x100070d4       0x48 my_blink/CMakeFiles/my_blink.dir/C_/PicoSDK/pico-sdk/src/rp2_common/pico_cyw43_driver/cyw43_driver.c.obj
                0x100070d4                cyw43_irq_deinit
 .text.no_lwip_fail
                0x1000711c        0xc my_blink/CMakeFiles/my_blink.dir/C_/PicoSDK/pico-sdk/src/rp2_common/pico_cyw43_driver/cyw43_driver.c.obj
 .text.cyw43_do_poll
                0x10007128       0xc8 my_blink/CMakeFiles/my_blink.dir/C_/PicoSDK/pico-sdk/src/rp2_common/pico_cyw43_driver/cyw43_driver.c.obj
 .text.cyw43_post_poll_hook
                0x100071f0       0x38 my_blink/CMakeFiles/my_blink.dir/C_/PicoSDK/pico-sdk/src/rp2_common/pico_cyw43_driver/cyw43_driver.c.obj
                0x100071f0                cyw43_post_poll_hook
 .text.cyw43_schedule_internal_poll_dispatch
                0x10007228       0x3c my_blink/CMakeFiles/my_blink.dir/C_/PicoSDK/pico-sdk/src/rp2_common/pico_cyw43_driver/cyw43_driver.c.obj
                0x10007228                cyw43_schedule_internal_poll_dispatch
 .text.cyw43_driver_init
                0x10007264       0x38 my_blink/CMakeFiles/my_blink.dir/C_/PicoSDK/pico-sdk/src/rp2_common/pico_cyw43_driver/cyw43_driver.c.obj
                0x10007264                cyw43_driver_init
 .text.cyw43_driver_deinit
                0x1000729c       0x64 my_blink/CMakeFiles/my_blink.dir/C_/PicoSDK/pico-sdk/src/rp2_common/pico_cyw43_driver/cyw43_driver.c.obj
                0x1000729c                cyw43_driver_deinit
 .text.storage_read_blocks
                0x10007300        0x6 my_blink/CMakeFiles/my_blink.dir/C_/PicoSDK/pico-sdk/src/rp2_common/pico_cyw43_driver/cyw43_driver.c.obj
                0x10007300                storage_read_blocks
 *fill*         0x10007306        0x2 
 .text.cyw43_hal_generate_laa_mac
                0x10007308       0x34 my_blink/CMakeFiles/my_blink.dir/C_/PicoSDK/pico-sdk/src/rp2_common/pico_cyw43_driver/cyw43_driver.c.obj
                0x10007308                cyw43_hal_generate_laa_mac
 .text.cyw43_thread_enter
                0x1000733c       0x14 my_blink/CMakeFiles/my_blink.dir/C_/PicoSDK/pico-sdk/src/rp2_common/pico_cyw43_driver/cyw43_driver.c.obj
                0x1000733c                cyw43_thread_enter
 .text.cyw43_thread_exit
                0x10007350       0x14 my_blink/CMakeFiles/my_blink.dir/C_/PicoSDK/pico-sdk/src/rp2_common/pico_cyw43_driver/cyw43_driver.c.obj
                0x10007350                cyw43_thread_exit
 .text.cyw43_thread_lock_check
                0x10007364       0x14 my_blink/CMakeFiles/my_blink.dir/C_/PicoSDK/pico-sdk/src/rp2_common/pico_cyw43_driver/cyw43_driver.c.obj
                0x10007364                cyw43_thread_lock_check
 .text.cyw43_await_background_or_timeout_us
                0x10007378       0x60 my_blink/CMakeFiles/my_blink.dir/C_/PicoSDK/pico-sdk/src/rp2_common/pico_cyw43_driver/cyw43_driver.c.obj
                0x10007378                cyw43_await_background_or_timeout_us
 .text.cyw43_delay_ms
                0x100073d8       0x70 my_blink/CMakeFiles/my_blink.dir/C_/PicoSDK/pico-sdk/src/rp2_common/pico_cyw43_driver/cyw43_driver.c.obj
                0x100073d8                cyw43_delay_ms
 .text.cyw43_cb_tcpip_deinit
                0x10007448        0x2 my_blink/CMakeFiles/my_blink.dir/C_/PicoSDK/pico-sdk/src/rp2_common/pico_cyw43_driver/cyw43_driver.c.obj
                0x10007448                cyw43_cb_tcpip_deinit
 .text.cyw43_cb_tcpip_set_link_up
                0x1000744a        0x6 my_blink/CMakeFiles/my_blink.dir/C_/PicoSDK/pico-sdk/src/rp2_common/pico_cyw43_driver/cyw43_driver.c.obj
                0x1000744a                cyw43_cb_tcpip_set_link_up
 .text.cyw43_cb_tcpip_set_link_down
                0x10007450        0x6 my_blink/CMakeFiles/my_blink.dir/C_/PicoSDK/pico-sdk/src/rp2_common/pico_cyw43_driver/cyw43_driver.c.obj
                0x10007450                cyw43_cb_tcpip_set_link_down
 .text.cyw43_cb_process_ethernet
                0x10007456        0x6 my_blink/CMakeFiles/my_blink.dir/C_/PicoSDK/pico-sdk/src/rp2_common/pico_cyw43_driver/cyw43_driver.c.obj
                0x10007456                cyw43_cb_process_ethernet
 .text.async_context_threadsafe_background_acquire_lock_blocking
                0x1000745c        0xa my_blink/CMakeFiles/my_blink.dir/C_/PicoSDK/pico-sdk/src/rp2_common/pico_async_context/async_context_threadsafe_background.c.obj
 .text.async_context_threadsafe_background_wake_up
                0x10007466       0x16 my_blink/CMakeFiles/my_blink.dir/C_/PicoSDK/pico-sdk/src/rp2_common/pico_async_context/async_context_threadsafe_background.c.obj
 .text.alarm_handler
                0x1000747c       0x14 my_blink/CMakeFiles/my_blink.dir/C_/PicoSDK/pico-sdk/src/rp2_common/pico_async_context/async_context_threadsafe_background.c.obj
 .text.async_context_threadsafe_background_set_work_pending
                0x10007490        0xc my_blink/CMakeFiles/my_blink.dir/C_/PicoSDK/pico-sdk/src/rp2_common/pico_async_context/async_context_threadsafe_background.c.obj
 .text.async_context_threadsafe_background_lock_check
                0x1000749c       0x2c my_blink/CMakeFiles/my_blink.dir/C_/PicoSDK/pico-sdk/src/rp2_common/pico_async_context/async_context_threadsafe_background.c.obj
 .text.process_under_lock
                0x100074c8       0xfc my_blink/CMakeFiles/my_blink.dir/C_/PicoSDK/pico-sdk/src/rp2_common/pico_async_context/async_context_threadsafe_background.c.obj
 .text.lock_release
                0x100075c4       0x1e my_blink/CMakeFiles/my_blink.dir/C_/PicoSDK/pico-sdk/src/rp2_common/pico_async_context/async_context_threadsafe_background.c.obj
 .text.async_context_threadsafe_background_execute_sync
                0x100075e2       0x1e my_blink/CMakeFiles/my_blink.dir/C_/PicoSDK/pico-sdk/src/rp2_common/pico_async_context/async_context_threadsafe_background.c.obj
                0x100075e2                async_context_threadsafe_background_execute_sync
 .text.async_context_threadsafe_background_release_lock
                0x10007600        0x8 my_blink/CMakeFiles/my_blink.dir/C_/PicoSDK/pico-sdk/src/rp2_common/pico_async_context/async_context_threadsafe_background.c.obj
 .text.low_prio_irq_deinit
                0x10007608       0x50 my_blink/CMakeFiles/my_blink.dir/C_/PicoSDK/pico-sdk/src/rp2_common/pico_async_context/async_context_threadsafe_background.c.obj
 .text.async_context_threadsafe_background_deinit
                0x10007658       0x58 my_blink/CMakeFiles/my_blink.dir/C_/PicoSDK/pico-sdk/src/rp2_common/pico_async_context/async_context_threadsafe_background.c.obj
 .text.low_priority_irq_handler
                0x100076b0       0x78 my_blink/CMakeFiles/my_blink.dir/C_/PicoSDK/pico-sdk/src/rp2_common/pico_async_context/async_context_threadsafe_background.c.obj
 .text.async_context_threadsafe_background_wait_for_work_until
                0x10007728        0xa my_blink/CMakeFiles/my_blink.dir/C_/PicoSDK/pico-sdk/src/rp2_common/pico_async_context/async_context_threadsafe_background.c.obj
 .text.async_context_threadsafe_background_wait_until
                0x10007732       0x1a my_blink/CMakeFiles/my_blink.dir/C_/PicoSDK/pico-sdk/src/rp2_common/pico_async_context/async_context_threadsafe_background.c.obj
 .text.async_context_threadsafe_background_when_pending_worker
                0x1000774c       0x20 my_blink/CMakeFiles/my_blink.dir/C_/PicoSDK/pico-sdk/src/rp2_common/pico_async_context/async_context_threadsafe_background.c.obj
 .text.async_context_threadsafe_background_add_when_pending_worker
                0x1000776c       0x20 my_blink/CMakeFiles/my_blink.dir/C_/PicoSDK/pico-sdk/src/rp2_common/pico_async_context/async_context_threadsafe_background.c.obj
 .text.async_context_threadsafe_background_remove_at_time_worker
                0x1000778c       0x20 my_blink/CMakeFiles/my_blink.dir/C_/PicoSDK/pico-sdk/src/rp2_common/pico_async_context/async_context_threadsafe_background.c.obj
 .text.async_context_threadsafe_background_add_at_time_worker
                0x100077ac       0x20 my_blink/CMakeFiles/my_blink.dir/C_/PicoSDK/pico-sdk/src/rp2_common/pico_async_context/async_context_threadsafe_background.c.obj
 .text.low_prio_irq_init
                0x100077cc       0x80 my_blink/CMakeFiles/my_blink.dir/C_/PicoSDK/pico-sdk/src/rp2_common/pico_async_context/async_context_threadsafe_background.c.obj
 .text.async_context_threadsafe_background_default_config
                0x1000784c        0xa my_blink/CMakeFiles/my_blink.dir/C_/PicoSDK/pico-sdk/src/rp2_common/pico_async_context/async_context_threadsafe_background.c.obj
                0x1000784c                async_context_threadsafe_background_default_config
 *fill*         0x10007856        0x2 
 .text.async_context_threadsafe_background_init
                0x10007858       0x74 my_blink/CMakeFiles/my_blink.dir/C_/PicoSDK/pico-sdk/src/rp2_common/pico_async_context/async_context_threadsafe_background.c.obj
                0x10007858                async_context_threadsafe_background_init
 .text.async_context_base_add_at_time_worker
                0x100078cc       0x1c my_blink/CMakeFiles/my_blink.dir/C_/PicoSDK/pico-sdk/src/rp2_common/pico_async_context/async_context_base.c.obj
                0x100078cc                async_context_base_add_at_time_worker
 .text.async_context_base_remove_at_time_worker
                0x100078e8       0x1c my_blink/CMakeFiles/my_blink.dir/C_/PicoSDK/pico-sdk/src/rp2_common/pico_async_context/async_context_base.c.obj
                0x100078e8                async_context_base_remove_at_time_worker
 .text.async_context_base_add_when_pending_worker
                0x10007904       0x1c my_blink/CMakeFiles/my_blink.dir/C_/PicoSDK/pico-sdk/src/rp2_common/pico_async_context/async_context_base.c.obj
                0x10007904                async_context_base_add_when_pending_worker
 .text.async_context_base_remove_when_pending_worker
                0x10007920       0x1c my_blink/CMakeFiles/my_blink.dir/C_/PicoSDK/pico-sdk/src/rp2_common/pico_async_context/async_context_base.c.obj
                0x10007920                async_context_base_remove_when_pending_worker
 .text.async_context_base_remove_ready_at_time_worker
                0x1000793c       0x94 my_blink/CMakeFiles/my_blink.dir/C_/PicoSDK/pico-sdk/src/rp2_common/pico_async_context/async_context_base.c.obj
                0x1000793c                async_context_base_remove_ready_at_time_worker
 .text.async_context_base_refresh_next_timeout
                0x100079d0       0x4c my_blink/CMakeFiles/my_blink.dir/C_/PicoSDK/pico-sdk/src/rp2_common/pico_async_context/async_context_base.c.obj
                0x100079d0                async_context_base_refresh_next_timeout
 .text.async_context_base_execute_once
                0x10007a1c       0x48 my_blink/CMakeFiles/my_blink.dir/C_/PicoSDK/pico-sdk/src/rp2_common/pico_async_context/async_context_base.c.obj
                0x10007a1c                async_context_base_execute_once
 .text.memcmp   0x10007a64       0x48 c:/picosdk/gcc-arm-none-eabi/bin/../lib/gcc/arm-none-eabi/10.3.1/../../../../arm-none-eabi/lib/thumb/v6-m/nofp\libg.a(lib_a-memcmp.o)
                0x10007a64                memcmp
 .text.memmove  0x10007aac       0xac c:/picosdk/gcc-arm-none-eabi/bin/../lib/gcc/arm-none-eabi/10.3.1/../../../../arm-none-eabi/lib/thumb/v6-m/nofp\libg.a(lib_a-memmove.o)
                0x10007aac                memmove
 .text.strlen   0x10007b58       0x5c c:/picosdk/gcc-arm-none-eabi/bin/../lib/gcc/arm-none-eabi/10.3.1/../../../../arm-none-eabi/lib/thumb/v6-m/nofp\libg.a(lib_a-strlen-stub.o)
                0x10007b58                strlen
 .text.strncmp  0x10007bb4       0x74 c:/picosdk/gcc-arm-none-eabi/bin/../lib/gcc/arm-none-eabi/10.3.1/../../../../arm-none-eabi/lib/thumb/v6-m/nofp\libg.a(lib_a-strncmp.o)
                0x10007bb4                strncmp
 *(.fini)
 .fini          0x10007c28        0x4 c:/picosdk/gcc-arm-none-eabi/bin/../lib/gcc/arm-none-eabi/10.3.1/thumb/v6-m/nofp/crti.o
                0x10007c28                _fini
 *fill*         0x10007c2c        0x4 
 .fini.__stub   0x10007c30       0xa0 linker stubs
 *crtbegin.o(.ctors)
 *crtbegin?.o(.ctors)
 *(EXCLUDE_FILE(*crtend.o *crtend?.o) .ctors)
 *(SORT_BY_NAME(.ctors.*))
 *(.ctors)
 *crtbegin.o(.dtors)
 *crtbegin?.o(.dtors)
 *(EXCLUDE_FILE(*crtend.o *crtend?.o) .dtors)
 *(SORT_BY_NAME(.dtors.*))
 *(.dtors)
 *(.eh_frame*)
 .eh_frame      0x10007cd0        0x0 c:/picosdk/gcc-arm-none-eabi/bin/../lib/gcc/arm-none-eabi/10.3.1/thumb/v6-m/nofp/crtbegin.o
                0x10007cd0                . = ALIGN (0x4)

.glue_7         0x10007cd0        0x0
 .glue_7        0x10007cd0        0x0 linker stubs

.glue_7t        0x10007cd0        0x0
 .glue_7t       0x10007cd0        0x0 linker stubs

.vfp11_veneer   0x10007cd0        0x0
 .vfp11_veneer  0x10007cd0        0x0 linker stubs

.v4_bx          0x10007cd0        0x0
 .v4_bx         0x10007cd0        0x0 linker stubs

.iplt           0x10007cd0        0x0
 .iplt          0x10007cd0        0x0 c:/picosdk/gcc-arm-none-eabi/bin/../lib/gcc/arm-none-eabi/10.3.1/thumb/v6-m/nofp/crtbegin.o

.rodata         0x10007cd0    0x397ac
 *(EXCLUDE_FILE(*libm.a: *libc.a:*lib_a-mem*.o *libgcc.a:) .rodata*)
 .rodata.main.str1.4
                0x10007cd0       0x24 my_blink/CMakeFiles/my_blink.dir/my_blink.c.obj
 .rodata.gpio_add_raw_irq_handler_with_order_priority_masked.str1.4
                0x10007cf4       0x64 my_blink/CMakeFiles/my_blink.dir/C_/PicoSDK/pico-sdk/src/rp2_common/hardware_gpio/gpio.c.obj
 .rodata.gpio_remove_raw_irq_handler_masked.str1.4
                0x10007d58       0x29 my_blink/CMakeFiles/my_blink.dir/C_/PicoSDK/pico-sdk/src/rp2_common/hardware_gpio/gpio.c.obj
 *fill*         0x10007d81        0x3 
 .rodata.__func__.0
                0x10007d84       0x23 my_blink/CMakeFiles/my_blink.dir/C_/PicoSDK/pico-sdk/src/rp2_common/hardware_gpio/gpio.c.obj
 *fill*         0x10007da7        0x1 
 .rodata.__func__.1
                0x10007da8       0x34 my_blink/CMakeFiles/my_blink.dir/C_/PicoSDK/pico-sdk/src/rp2_common/hardware_gpio/gpio.c.obj
 .rodata.hw_claim_clear.str1.4
                0x10007ddc       0x5a my_blink/CMakeFiles/my_blink.dir/C_/PicoSDK/pico-sdk/src/rp2_common/hardware_claim/claim.c.obj
 *fill*         0x10007e36        0x2 
 .rodata.__func__.0
                0x10007e38        0xf my_blink/CMakeFiles/my_blink.dir/C_/PicoSDK/pico-sdk/src/rp2_common/hardware_claim/claim.c.obj
 *fill*         0x10007e47        0x1 
 .rodata.make_branch.str1.4
                0x10007e48       0x66 my_blink/CMakeFiles/my_blink.dir/C_/PicoSDK/pico-sdk/src/rp2_common/hardware_irq/irq.c.obj
 *fill*         0x10007eae        0x2 
 .rodata.insert_branch_and_link.str1.4
                0x10007eb0       0x10 my_blink/CMakeFiles/my_blink.dir/C_/PicoSDK/pico-sdk/src/rp2_common/hardware_irq/irq.c.obj
 .rodata.irq_set_exclusive_handler.str1.4
                0x10007ec0       0x36 my_blink/CMakeFiles/my_blink.dir/C_/PicoSDK/pico-sdk/src/rp2_common/hardware_irq/irq.c.obj
 *fill*         0x10007ef6        0x2 
 .rodata.irq_add_shared_handler.str1.4
                0x10007ef8       0xd9 my_blink/CMakeFiles/my_blink.dir/C_/PicoSDK/pico-sdk/src/rp2_common/hardware_irq/irq.c.obj
 *fill*         0x10007fd1        0x3 
 .rodata.irq_remove_handler.str1.4
                0x10007fd4       0x3a my_blink/CMakeFiles/my_blink.dir/C_/PicoSDK/pico-sdk/src/rp2_common/hardware_irq/irq.c.obj
 *fill*         0x1000800e        0x2 
 .rodata.irq_add_tail_to_free_list.str1.4
                0x10008010       0x3a my_blink/CMakeFiles/my_blink.dir/C_/PicoSDK/pico-sdk/src/rp2_common/hardware_irq/irq.c.obj
 *fill*         0x1000804a        0x2 
 .rodata.user_irq_claim_unused.str1.4
                0x1000804c       0x1b my_blink/CMakeFiles/my_blink.dir/C_/PicoSDK/pico-sdk/src/rp2_common/hardware_irq/irq.c.obj
 *fill*         0x10008067        0x1 
 .rodata.__func__.0
                0x10008068       0x1a my_blink/CMakeFiles/my_blink.dir/C_/PicoSDK/pico-sdk/src/rp2_common/hardware_irq/irq.c.obj
 *fill*         0x10008082        0x2 
 .rodata.__func__.1
                0x10008084       0x17 my_blink/CMakeFiles/my_blink.dir/C_/PicoSDK/pico-sdk/src/rp2_common/hardware_irq/irq.c.obj
 *fill*         0x1000809b        0x1 
 .rodata.__func__.2
                0x1000809c       0x13 my_blink/CMakeFiles/my_blink.dir/C_/PicoSDK/pico-sdk/src/rp2_common/hardware_irq/irq.c.obj
 *fill*         0x100080af        0x1 
 .rodata.__func__.3
                0x100080b0        0xc my_blink/CMakeFiles/my_blink.dir/C_/PicoSDK/pico-sdk/src/rp2_common/hardware_irq/irq.c.obj
 .rodata.__func__.4
                0x100080bc        0xf my_blink/CMakeFiles/my_blink.dir/C_/PicoSDK/pico-sdk/src/rp2_common/hardware_irq/irq.c.obj
 *fill*         0x100080cb        0x1 
 .rodata.__func__.5
                0x100080cc       0x17 my_blink/CMakeFiles/my_blink.dir/C_/PicoSDK/pico-sdk/src/rp2_common/hardware_irq/irq.c.obj
 *fill*         0x100080e3        0x1 
 .rodata.__func__.6
                0x100080e4       0x1a my_blink/CMakeFiles/my_blink.dir/C_/PicoSDK/pico-sdk/src/rp2_common/hardware_irq/irq.c.obj
 *fill*         0x100080fe        0x2 
 .rodata.str1.4
                0x10008100       0xe1 my_blink/CMakeFiles/my_blink.dir/C_/PicoSDK/pico-sdk/src/common/pico_sync/mutex.c.obj
 *fill*         0x100081e1        0x3 
 .rodata.__func__.0
                0x100081e4       0x15 my_blink/CMakeFiles/my_blink.dir/C_/PicoSDK/pico-sdk/src/common/pico_sync/mutex.c.obj
 *fill*         0x100081f9        0x3 
 .rodata.__func__.1
                0x100081fc        0xb my_blink/CMakeFiles/my_blink.dir/C_/PicoSDK/pico-sdk/src/common/pico_sync/mutex.c.obj
 *fill*         0x10008207        0x1 
 .rodata.__func__.3
                0x10008208       0x18 my_blink/CMakeFiles/my_blink.dir/C_/PicoSDK/pico-sdk/src/common/pico_sync/mutex.c.obj
 .rodata.__func__.5
                0x10008220       0x1a my_blink/CMakeFiles/my_blink.dir/C_/PicoSDK/pico-sdk/src/common/pico_sync/mutex.c.obj
 *fill*         0x1000823a        0x2 
 .rodata.__func__.6
                0x1000823c       0x1f my_blink/CMakeFiles/my_blink.dir/C_/PicoSDK/pico-sdk/src/common/pico_sync/mutex.c.obj
 *fill*         0x1000825b        0x1 
 .rodata.repeating_timer_callback.str1.4
                0x1000825c       0x44 my_blink/CMakeFiles/my_blink.dir/C_/PicoSDK/pico-sdk/src/common/pico_time/time.c.obj
 .rodata.timer_pool_entry_comparator.str1.4
                0x100082a0       0x22 my_blink/CMakeFiles/my_blink.dir/C_/PicoSDK/pico-sdk/src/common/pico_time/time.c.obj
 *fill*         0x100082c2        0x2 
 .rodata.ph_add_child_node.str1.4
                0x100082c4       0x8e my_blink/CMakeFiles/my_blink.dir/C_/PicoSDK/pico-sdk/src/common/pico_time/time.c.obj
 *fill*         0x10008352        0x2 
 .rodata.add_alarm_under_lock.str1.4
                0x10008354       0x28 my_blink/CMakeFiles/my_blink.dir/C_/PicoSDK/pico-sdk/src/common/pico_time/time.c.obj
                                 0x2b (size before relaxing)
 .rodata.alarm_pool_alarm_callback.str1.4
                0x1000837c       0x98 my_blink/CMakeFiles/my_blink.dir/C_/PicoSDK/pico-sdk/src/common/pico_time/time.c.obj
                                 0xf4 (size before relaxing)
 .rodata.alarm_pool_get_default.str1.4
                0x10008414       0x21 my_blink/CMakeFiles/my_blink.dir/C_/PicoSDK/pico-sdk/src/common/pico_time/time.c.obj
 *fill*         0x10008435        0x3 
 .rodata.alarm_pool_cancel_alarm.str1.4
                0x10008438       0x27 my_blink/CMakeFiles/my_blink.dir/C_/PicoSDK/pico-sdk/src/common/pico_time/time.c.obj
 *fill*         0x1000845f        0x1 
 .rodata.sleep_until.str1.4
                0x10008460       0x4d my_blink/CMakeFiles/my_blink.dir/C_/PicoSDK/pico-sdk/src/common/pico_time/time.c.obj
 *fill*         0x100084ad        0x3 
 .rodata.__func__.1
                0x100084b0       0x18 my_blink/CMakeFiles/my_blink.dir/C_/PicoSDK/pico-sdk/src/common/pico_time/time.c.obj
 .rodata.__func__.10
                0x100084c8       0x15 my_blink/CMakeFiles/my_blink.dir/C_/PicoSDK/pico-sdk/src/common/pico_time/time.c.obj
 *fill*         0x100084dd        0x3 
 .rodata.__func__.11
                0x100084e0       0x1a my_blink/CMakeFiles/my_blink.dir/C_/PicoSDK/pico-sdk/src/common/pico_time/time.c.obj
 *fill*         0x100084fa        0x2 
 .rodata.__func__.12
                0x100084fc        0xa my_blink/CMakeFiles/my_blink.dir/C_/PicoSDK/pico-sdk/src/common/pico_time/time.c.obj
 *fill*         0x10008506        0x2 
 .rodata.__func__.3
                0x10008508       0x17 my_blink/CMakeFiles/my_blink.dir/C_/PicoSDK/pico-sdk/src/common/pico_time/time.c.obj
 *fill*         0x1000851f        0x1 
 .rodata.__func__.4
                0x10008520       0x12 my_blink/CMakeFiles/my_blink.dir/C_/PicoSDK/pico-sdk/src/common/pico_time/time.c.obj
 *fill*         0x10008532        0x2 
 .rodata.__func__.5
                0x10008534        0xd my_blink/CMakeFiles/my_blink.dir/C_/PicoSDK/pico-sdk/src/common/pico_time/time.c.obj
 *fill*         0x10008541        0x3 
 .rodata.__func__.6
                0x10008544       0x12 my_blink/CMakeFiles/my_blink.dir/C_/PicoSDK/pico-sdk/src/common/pico_time/time.c.obj
 *fill*         0x10008556        0x2 
 .rodata.__func__.7
                0x10008558        0xf my_blink/CMakeFiles/my_blink.dir/C_/PicoSDK/pico-sdk/src/common/pico_time/time.c.obj
 *fill*         0x10008567        0x1 
 .rodata.__func__.8
                0x10008568        0xc my_blink/CMakeFiles/my_blink.dir/C_/PicoSDK/pico-sdk/src/common/pico_time/time.c.obj
 .rodata.__func__.9
                0x10008574       0x15 my_blink/CMakeFiles/my_blink.dir/C_/PicoSDK/pico-sdk/src/common/pico_time/time.c.obj
 *fill*         0x10008589        0x7 
 .rodata.at_the_end_of_time
                0x10008590        0x8 my_blink/CMakeFiles/my_blink.dir/C_/PicoSDK/pico-sdk/src/common/pico_time/time.c.obj
                0x10008590                at_the_end_of_time
 .rodata.hardware_alarm_claim.str1.4
                0x10008598       0x22 my_blink/CMakeFiles/my_blink.dir/C_/PicoSDK/pico-sdk/src/rp2_common/hardware_timer/timer.c.obj
 *fill*         0x100085ba        0x2 
 .rodata.hardware_alarm_set_target.str1.4
                0x100085bc       0x5e my_blink/CMakeFiles/my_blink.dir/C_/PicoSDK/pico-sdk/src/rp2_common/hardware_timer/timer.c.obj
 *fill*         0x1000861a        0x2 
 .rodata.__func__.0
                0x1000861c       0x1a my_blink/CMakeFiles/my_blink.dir/C_/PicoSDK/pico-sdk/src/rp2_common/hardware_timer/timer.c.obj
 .rodata.ph_add_child_node.str1.4
                0x10008636       0x8e my_blink/CMakeFiles/my_blink.dir/C_/PicoSDK/pico-sdk/src/common/pico_util/pheap.c.obj
 *fill*         0x10008636        0x2 
 .rodata.ph_remove_any_head.str1.4
                0x10008638       0x88 my_blink/CMakeFiles/my_blink.dir/C_/PicoSDK/pico-sdk/src/common/pico_util/pheap.c.obj
                                 0x9c (size before relaxing)
 .rodata.ph_remove_and_free_node.str1.4
                0x100086c0       0x1e my_blink/CMakeFiles/my_blink.dir/C_/PicoSDK/pico-sdk/src/common/pico_util/pheap.c.obj
                                 0x26 (size before relaxing)
 *fill*         0x100086de        0x2 
 .rodata.__func__.0
                0x100086e0       0x18 my_blink/CMakeFiles/my_blink.dir/C_/PicoSDK/pico-sdk/src/common/pico_util/pheap.c.obj
 .rodata.__func__.1
                0x100086f8       0x13 my_blink/CMakeFiles/my_blink.dir/C_/PicoSDK/pico-sdk/src/common/pico_util/pheap.c.obj
 *fill*         0x1000870b        0x1 
 .rodata.__func__.2
                0x1000870c       0x12 my_blink/CMakeFiles/my_blink.dir/C_/PicoSDK/pico-sdk/src/common/pico_util/pheap.c.obj
 *fill*         0x1000871e        0x2 
 .rodata.__func__.3
                0x10008720        0xc my_blink/CMakeFiles/my_blink.dir/C_/PicoSDK/pico-sdk/src/common/pico_util/pheap.c.obj
 .rodata.clock_configure.str1.4
                0x1000872c       0x50 my_blink/CMakeFiles/my_blink.dir/C_/PicoSDK/pico-sdk/src/rp2_common/hardware_clocks/clocks.c.obj
 .rodata.__func__.1
                0x1000877c       0x10 my_blink/CMakeFiles/my_blink.dir/C_/PicoSDK/pico-sdk/src/rp2_common/hardware_clocks/clocks.c.obj
 .rodata.pll_init.str1.4
                0x1000878c      0x11b my_blink/CMakeFiles/my_blink.dir/C_/PicoSDK/pico-sdk/src/rp2_common/hardware_pll/pll.c.obj
 *fill*         0x100088a7        0x1 
 .rodata.__func__.0
                0x100088a8        0x9 my_blink/CMakeFiles/my_blink.dir/C_/PicoSDK/pico-sdk/src/rp2_common/hardware_pll/pll.c.obj
 *fill*         0x100088b1        0x3 
 .rodata.__assert_func.str1.4
                0x100088b4       0x3f my_blink/CMakeFiles/my_blink.dir/C_/PicoSDK/pico-sdk/src/rp2_common/pico_runtime/runtime.c.obj
                                 0x43 (size before relaxing)
 *fill*         0x100088f3        0x1 
 .rodata.runtime_init.str1.4
                0x100088f4       0x5a my_blink/CMakeFiles/my_blink.dir/C_/PicoSDK/pico-sdk/src/rp2_common/pico_runtime/runtime.c.obj
 *fill*         0x1000894e        0x2 
 .rodata.panic.str1.4
                0x10008950       0x10 my_blink/CMakeFiles/my_blink.dir/C_/PicoSDK/pico-sdk/src/rp2_common/pico_runtime/runtime.c.obj
                                 0x12 (size before relaxing)
 .rodata.panic_unsupported.str1.4
                0x10008960        0xe my_blink/CMakeFiles/my_blink.dir/C_/PicoSDK/pico-sdk/src/rp2_common/pico_runtime/runtime.c.obj
 *fill*         0x1000896e        0x2 
 .rodata.__func__.2
                0x10008970        0xd my_blink/CMakeFiles/my_blink.dir/C_/PicoSDK/pico-sdk/src/rp2_common/pico_runtime/runtime.c.obj
 *fill*         0x1000897d        0x3 
 .rodata._ftoa.str1.4
                0x10008980       0x15 my_blink/CMakeFiles/my_blink.dir/C_/PicoSDK/pico-sdk/src/rp2_common/pico_printf/printf.c.obj
 *fill*         0x10008995        0x3 
 .rodata._vsnprintf
                0x10008998      0x1e0 my_blink/CMakeFiles/my_blink.dir/C_/PicoSDK/pico-sdk/src/rp2_common/pico_printf/printf.c.obj
 .rodata.pow10.0
                0x10008b78       0x50 my_blink/CMakeFiles/my_blink.dir/C_/PicoSDK/pico-sdk/src/rp2_common/pico_printf/printf.c.obj
 .rodata.missing_double_func_shim.str1.4
                0x10008bc8       0x18 my_blink/CMakeFiles/my_blink.dir/C_/PicoSDK/pico-sdk/src/rp2_common/pico_double/double_init_rom.c.obj
 .rodata.__aeabi_double_init.str1.4
                0x10008be0       0xa1 my_blink/CMakeFiles/my_blink.dir/C_/PicoSDK/pico-sdk/src/rp2_common/pico_double/double_init_rom.c.obj
 *fill*         0x10008c81        0x3 
 .rodata.__func__.0
                0x10008c84       0x14 my_blink/CMakeFiles/my_blink.dir/C_/PicoSDK/pico-sdk/src/rp2_common/pico_double/double_init_rom.c.obj
 .rodata.missing_float_func_shim.str1.4
                0x10008c98        0x1 my_blink/CMakeFiles/my_blink.dir/C_/PicoSDK/pico-sdk/src/rp2_common/pico_float/float_init_rom.c.obj
 .rodata.__aeabi_float_init.str1.4
                0x10008c98       0x73 my_blink/CMakeFiles/my_blink.dir/C_/PicoSDK/pico-sdk/src/rp2_common/pico_float/float_init_rom.c.obj
 *fill*         0x10008d0b        0x1 
 .rodata.__func__.0
                0x10008d0c       0x13 my_blink/CMakeFiles/my_blink.dir/C_/PicoSDK/pico-sdk/src/rp2_common/pico_float/float_init_rom.c.obj
 *fill*         0x10008d1f        0x1 
 .rodata.str1.4
                0x10008d20       0x4c my_blink/CMakeFiles/my_blink.dir/C_/PicoSDK/pico-sdk/src/rp2_common/pico_standard_link/binary_info.c.obj
 .rodata.__bi_44
                0x10008d6c        0xc my_blink/CMakeFiles/my_blink.dir/C_/PicoSDK/pico-sdk/src/rp2_common/pico_standard_link/binary_info.c.obj
 .rodata.__bi_69
                0x10008d78        0xc my_blink/CMakeFiles/my_blink.dir/C_/PicoSDK/pico-sdk/src/rp2_common/pico_standard_link/binary_info.c.obj
 .rodata.__bi_75
                0x10008d84        0xc my_blink/CMakeFiles/my_blink.dir/C_/PicoSDK/pico-sdk/src/rp2_common/pico_standard_link/binary_info.c.obj
 .rodata.__bi_81
                0x10008d90        0xc my_blink/CMakeFiles/my_blink.dir/C_/PicoSDK/pico-sdk/src/rp2_common/pico_standard_link/binary_info.c.obj
 .rodata.stdout_serialize_begin.str1.4
                0x10008d9c       0x5a my_blink/CMakeFiles/my_blink.dir/C_/PicoSDK/pico-sdk/src/rp2_common/pico_stdio/stdio.c.obj
 .rodata.__func__.3
                0x10008d9c       0x15 my_blink/CMakeFiles/my_blink.dir/C_/PicoSDK/pico-sdk/src/rp2_common/pico_stdio/stdio.c.obj
 *fill*         0x10008db1        0x3 
 .rodata.crlf_str.2
                0x10008db4        0x2 my_blink/CMakeFiles/my_blink.dir/C_/PicoSDK/pico-sdk/src/rp2_common/pico_stdio/stdio.c.obj
 *fill*         0x10008db6        0x2 
 .rodata.str1.4
                0x10008db8       0x2c my_blink/CMakeFiles/my_blink.dir/C_/PicoSDK/pico-sdk/src/rp2_common/pico_stdio_uart/stdio_uart.c.obj
 .rodata.__bi_33.4
                0x10008de4        0xc my_blink/CMakeFiles/my_blink.dir/C_/PicoSDK/pico-sdk/src/rp2_common/pico_stdio_uart/stdio_uart.c.obj
 .rodata.__bi_34.5
                0x10008df0        0x8 my_blink/CMakeFiles/my_blink.dir/C_/PicoSDK/pico-sdk/src/rp2_common/pico_stdio_uart/stdio_uart.c.obj
 .rodata.str1.4
                0x10008df8      0x152 my_blink/CMakeFiles/my_blink.dir/C_/PicoSDK/pico-sdk/src/rp2_common/hardware_flash/flash.c.obj
 *fill*         0x10008f4a        0x2 
 .rodata.__func__.0
                0x10008f4c        0xd my_blink/CMakeFiles/my_blink.dir/C_/PicoSDK/pico-sdk/src/rp2_common/hardware_flash/flash.c.obj
 *fill*         0x10008f59        0x3 
 .rodata.cyw43_spi_init.str1.4
                0x10008f5c       0x59 my_blink/CMakeFiles/my_blink.dir/C_/PicoSDK/pico-sdk/src/rp2_common/pico_cyw43_driver/cyw43_bus_pio_spi.c.obj
 *fill*         0x10008fb5        0x3 
 .rodata.cyw43_spi_transfer.str1.4
                0x10008fb8       0xf7 my_blink/CMakeFiles/my_blink.dir/C_/PicoSDK/pico-sdk/src/rp2_common/pico_cyw43_driver/cyw43_bus_pio_spi.c.obj
 *fill*         0x100090af        0x1 
 .rodata.read_reg_u32_swap.str1.4
                0x100090b0       0x19 my_blink/CMakeFiles/my_blink.dir/C_/PicoSDK/pico-sdk/src/rp2_common/pico_cyw43_driver/cyw43_bus_pio_spi.c.obj
 *fill*         0x100090c9        0x3 
 .rodata.cyw43_read_bytes.str1.4
                0x100090cc       0xea my_blink/CMakeFiles/my_blink.dir/C_/PicoSDK/pico-sdk/src/rp2_common/pico_cyw43_driver/cyw43_bus_pio_spi.c.obj
 *fill*         0x100091b6        0x2 
 .rodata.cyw43_write_bytes.str1.4
                0x100091b8       0x49 my_blink/CMakeFiles/my_blink.dir/C_/PicoSDK/pico-sdk/src/rp2_common/pico_cyw43_driver/cyw43_bus_pio_spi.c.obj
                                 0x59 (size before relaxing)
 *fill*         0x10009201        0x3 
 .rodata        0x10009204        0x8 my_blink/CMakeFiles/my_blink.dir/C_/PicoSDK/pico-sdk/src/rp2_common/pico_cyw43_driver/cyw43_bus_pio_spi.c.obj
 .rodata.__func__.0
                0x1000920c       0x12 my_blink/CMakeFiles/my_blink.dir/C_/PicoSDK/pico-sdk/src/rp2_common/pico_cyw43_driver/cyw43_bus_pio_spi.c.obj
 *fill*         0x1000921e        0x2 
 .rodata.__func__.1
                0x10009220       0x11 my_blink/CMakeFiles/my_blink.dir/C_/PicoSDK/pico-sdk/src/rp2_common/pico_cyw43_driver/cyw43_bus_pio_spi.c.obj
 *fill*         0x10009231        0x3 
 .rodata.__func__.2
                0x10009234       0x12 my_blink/CMakeFiles/my_blink.dir/C_/PicoSDK/pico-sdk/src/rp2_common/pico_cyw43_driver/cyw43_bus_pio_spi.c.obj
 *fill*         0x10009246        0x2 
 .rodata.__func__.3
                0x10009248       0x18 my_blink/CMakeFiles/my_blink.dir/C_/PicoSDK/pico-sdk/src/rp2_common/pico_cyw43_driver/cyw43_bus_pio_spi.c.obj
 .rodata.__func__.6
                0x10009260       0x1c my_blink/CMakeFiles/my_blink.dir/C_/PicoSDK/pico-sdk/src/rp2_common/pico_cyw43_driver/cyw43_bus_pio_spi.c.obj
 .rodata.__func__.7
                0x1000927c       0x13 my_blink/CMakeFiles/my_blink.dir/C_/PicoSDK/pico-sdk/src/rp2_common/pico_cyw43_driver/cyw43_bus_pio_spi.c.obj
 *fill*         0x1000928f        0x1 
 .rodata.__func__.8
                0x10009290        0xf my_blink/CMakeFiles/my_blink.dir/C_/PicoSDK/pico-sdk/src/rp2_common/pico_cyw43_driver/cyw43_bus_pio_spi.c.obj
 *fill*         0x1000929f        0x1 
 .rodata.spi_gap01_sample0_program
                0x100092a0        0x6 my_blink/CMakeFiles/my_blink.dir/C_/PicoSDK/pico-sdk/src/rp2_common/pico_cyw43_driver/cyw43_bus_pio_spi.c.obj
 *fill*         0x100092a6        0x2 
 .rodata.spi_gap01_sample0_program_instructions
                0x100092a8        0xc my_blink/CMakeFiles/my_blink.dir/C_/PicoSDK/pico-sdk/src/rp2_common/pico_cyw43_driver/cyw43_bus_pio_spi.c.obj
 .rodata.sdpcm_process_rx_packet.str1.4
                0x100092b4      0x127 my_blink/CMakeFiles/my_blink.dir/C_/PicoSDK/pico-sdk/lib/cyw43-driver/src/cyw43_ll.c.obj
 *fill*         0x100093db        0x1 
 .rodata.cyw43_read_reg.str1.4
                0x100093dc       0x5a my_blink/CMakeFiles/my_blink.dir/C_/PicoSDK/pico-sdk/lib/cyw43-driver/src/cyw43_ll.c.obj
 *fill*         0x10009436        0x2 
 .rodata.cyw43_kso_set.str1.4
                0x10009438       0x23 my_blink/CMakeFiles/my_blink.dir/C_/PicoSDK/pico-sdk/lib/cyw43-driver/src/cyw43_ll.c.obj
 *fill*         0x1000945b        0x1 
 .rodata.disable_device_core.str1.4
                0x1000945c       0x1a my_blink/CMakeFiles/my_blink.dir/C_/PicoSDK/pico-sdk/lib/cyw43-driver/src/cyw43_ll.c.obj
 *fill*         0x10009476        0x2 
 .rodata.device_core_is_up.str1.4
                0x10009478       0x14 my_blink/CMakeFiles/my_blink.dir/C_/PicoSDK/pico-sdk/lib/cyw43-driver/src/cyw43_ll.c.obj
 .rodata.cyw43_download_resource.str1.4
                0x1000948c       0xb2 my_blink/CMakeFiles/my_blink.dir/C_/PicoSDK/pico-sdk/lib/cyw43-driver/src/cyw43_ll.c.obj
 *fill*         0x1000953e        0x2 
 .rodata.cyw43_ll_sdpcm_poll_device.str1.4
                0x10009540       0x91 my_blink/CMakeFiles/my_blink.dir/C_/PicoSDK/pico-sdk/lib/cyw43-driver/src/cyw43_ll.c.obj
 *fill*         0x100095d1        0x3 
 .rodata.cyw43_ll_process_packets.str1.4
                0x100095d4       0x22 my_blink/CMakeFiles/my_blink.dir/C_/PicoSDK/pico-sdk/lib/cyw43-driver/src/cyw43_ll.c.obj
 *fill*         0x100095f6        0x2 
 .rodata.cyw43_sdpcm_send_common.str1.4
                0x100095f8       0x62 my_blink/CMakeFiles/my_blink.dir/C_/PicoSDK/pico-sdk/lib/cyw43-driver/src/cyw43_ll.c.obj
                                 0xbe (size before relaxing)
 *fill*         0x1000965a        0x2 
 .rodata.cyw43_do_ioctl.str1.4
                0x1000965c       0x55 my_blink/CMakeFiles/my_blink.dir/C_/PicoSDK/pico-sdk/lib/cyw43-driver/src/cyw43_ll.c.obj
 *fill*         0x100096b1        0x3 
 .rodata.cyw43_clm_load.str1.4
                0x100096b4       0x18 my_blink/CMakeFiles/my_blink.dir/C_/PicoSDK/pico-sdk/lib/cyw43-driver/src/cyw43_ll.c.obj
 .rodata.cyw43_ll_wifi_on.str1.4
                0x100096cc       0x56 my_blink/CMakeFiles/my_blink.dir/C_/PicoSDK/pico-sdk/lib/cyw43-driver/src/cyw43_ll.c.obj
 *fill*         0x10009722        0x2 
 .rodata.cyw43_ll_bus_init.str1.4
                0x10009724       0xc2 my_blink/CMakeFiles/my_blink.dir/C_/PicoSDK/pico-sdk/lib/cyw43-driver/src/cyw43_ll.c.obj
 *fill*         0x100097e6        0x2 
 .rodata.cyw43_ll_gpio_set.str1.4
                0x100097e8        0x8 my_blink/CMakeFiles/my_blink.dir/C_/PicoSDK/pico-sdk/lib/cyw43-driver/src/cyw43_ll.c.obj
 .rodata        0x100097f0       0x7a my_blink/CMakeFiles/my_blink.dir/C_/PicoSDK/pico-sdk/lib/cyw43-driver/src/cyw43_ll.c.obj
 *fill*         0x1000986a        0x2 
 .rodata.__func__.0
                0x1000986c       0x18 my_blink/CMakeFiles/my_blink.dir/C_/PicoSDK/pico-sdk/lib/cyw43-driver/src/cyw43_ll.c.obj
 .rodata.__func__.1
                0x10009884       0x10 my_blink/CMakeFiles/my_blink.dir/C_/PicoSDK/pico-sdk/lib/cyw43-driver/src/cyw43_ll.c.obj
 .rodata.__func__.2
                0x10009894        0xf my_blink/CMakeFiles/my_blink.dir/C_/PicoSDK/pico-sdk/lib/cyw43-driver/src/cyw43_ll.c.obj
 *fill*         0x100098a3        0x1 
 .rodata.__func__.4
                0x100098a4       0x15 my_blink/CMakeFiles/my_blink.dir/C_/PicoSDK/pico-sdk/lib/cyw43-driver/src/cyw43_ll.c.obj
 *fill*         0x100098b9        0x3 
 .rodata.w43439A0_7_95_49_00_combined
                0x100098bc    0x36fd8 my_blink/CMakeFiles/my_blink.dir/C_/PicoSDK/pico-sdk/lib/cyw43-driver/src/cyw43_ll.c.obj
 .rodata.wifi_nvram_4343
                0x10040894      0x2e7 my_blink/CMakeFiles/my_blink.dir/C_/PicoSDK/pico-sdk/lib/cyw43-driver/src/cyw43_ll.c.obj
 *fill*         0x10040b7b        0x1 
 .rodata.cyw43_dump_async_event.str1.4
                0x10040b7c       0x24 my_blink/CMakeFiles/my_blink.dir/C_/PicoSDK/pico-sdk/lib/cyw43-driver/src/cyw43_ctrl.c.obj
                                 0x84 (size before relaxing)
 .rodata.cyw43_ensure_up.str1.4
                0x10040ba0       0x88 my_blink/CMakeFiles/my_blink.dir/C_/PicoSDK/pico-sdk/lib/cyw43-driver/src/cyw43_ctrl.c.obj
 .rodata.str1.4
                0x10040c28       0x9e my_blink/CMakeFiles/my_blink.dir/C_/PicoSDK/pico-sdk/lib/cyw43-driver/src/cyw43_ctrl.c.obj
 *fill*         0x10040cc6        0x2 
 .rodata.__func__.0
                0x10040cc8       0x10 my_blink/CMakeFiles/my_blink.dir/C_/PicoSDK/pico-sdk/lib/cyw43-driver/src/cyw43_ctrl.c.obj
 .rodata.__func__.1
                0x10040cd8       0x15 my_blink/CMakeFiles/my_blink.dir/C_/PicoSDK/pico-sdk/lib/cyw43-driver/src/cyw43_ctrl.c.obj
 *fill*         0x10040ced        0x3 
 .rodata.cyw43_async_event_name_table
                0x10040cf0      0x164 my_blink/CMakeFiles/my_blink.dir/C_/PicoSDK/pico-sdk/lib/cyw43-driver/src/cyw43_ctrl.c.obj
 .rodata._pio_find_offset_for_program.str1.4
                0x10040e54       0x62 my_blink/CMakeFiles/my_blink.dir/C_/PicoSDK/pico-sdk/src/rp2_common/hardware_pio/pio.c.obj
 *fill*         0x10040eb6        0x2 
 .rodata._pio_add_program_at_offset.str1.4
                0x10040eb8       0x11 my_blink/CMakeFiles/my_blink.dir/C_/PicoSDK/pico-sdk/src/rp2_common/hardware_pio/pio.c.obj
 *fill*         0x10040ec9        0x3 
 .rodata.pio_claim_unused_sm.str1.4
                0x10040ecc       0x24 my_blink/CMakeFiles/my_blink.dir/C_/PicoSDK/pico-sdk/src/rp2_common/hardware_pio/pio.c.obj
 .rodata.pio_remove_program.str1.4
                0x10040ef0       0x4d my_blink/CMakeFiles/my_blink.dir/C_/PicoSDK/pico-sdk/src/rp2_common/hardware_pio/pio.c.obj
 *fill*         0x10040f3d        0x3 
 .rodata.__func__.0
                0x10040f40       0x13 my_blink/CMakeFiles/my_blink.dir/C_/PicoSDK/pico-sdk/src/rp2_common/hardware_pio/pio.c.obj
 *fill*         0x10040f53        0x1 
 .rodata.__func__.1
                0x10040f54       0x1d my_blink/CMakeFiles/my_blink.dir/C_/PicoSDK/pico-sdk/src/rp2_common/hardware_pio/pio.c.obj
 *fill*         0x10040f71        0x3 
 .rodata.dma_claim_unused_channel.str1.4
                0x10040f74       0x1e my_blink/CMakeFiles/my_blink.dir/C_/PicoSDK/pico-sdk/src/rp2_common/hardware_dma/dma.c.obj
 *fill*         0x10040f92        0x2 
 .rodata.cyw43_sleep_timeout_reached.str1.4
                0x10040f94       0x84 my_blink/CMakeFiles/my_blink.dir/C_/PicoSDK/pico-sdk/src/rp2_common/pico_cyw43_driver/cyw43_driver.c.obj
 .rodata.cyw43_irq_init.str1.4
                0x10041018       0x3e my_blink/CMakeFiles/my_blink.dir/C_/PicoSDK/pico-sdk/src/rp2_common/pico_cyw43_driver/cyw43_driver.c.obj
 *fill*         0x10041056        0x2 
 .rodata.no_lwip_fail.str1.4
                0x10041058       0x20 my_blink/CMakeFiles/my_blink.dir/C_/PicoSDK/pico-sdk/src/rp2_common/pico_cyw43_driver/cyw43_driver.c.obj
 .rodata.cyw43_do_poll.str1.4
                0x10041078       0x5a my_blink/CMakeFiles/my_blink.dir/C_/PicoSDK/pico-sdk/src/rp2_common/pico_cyw43_driver/cyw43_driver.c.obj
 .rodata.cyw43_schedule_internal_poll_dispatch.str1.4
                0x10041078       0x13 my_blink/CMakeFiles/my_blink.dir/C_/PicoSDK/pico-sdk/src/rp2_common/pico_cyw43_driver/cyw43_driver.c.obj
 *fill*         0x1004108b        0x1 
 .rodata.cyw43_hal_generate_laa_mac.str1.4
                0x1004108c       0x35 my_blink/CMakeFiles/my_blink.dir/C_/PicoSDK/pico-sdk/src/rp2_common/pico_cyw43_driver/cyw43_driver.c.obj
 *fill*         0x100410c1        0x3 
 .rodata.__func__.0
                0x100410c4       0x14 my_blink/CMakeFiles/my_blink.dir/C_/PicoSDK/pico-sdk/src/rp2_common/pico_cyw43_driver/cyw43_driver.c.obj
 .rodata.__func__.1
                0x100410d8       0x26 my_blink/CMakeFiles/my_blink.dir/C_/PicoSDK/pico-sdk/src/rp2_common/pico_cyw43_driver/cyw43_driver.c.obj
 *fill*         0x100410fe        0x2 
 .rodata.__func__.2
                0x10041100       0x15 my_blink/CMakeFiles/my_blink.dir/C_/PicoSDK/pico-sdk/src/rp2_common/pico_cyw43_driver/cyw43_driver.c.obj
 *fill*         0x10041115        0x3 
 .rodata.__func__.3
                0x10041118       0x11 my_blink/CMakeFiles/my_blink.dir/C_/PicoSDK/pico-sdk/src/rp2_common/pico_cyw43_driver/cyw43_driver.c.obj
 *fill*         0x10041129        0x3 
 .rodata.__func__.4
                0x1004112c       0x15 my_blink/CMakeFiles/my_blink.dir/C_/PicoSDK/pico-sdk/src/rp2_common/pico_cyw43_driver/cyw43_driver.c.obj
 *fill*         0x10041141        0x3 
 .rodata.__func__.5
                0x10041144       0x1c my_blink/CMakeFiles/my_blink.dir/C_/PicoSDK/pico-sdk/src/rp2_common/pico_cyw43_driver/cyw43_driver.c.obj
 .rodata.__func__.6
                0x10041160        0xe my_blink/CMakeFiles/my_blink.dir/C_/PicoSDK/pico-sdk/src/rp2_common/pico_cyw43_driver/cyw43_driver.c.obj