Archive member included to satisfy reference by file (symbol)

c:/picosdk/gcc-arm-none-eabi/bin/../lib/gcc/arm-none-eabi/10.3.1/thumb/v6-m/nofp\libgcc.a(_dvmd_tls.o)
                              ssd1306_i2c_1/CMakeFiles/picow_ntp_client_poll.dir/C_/PicoSDK/pico-sdk/src/rp2_common/pico_divider/divider.S.obj (__aeabi_idiv0)
c:/picosdk/gcc-arm-none-eabi/bin/../lib/gcc/arm-none-eabi/10.3.1/../../../../arm-none-eabi/lib/thumb/v6-m/nofp\libg.a(lib_a-atoi.o)
                              ssd1306_i2c_1/CMakeFiles/picow_ntp_client_poll.dir/C_/PicoSDK/pico-sdk/lib/lwip/src/core/netif.c.obj (atoi)
c:/picosdk/gcc-arm-none-eabi/bin/../lib/gcc/arm-none-eabi/10.3.1/../../../../arm-none-eabi/lib/thumb/v6-m/nofp\libg.a(lib_a-calloc.o)
                              ssd1306_i2c_1/CMakeFiles/picow_ntp_client_poll.dir/C_/PicoSDK/pico-sdk/src/rp2_common/pico_malloc/pico_malloc.c.obj (calloc)
c:/picosdk/gcc-arm-none-eabi/bin/../lib/gcc/arm-none-eabi/10.3.1/../../../../arm-none-eabi/lib/thumb/v6-m/nofp\libg.a(lib_a-callocr.o)
                              c:/picosdk/gcc-arm-none-eabi/bin/../lib/gcc/arm-none-eabi/10.3.1/../../../../arm-none-eabi/lib/thumb/v6-m/nofp\libg.a(lib_a-calloc.o) (_calloc_r)
c:/picosdk/gcc-arm-none-eabi/bin/../lib/gcc/arm-none-eabi/10.3.1/../../../../arm-none-eabi/lib/thumb/v6-m/nofp\libg.a(lib_a-ctype_.o)
                              ssd1306_i2c_1/CMakeFiles/picow_ntp_client_poll.dir/C_/PicoSDK/pico-sdk/lib/lwip/src/core/dns.c.obj (_ctype_)
c:/picosdk/gcc-arm-none-eabi/bin/../lib/gcc/arm-none-eabi/10.3.1/../../../../arm-none-eabi/lib/thumb/v6-m/nofp\libg.a(lib_a-errno.o)
                              c:/picosdk/gcc-arm-none-eabi/bin/../lib/gcc/arm-none-eabi/10.3.1/../../../../arm-none-eabi/lib/thumb/v6-m/nofp\libg.a(lib_a-callocr.o) (__errno)
c:/picosdk/gcc-arm-none-eabi/bin/../lib/gcc/arm-none-eabi/10.3.1/../../../../arm-none-eabi/lib/thumb/v6-m/nofp\libg.a(lib_a-fflush.o)
                              ssd1306_i2c_1/CMakeFiles/picow_ntp_client_poll.dir/my_debug.c.obj (fflush)
c:/picosdk/gcc-arm-none-eabi/bin/../lib/gcc/arm-none-eabi/10.3.1/../../../../arm-none-eabi/lib/thumb/v6-m/nofp\libg.a(lib_a-findfp.o)
                              c:/picosdk/gcc-arm-none-eabi/bin/../lib/gcc/arm-none-eabi/10.3.1/../../../../arm-none-eabi/lib/thumb/v6-m/nofp\libg.a(lib_a-fflush.o) (__sinit)
c:/picosdk/gcc-arm-none-eabi/bin/../lib/gcc/arm-none-eabi/10.3.1/../../../../arm-none-eabi/lib/thumb/v6-m/nofp\libg.a(lib_a-freer.o)
                              c:/picosdk/gcc-arm-none-eabi/bin/../lib/gcc/arm-none-eabi/10.3.1/../../../../arm-none-eabi/lib/thumb/v6-m/nofp\libg.a(lib_a-fflush.o) (_free_r)
c:/picosdk/gcc-arm-none-eabi/bin/../lib/gcc/arm-none-eabi/10.3.1/../../../../arm-none-eabi/lib/thumb/v6-m/nofp\libg.a(lib_a-fwalk.o)
                              c:/picosdk/gcc-arm-none-eabi/bin/../lib/gcc/arm-none-eabi/10.3.1/../../../../arm-none-eabi/lib/thumb/v6-m/nofp\libg.a(lib_a-findfp.o) (_fwalk)
c:/picosdk/gcc-arm-none-eabi/bin/../lib/gcc/arm-none-eabi/10.3.1/../../../../arm-none-eabi/lib/thumb/v6-m/nofp\libg.a(lib_a-gmtime.o)
                              ssd1306_i2c_1/CMakeFiles/picow_ntp_client_poll.dir/ssd1306_i2c_1.cpp.obj (gmtime)
c:/picosdk/gcc-arm-none-eabi/bin/../lib/gcc/arm-none-eabi/10.3.1/../../../../arm-none-eabi/lib/thumb/v6-m/nofp\libg.a(lib_a-gmtime_r.o)
                              c:/picosdk/gcc-arm-none-eabi/bin/../lib/gcc/arm-none-eabi/10.3.1/../../../../arm-none-eabi/lib/thumb/v6-m/nofp\libg.a(lib_a-gmtime.o) (gmtime_r)
c:/picosdk/gcc-arm-none-eabi/bin/../lib/gcc/arm-none-eabi/10.3.1/../../../../arm-none-eabi/lib/thumb/v6-m/nofp\libg.a(lib_a-impure.o)
                              c:/picosdk/gcc-arm-none-eabi/bin/../lib/gcc/arm-none-eabi/10.3.1/../../../../arm-none-eabi/lib/thumb/v6-m/nofp\libg.a(lib_a-fflush.o) (_global_impure_ptr)
c:/picosdk/gcc-arm-none-eabi/bin/../lib/gcc/arm-none-eabi/10.3.1/../../../../arm-none-eabi/lib/thumb/v6-m/nofp\libg.a(lib_a-init.o)
                              c:/picosdk/gcc-arm-none-eabi/bin/../lib/gcc/arm-none-eabi/10.3.1/../../../../arm-none-eabi/lib/thumb/v6-m/nofp/crt0.o (__libc_init_array)
c:/picosdk/gcc-arm-none-eabi/bin/../lib/gcc/arm-none-eabi/10.3.1/../../../../arm-none-eabi/lib/thumb/v6-m/nofp\libg.a(lib_a-lock.o)
                              c:/picosdk/gcc-arm-none-eabi/bin/../lib/gcc/arm-none-eabi/10.3.1/../../../../arm-none-eabi/lib/thumb/v6-m/nofp\libg.a(lib_a-findfp.o) (__retarget_lock_init_recursive)
c:/picosdk/gcc-arm-none-eabi/bin/../lib/gcc/arm-none-eabi/10.3.1/../../../../arm-none-eabi/lib/thumb/v6-m/nofp\libg.a(lib_a-malloc.o)
                              ssd1306_i2c_1/CMakeFiles/picow_ntp_client_poll.dir/C_/PicoSDK/pico-sdk/src/rp2_common/pico_malloc/pico_malloc.c.obj (malloc)
c:/picosdk/gcc-arm-none-eabi/bin/../lib/gcc/arm-none-eabi/10.3.1/../../../../arm-none-eabi/lib/thumb/v6-m/nofp\libg.a(lib_a-mallocr.o)
[...]
Memory Configuration

Name             Origin             Length             Attributes
FLASH            0x10000000         0x00200000         xr
RAM              0x20000000         0x00040000         xrw
SCRATCH_X        0x20040000         0x00001000         xrw
SCRATCH_Y        0x20041000         0x00001000         xrw
*default*        0x00000000         0xffffffff

Linker script and memory map

LOAD c:/picosdk/gcc-arm-none-eabi/bin/../lib/gcc/arm-none-eabi/10.3.1/thumb/v6-m/nofp/crti.o
LOAD c:/picosdk/gcc-arm-none-eabi/bin/../lib/gcc/arm-none-eabi/10.3.1/thumb/v6-m/nofp/crtbegin.o
LOAD c:/picosdk/gcc-arm-none-eabi/bin/../lib/gcc/arm-none-eabi/10.3.1/../../../../arm-none-eabi/lib/thumb/v6-m/nofp/crt0.o

.flash_begin    0x10000000        0x0
                0x10000000                __flash_binary_start = .

.boot2          0x10000000      0x100
                0x10000000                __boot2_start__ = .
 *(.boot2)
 .boot2         0x10000000      0x100 C:\Users\lvanek\AppData\Local\Temp\ccmN7gx1.o
                0x10000100                __boot2_end__ = .
                0x00000001                ASSERT (((__boot2_end__ - __boot2_start__) == 0x100), ERROR: Pico second stage bootloader must be 256 bytes in size)

.text           0x10000100    0x17ff8
                0x10000100                __logical_binary_start = .
 *(.vectors)
 .vectors       0x10000100       0xd4 ssd1306_i2c_1/CMakeFiles/picow_ntp_client_poll.dir/C_/PicoSDK/pico-sdk/src/rp2_common/pico_standard_link/crt0.S.obj
                0x10000100                __VECTOR_TABLE
                0x10000100                __vectors
                0x100001c0                isr_invalid
                0x100001c0                __default_isrs_start
                0x100001c2                isr_nmi
                0x100001c4                isr_hardfault
                0x100001c6                isr_svcall
                0x100001c8                isr_pendsv
                0x100001ca                isr_systick
                0x100001cc                isr_irq23
                0x100001cc                isr_irq18
                0x100001cc                isr_irq11
                0x100001cc                isr_irq28
                0x100001cc                isr_irq19
                0x100001cc                isr_irq0
                0x100001cc                isr_irq6
                0x100001cc                isr_irq5
                0x100001cc                isr_irq12
                0x100001cc                isr_irq22
                0x100001cc                isr_irq31
                0x100001cc                isr_irq17
                0x100001cc                isr_irq27
                0x100001cc                isr_irq30
                0x100001cc                isr_irq2
                0x100001cc                isr_irq10
                0x100001cc                isr_irq8
                0x100001cc                isr_irq24
                0x100001cc                isr_irq1
                0x100001cc                isr_irq7
                0x100001cc                isr_irq21
                0x100001cc                isr_irq20
                0x100001cc                isr_irq15
                0x100001cc                isr_irq25
                0x100001cc                isr_irq13
                0x100001cc                __unhandled_user_irq
                0x100001cc                isr_irq4
                0x100001cc                isr_irq16
                0x100001cc                isr_irq29
                0x100001cc                isr_irq26
                0x100001cc                __default_isrs_end
                0x100001cc                isr_irq3
                0x100001cc                isr_irq14
                0x100001cc                isr_irq9
                0x100001d2                unhandled_user_irq_num_in_r0
 *(.binary_info_header)
 .binary_info_header
                0x100001d4       0x14 ssd1306_i2c_1/CMakeFiles/picow_ntp_client_poll.dir/C_/PicoSDK/pico-sdk/src/rp2_common/pico_standard_link/crt0.S.obj
                0x100001e8                __binary_info_header_end = .
 *(.reset)
 .reset         0x100001e8       0xa0 ssd1306_i2c_1/CMakeFiles/picow_ntp_client_poll.dir/C_/PicoSDK/pico-sdk/src/rp2_common/pico_standard_link/crt0.S.obj
                0x100001e8                _entry_point
 .reset         0x10000288       0x30 ssd1306_i2c_1/CMakeFiles/picow_ntp_client_poll.dir/C_/PicoSDK/pico-sdk/src/rp2_common/pico_standard_link/binary_info.c.obj
 *(.init)
 .init          0x100002b8        0x4 c:/picosdk/gcc-arm-none-eabi/bin/../lib/gcc/arm-none-eabi/10.3.1/thumb/v6-m/nofp/crti.o
                0x100002b8                _init
 *(EXCLUDE_FILE(*libm.a: *libc.a:*lib_a-mem*.o *libgcc.a:) .text*)
 .text          0x100002bc       0x48 c:/picosdk/gcc-arm-none-eabi/bin/../lib/gcc/arm-none-eabi/10.3.1/thumb/v6-m/nofp/crtbegin.o
 .text._ZL7reverseh
                0x10000304       0x30 ssd1306_i2c_1/CMakeFiles/picow_ntp_client_poll.dir/ssd1306_i2c_1.cpp.obj
 .text._ZL17FillReversedCachev
                0x10000334       0x28 ssd1306_i2c_1/CMakeFiles/picow_ntp_client_poll.dir/ssd1306_i2c_1.cpp.obj
 .text._ZL9WriteCharPhssh
                0x1000035c       0x78 ssd1306_i2c_1/CMakeFiles/picow_ntp_client_poll.dir/ssd1306_i2c_1.cpp.obj
 .text._ZL11WriteStringPhssPKc
                0x100003d4       0x2c ssd1306_i2c_1/CMakeFiles/picow_ntp_client_poll.dir/ssd1306_i2c_1.cpp.obj
 .text._ZL11ntp_requestP6NTP_T_
                0x10000400       0x3e ssd1306_i2c_1/CMakeFiles/picow_ntp_client_poll.dir/ssd1306_i2c_1.cpp.obj
 *fill*         0x1000043e        0x2 
 .text._ZL8ntp_initv
                0x10000440       0x4c ssd1306_i2c_1/CMakeFiles/picow_ntp_client_poll.dir/ssd1306_i2c_1.cpp.obj
 .text._ZL10ntp_resultP6NTP_T_iPx
                0x1000048c       0xac ssd1306_i2c_1/CMakeFiles/picow_ntp_client_poll.dir/ssd1306_i2c_1.cpp.obj
 .text._ZL13ntp_dns_foundPKcPK8ip4_addrPv
                0x10000538       0x40 ssd1306_i2c_1/CMakeFiles/picow_ntp_client_poll.dir/ssd1306_i2c_1.cpp.obj
 .text._ZL18ntp_failed_handlerlPv
                0x10000578       0x20 ssd1306_i2c_1/CMakeFiles/picow_ntp_client_poll.dir/ssd1306_i2c_1.cpp.obj
 .text._ZL8ntp_recvPvP7udp_pcbP4pbufPK8ip4_addrt
                0x10000598       0xac ssd1306_i2c_1/CMakeFiles/picow_ntp_client_poll.dir/ssd1306_i2c_1.cpp.obj
 .text._Z23calc_render_area_buflenP11render_area
                0x10000644       0x16 ssd1306_i2c_1/CMakeFiles/picow_ntp_client_poll.dir/ssd1306_i2c_1.cpp.obj
                0x10000644                calc_render_area_buflen(render_area*)
 *fill*         0x1000065a        0x2 
 .text._Z16SSD1306_send_cmdh
                0x1000065c       0x24 ssd1306_i2c_1/CMakeFiles/picow_ntp_client_poll.dir/ssd1306_i2c_1.cpp.obj
                0x1000065c                SSD1306_send_cmd(unsigned char)
 .text._Z21SSD1306_send_cmd_listPhi
                0x10000680       0x18 ssd1306_i2c_1/CMakeFiles/picow_ntp_client_poll.dir/ssd1306_i2c_1.cpp.obj
                0x10000680                SSD1306_send_cmd_list(unsigned char*, int)
 .text._Z16SSD1306_send_bufPhi
                0x10000698       0x40 ssd1306_i2c_1/CMakeFiles/picow_ntp_client_poll.dir/ssd1306_i2c_1.cpp.obj
                0x10000698                SSD1306_send_buf(unsigned char*, int)
 .text._Z12SSD1306_initv
                0x100006d8       0x28 ssd1306_i2c_1/CMakeFiles/picow_ntp_client_poll.dir/ssd1306_i2c_1.cpp.obj
                0x100006d8                SSD1306_init()
 .text._Z6renderPhP11render_area
                0x10000700       0x40 ssd1306_i2c_1/CMakeFiles/picow_ntp_client_poll.dir/ssd1306_i2c_1.cpp.obj
                0x10000700                render(unsigned char*, render_area*)
 .text._Z12run_ntp_testP6NTP_T_
                0x10000740      0x104 ssd1306_i2c_1/CMakeFiles/picow_ntp_client_poll.dir/ssd1306_i2c_1.cpp.obj
                0x10000740                run_ntp_test(NTP_T_*)
 .text._Z5clear6WS2812
                0x10000844       0x16 ssd1306_i2c_1/CMakeFiles/picow_ntp_client_poll.dir/ssd1306_i2c_1.cpp.obj
                0x10000844                clear(WS2812)
 *fill*         0x1000085a        0x2 
 .text._Z11setDateTime6WS2812S_jj
                0x1000085c      0x940 ssd1306_i2c_1/CMakeFiles/picow_ntp_client_poll.dir/ssd1306_i2c_1.cpp.obj
                0x1000085c                setDateTime(WS2812, WS2812, unsigned int, unsigned int)
 .text._Z11displayTimeP2tm6WS2812S1_
                0x1000119c      0x238 ssd1306_i2c_1/CMakeFiles/picow_ntp_client_poll.dir/ssd1306_i2c_1.cpp.obj
                0x1000119c                displayTime(tm*, WS2812, WS2812)
 .text._Z5test26WS2812S_
                0x100013d4       0xa4 ssd1306_i2c_1/CMakeFiles/picow_ntp_client_poll.dir/ssd1306_i2c_1.cpp.obj
                0x100013d4                test2(WS2812, WS2812)
 .text._Z5test36WS2812S_
                0x10001478       0xc0 ssd1306_i2c_1/CMakeFiles/picow_ntp_client_poll.dir/ssd1306_i2c_1.cpp.obj
                0x10001478                test3(WS2812, WS2812)
 .text._Z14readWiFiConfigv
                0x10001538      0x100 ssd1306_i2c_1/CMakeFiles/picow_ntp_client_poll.dir/ssd1306_i2c_1.cpp.obj
                0x10001538                readWiFiConfig()
 .text.main     0x10001638      0x2c8 ssd1306_i2c_1/CMakeFiles/picow_ntp_client_poll.dir/ssd1306_i2c_1.cpp.obj
                0x10001638                main
 .text._ZN6WS2812D2Ev
                0x10001900        0x2 ssd1306_i2c_1/CMakeFiles/picow_ntp_client_poll.dir/WS2812.cpp.obj
                0x10001900                WS2812::~WS2812()
                0x10001900                WS2812::~WS2812()
 *fill*         0x10001902        0x2 
 .text._ZN6WS281210initializeEjjP8pio_hw_tjNS_8DataByteES2_S2_S2_
                0x10001904      0x170 ssd1306_i2c_1/CMakeFiles/picow_ntp_client_poll.dir/WS2812.cpp.obj
                0x10001904                WS2812::initialize(unsigned int, unsigned int, pio_hw_t*, unsigned int, WS2812::DataByte, WS2812::DataByte, WS2812::DataByte, WS2812::DataByte)
 .text._ZN6WS2812C2EjjP8pio_hw_tjNS_10DataFormatE
                0x10001a74       0x6c ssd1306_i2c_1/CMakeFiles/picow_ntp_client_poll.dir/WS2812.cpp.obj
                0x10001a74                WS2812::WS2812(unsigned int, unsigned int, pio_hw_t*, unsigned int, WS2812::DataFormat)
                0x10001a74                WS2812::WS2812(unsigned int, unsigned int, pio_hw_t*, unsigned int, WS2812::DataFormat)
 .text._ZN6WS281211convertDataEm
                0x10001ae0       0x4a ssd1306_i2c_1/CMakeFiles/picow_ntp_client_poll.dir/WS2812.cpp.obj
                0x10001ae0                WS2812::convertData(unsigned long)
 .text._ZN6WS281213setPixelColorEjm
                0x10001b2a       0x1a ssd1306_i2c_1/CMakeFiles/picow_ntp_client_poll.dir/WS2812.cpp.obj
                0x10001b2a                WS2812::setPixelColor(unsigned int, unsigned long)
 .text._ZN6WS281213setPixelColorEjhhh
                0x10001b44       0x14 ssd1306_i2c_1/CMakeFiles/picow_ntp_client_poll.dir/WS2812.cpp.obj
                0x10001b44                WS2812::setPixelColor(unsigned int, unsigned char, unsigned char, unsigned char)
 .text._ZN6WS28124fillEmjj
                0x10001b58       0x26 ssd1306_i2c_1/CMakeFiles/picow_ntp_client_poll.dir/WS2812.cpp.obj
                0x10001b58                WS2812::fill(unsigned long, unsigned int, unsigned int)
 .text._ZN6WS28124showEv
                0x10001b7e       0x30 ssd1306_i2c_1/CMakeFiles/picow_ntp_client_poll.dir/WS2812.cpp.obj
                0x10001b7e                WS2812::show()
 .text.ext_bits
                0x10001bae       0x30 ssd1306_i2c_1/CMakeFiles/picow_ntp_client_poll.dir/sd_card.c.obj
 *fill*         0x10001bde        0x2 
 .text.sd_ctor  0x10001be0       0x28 ssd1306_i2c_1/CMakeFiles/picow_ntp_client_poll.dir/sd_card.c.obj
 .text.sd_lock  0x10001c08       0x30 ssd1306_i2c_1/CMakeFiles/picow_ntp_client_poll.dir/sd_card.c.obj
 .text.sd_acquire
                0x10001c38       0x10 ssd1306_i2c_1/CMakeFiles/picow_ntp_client_poll.dir/sd_card.c.obj
 .text.sd_cmd_spi
                0x10001c48       0x74 ssd1306_i2c_1/CMakeFiles/picow_ntp_client_poll.dir/sd_card.c.obj
 .text.sd_unlock
                0x10001cbc       0x30 ssd1306_i2c_1/CMakeFiles/picow_ntp_client_poll.dir/sd_card.c.obj
 .text.sd_release
                0x10001cec       0x10 ssd1306_i2c_1/CMakeFiles/picow_ntp_client_poll.dir/sd_card.c.obj
 .text.sd_wait_token
                0x10001cfc       0x9c ssd1306_i2c_1/CMakeFiles/picow_ntp_client_poll.dir/sd_card.c.obj
 .text.sd_read_bytes
                0x10001d98       0x90 ssd1306_i2c_1/CMakeFiles/picow_ntp_client_poll.dir/sd_card.c.obj
 .text.sd_read_block
                0x10001e28       0x88 ssd1306_i2c_1/CMakeFiles/picow_ntp_client_poll.dir/sd_card.c.obj
 .text.sd_wait_ready
                0x10001eb0       0xb8 ssd1306_i2c_1/CMakeFiles/picow_ntp_client_poll.dir/sd_card.c.obj
 .text.sd_cmd   0x10001f68      0x2f0 ssd1306_i2c_1/CMakeFiles/picow_ntp_client_poll.dir/sd_card.c.obj
 .text.sd_cmd8  0x10002258       0x50 ssd1306_i2c_1/CMakeFiles/picow_ntp_client_poll.dir/sd_card.c.obj
 .text.sd_sectors_nolock
                0x100022a8      0x148 ssd1306_i2c_1/CMakeFiles/picow_ntp_client_poll.dir/sd_card.c.obj
 .text.in_sd_read_blocks
                0x100023f0       0xbc ssd1306_i2c_1/CMakeFiles/picow_ntp_client_poll.dir/sd_card.c.obj
 .text.sd_read_blocks
                0x100024ac       0x2e ssd1306_i2c_1/CMakeFiles/picow_ntp_client_poll.dir/sd_card.c.obj
                0x100024ac                sd_read_blocks
 *fill*         0x100024da        0x2 
 .text.sd_go_idle_state
                0x100024dc       0x44 ssd1306_i2c_1/CMakeFiles/picow_ntp_client_poll.dir/sd_card.c.obj
 .text.sd_init_medium
                0x10002520      0x188 ssd1306_i2c_1/CMakeFiles/picow_ntp_client_poll.dir/sd_card.c.obj
 .text.sd_write_block
                0x100026a8       0x88 ssd1306_i2c_1/CMakeFiles/picow_ntp_client_poll.dir/sd_card.c.obj
 .text.in_sd_write_blocks
                0x10002730       0xf8 ssd1306_i2c_1/CMakeFiles/picow_ntp_client_poll.dir/sd_card.c.obj
 .text.sd_write_blocks
                0x10002828       0x2e ssd1306_i2c_1/CMakeFiles/picow_ntp_client_poll.dir/sd_card.c.obj
                0x10002828                sd_write_blocks
 *fill*         0x10002856        0x2 
 .text.sd_card_detect
                0x10002858       0x50 ssd1306_i2c_1/CMakeFiles/picow_ntp_client_poll.dir/sd_card.c.obj
                0x10002858                sd_card_detect
 .text.sd_init  0x100028a8       0xe8 ssd1306_i2c_1/CMakeFiles/picow_ntp_client_poll.dir/sd_card.c.obj
 .text.sd_init_driver
                0x10002990       0xc0 ssd1306_i2c_1/CMakeFiles/picow_ntp_client_poll.dir/sd_card.c.obj
                0x10002990                sd_init_driver
 .text.ld_word  0x10002a50        0xa ssd1306_i2c_1/CMakeFiles/picow_ntp_client_poll.dir/ff.c.obj
 .text.ld_dword
                0x10002a5a       0x18 ssd1306_i2c_1/CMakeFiles/picow_ntp_client_poll.dir/ff.c.obj
 .text.ld_qword
                0x10002a72       0x42 ssd1306_i2c_1/CMakeFiles/picow_ntp_client_poll.dir/ff.c.obj
 .text.tchar2uni
                0x10002ab4       0xd0 ssd1306_i2c_1/CMakeFiles/picow_ntp_client_poll.dir/ff.c.obj
 .text.clst2sect
                0x10002b84       0x28 ssd1306_i2c_1/CMakeFiles/picow_ntp_client_poll.dir/ff.c.obj
 .text.clmt_clust
                0x10002bac       0x30 ssd1306_i2c_1/CMakeFiles/picow_ntp_client_poll.dir/ff.c.obj
 .text.ld_clust
                0x10002bdc       0x26 ssd1306_i2c_1/CMakeFiles/picow_ntp_client_poll.dir/ff.c.obj
 *fill*         0x10002c02        0x2 
 .text.pick_lfn
                0x10002c04       0x94 ssd1306_i2c_1/CMakeFiles/picow_ntp_client_poll.dir/ff.c.obj
 .text.sum_sfn  0x10002c98       0x20 ssd1306_i2c_1/CMakeFiles/picow_ntp_client_poll.dir/ff.c.obj
 .text.xdir_sum
                0x10002cb8       0x2e ssd1306_i2c_1/CMakeFiles/picow_ntp_client_poll.dir/ff.c.obj
 .text.init_alloc_info
                0x10002ce6       0x2e ssd1306_i2c_1/CMakeFiles/picow_ntp_client_poll.dir/ff.c.obj
 .text.get_ldnumber
                0x10002d14       0x5c ssd1306_i2c_1/CMakeFiles/picow_ntp_client_poll.dir/ff.c.obj
 .text.crc32    0x10002d70       0x2c ssd1306_i2c_1/CMakeFiles/picow_ntp_client_poll.dir/ff.c.obj
 .text.validate
                0x10002d9c       0x52 ssd1306_i2c_1/CMakeFiles/picow_ntp_client_poll.dir/ff.c.obj
 *fill*         0x10002dee        0x2 
 .text.test_gpt_header
                0x10002df0       0x7c ssd1306_i2c_1/CMakeFiles/picow_ntp_client_poll.dir/ff.c.obj
 .text.move_window
                0x10002e6c       0x40 ssd1306_i2c_1/CMakeFiles/picow_ntp_client_poll.dir/ff.c.obj
 .text.check_fs
                0x10002eac      0x100 ssd1306_i2c_1/CMakeFiles/picow_ntp_client_poll.dir/ff.c.obj
 .text.find_volume
                0x10002fac      0x14c ssd1306_i2c_1/CMakeFiles/picow_ntp_client_poll.dir/ff.c.obj
 .text.mount_volume
                0x100030f8      0x478 ssd1306_i2c_1/CMakeFiles/picow_ntp_client_poll.dir/ff.c.obj
 .text.get_fat  0x10003570      0x1ac ssd1306_i2c_1/CMakeFiles/picow_ntp_client_poll.dir/ff.c.obj
 .text.dir_next
                0x1000371c       0xc4 ssd1306_i2c_1/CMakeFiles/picow_ntp_client_poll.dir/ff.c.obj
 .text.dir_sdi  0x100037e0       0xd4 ssd1306_i2c_1/CMakeFiles/picow_ntp_client_poll.dir/ff.c.obj
 .text.load_xdir
                0x100038b4      0x10c ssd1306_i2c_1/CMakeFiles/picow_ntp_client_poll.dir/ff.c.obj
 .text.load_obj_xdir
                0x100039c0       0x36 ssd1306_i2c_1/CMakeFiles/picow_ntp_client_poll.dir/ff.c.obj
 .text.dir_read
                0x100039f6      0x114 ssd1306_i2c_1/CMakeFiles/picow_ntp_client_poll.dir/ff.c.obj
 *fill*         0x10003b0a        0x2 
 .text.create_name
                0x10003b0c      0x324 ssd1306_i2c_1/CMakeFiles/picow_ntp_client_poll.dir/ff.c.obj
 .text.xname_sum
                0x10003e30       0x38 ssd1306_i2c_1/CMakeFiles/picow_ntp_client_poll.dir/ff.c.obj
 .text.cmp_lfn  0x10003e68       0xb0 ssd1306_i2c_1/CMakeFiles/picow_ntp_client_poll.dir/ff.c.obj
 .text.dir_find
                0x10003f18      0x18c ssd1306_i2c_1/CMakeFiles/picow_ntp_client_poll.dir/ff.c.obj
 .text.follow_path
                0x100040a4      0x11a ssd1306_i2c_1/CMakeFiles/picow_ntp_client_poll.dir/ff.c.obj
 *fill*         0x100041be        0x2 
 .text.f_mount  0x100041c0       0x5c ssd1306_i2c_1/CMakeFiles/picow_ntp_client_poll.dir/ff.c.obj
                0x100041c0                f_mount
 .text.f_open   0x1000421c       0xea ssd1306_i2c_1/CMakeFiles/picow_ntp_client_poll.dir/ff.c.obj
                0x1000421c                f_open
 .text.f_read   0x10004306      0x1dc ssd1306_i2c_1/CMakeFiles/picow_ntp_client_poll.dir/ff.c.obj
                0x10004306                f_read
 .text.f_close  0x100044e2       0x18 ssd1306_i2c_1/CMakeFiles/picow_ntp_client_poll.dir/ff.c.obj
                0x100044e2                f_close
 *fill*         0x100044fa        0x2 
 .text.f_gets   0x100044fc      0x17c ssd1306_i2c_1/CMakeFiles/picow_ntp_client_poll.dir/ff.c.obj
                0x100044fc                f_gets
 .text.ff_memalloc
                0x10004678        0x8 ssd1306_i2c_1/CMakeFiles/picow_ntp_client_poll.dir/ffsystem.c.obj
                0x10004678                ff_memalloc
 .text.ff_memfree
                0x10004680        0x8 ssd1306_i2c_1/CMakeFiles/picow_ntp_client_poll.dir/ffsystem.c.obj
                0x10004680                ff_memfree
 .text.ff_uni2oem
                0x10004688       0x44 ssd1306_i2c_1/CMakeFiles/picow_ntp_client_poll.dir/ffunicode.c.obj
                0x10004688                ff_uni2oem
 .text.ff_wtoupper
                0x100046cc       0xa8 ssd1306_i2c_1/CMakeFiles/picow_ntp_client_poll.dir/ffunicode.c.obj
                0x100046cc                ff_wtoupper
 .text.spi_get_by_rx_dma
                0x10004774       0x2a ssd1306_i2c_1/CMakeFiles/picow_ntp_client_poll.dir/spi.c.obj
 *fill*         0x1000479e        0x2 
 .text.spi_lock
                0x100047a0       0x30 ssd1306_i2c_1/CMakeFiles/picow_ntp_client_poll.dir/spi.c.obj
                0x100047a0                spi_lock
 .text.spi_unlock
                0x100047d0       0x30 ssd1306_i2c_1/CMakeFiles/picow_ntp_client_poll.dir/spi.c.obj
                0x100047d0                spi_unlock
 .text.my_spi_init
                0x10004800      0x254 ssd1306_i2c_1/CMakeFiles/picow_ntp_client_poll.dir/spi.c.obj
                0x10004800                my_spi_init
 .text.sd_spi_deselect
                0x10004a54       0x2c ssd1306_i2c_1/CMakeFiles/picow_ntp_client_poll.dir/sd_spi.c.obj
 .text.sd_spi_select
                0x10004a80       0x2c ssd1306_i2c_1/CMakeFiles/picow_ntp_client_poll.dir/sd_spi.c.obj
 .text.sd_spi_lock
                0x10004aac        0xa ssd1306_i2c_1/CMakeFiles/picow_ntp_client_poll.dir/sd_spi.c.obj
 .text.sd_spi_unlock
                0x10004ab6        0xa ssd1306_i2c_1/CMakeFiles/picow_ntp_client_poll.dir/sd_spi.c.obj
 .text.sd_spi_go_high_frequency
                0x10004ac0       0x20 ssd1306_i2c_1/CMakeFiles/picow_ntp_client_poll.dir/sd_spi.c.obj
                0x10004ac0                sd_spi_go_high_frequency
 .text.sd_spi_go_low_frequency
                0x10004ae0       0x24 ssd1306_i2c_1/CMakeFiles/picow_ntp_client_poll.dir/sd_spi.c.obj
                0x10004ae0                sd_spi_go_low_frequency
 .text.sd_spi_deselect_pulse
                0x10004b04       0x10 ssd1306_i2c_1/CMakeFiles/picow_ntp_client_poll.dir/sd_spi.c.obj
                0x10004b04                sd_spi_deselect_pulse
 .text.sd_spi_acquire
                0x10004b14       0x10 ssd1306_i2c_1/CMakeFiles/picow_ntp_client_poll.dir/sd_spi.c.obj
                0x10004b14                sd_spi_acquire
 .text.sd_spi_release
                0x10004b24       0x10 ssd1306_i2c_1/CMakeFiles/picow_ntp_client_poll.dir/sd_spi.c.obj
                0x10004b24                sd_spi_release
 .text.sd_spi_transfer
                0x10004b34        0xa ssd1306_i2c_1/CMakeFiles/picow_ntp_client_poll.dir/sd_spi.c.obj
                0x10004b34                sd_spi_transfer
 *fill*         0x10004b3e        0x2 
 .text.sd_spi_write
                0x10004b40       0x44 ssd1306_i2c_1/CMakeFiles/picow_ntp_client_poll.dir/sd_spi.c.obj
                0x10004b40                sd_spi_write
 .text.sd_spi_send_initializing_sequence
                0x10004b84       0xc0 ssd1306_i2c_1/CMakeFiles/picow_ntp_client_poll.dir/sd_spi.c.obj
                0x10004b84                sd_spi_send_initializing_sequence
 .text.crc7     0x10004c44       0x20 ssd1306_i2c_1/CMakeFiles/picow_ntp_client_poll.dir/crc.c.obj
                0x10004c44                crc7
 .text.crc16    0x10004c64       0x28 ssd1306_i2c_1/CMakeFiles/picow_ntp_client_poll.dir/crc.c.obj
                0x10004c64                crc16
 .text.my_printf
                0x10004c8c       0x4c ssd1306_i2c_1/CMakeFiles/picow_ntp_client_poll.dir/my_debug.c.obj
                0x10004c8c                my_printf
 .text.my_assert_func
                0x10004cd8       0x2c ssd1306_i2c_1/CMakeFiles/picow_ntp_client_poll.dir/my_debug.c.obj
                0x10004cd8                my_assert_func
 .text.sd_get_num
                0x10004d04        0x4 ssd1306_i2c_1/CMakeFiles/picow_ntp_client_poll.dir/hw_config.c.obj
                0x10004d04                sd_get_num
 .text.sd_get_by_num
                0x10004d08       0x24 ssd1306_i2c_1/CMakeFiles/picow_ntp_client_poll.dir/hw_config.c.obj
                0x10004d08                sd_get_by_num
 .text.spi_get_num
                0x10004d2c        0x4 ssd1306_i2c_1/CMakeFiles/picow_ntp_client_poll.dir/hw_config.c.obj
                0x10004d2c                spi_get_num
 .text.spi_get_by_num
                0x10004d30       0x1c ssd1306_i2c_1/CMakeFiles/picow_ntp_client_poll.dir/hw_config.c.obj
                0x10004d30                spi_get_by_num
 .text.sdrc2dresult
                0x10004d4c       0x60 ssd1306_i2c_1/CMakeFiles/picow_ntp_client_poll.dir/glue.c.obj
 .text.disk_status
                0x10004dac       0x16 ssd1306_i2c_1/CMakeFiles/picow_ntp_client_poll.dir/glue.c.obj
                0x10004dac                disk_status
 .text.disk_initialize
                0x10004dc2       0x2a ssd1306_i2c_1/CMakeFiles/picow_ntp_client_poll.dir/glue.c.obj
                0x10004dc2                disk_initialize
 .text.disk_read
                0x10004dec       0x32 ssd1306_i2c_1/CMakeFiles/picow_ntp_client_poll.dir/glue.c.obj
                0x10004dec                disk_read
 *fill*         0x10004e1e        0x2 
 .text.lwip_timeout_reached
                0x10004e20       0x2c ssd1306_i2c_1/CMakeFiles/picow_ntp_client_poll.dir/C_/PicoSDK/pico-sdk/src/rp2_common/pico_lwip/lwip_nosys.c.obj
 .text.update_next_timeout
                0x10004e4c       0xb0 ssd1306_i2c_1/CMakeFiles/picow_ntp_client_poll.dir/C_/PicoSDK/pico-sdk/src/rp2_common/pico_lwip/lwip_nosys.c.obj
 .text.lwip_nosys_init
                0x10004efc       0x34 ssd1306_i2c_1/CMakeFiles/picow_ntp_client_poll.dir/C_/PicoSDK/pico-sdk/src/rp2_common/pico_lwip/lwip_nosys.c.obj
                0x10004efc                lwip_nosys_init
 .text.lwip_nosys_deinit
                0x10004f30       0x20 ssd1306_i2c_1/CMakeFiles/picow_ntp_client_poll.dir/C_/PicoSDK/pico-sdk/src/rp2_common/pico_lwip/lwip_nosys.c.obj
                0x10004f30                lwip_nosys_deinit
 .text.sys_arch_protect
                0x10004f50        0x4 ssd1306_i2c_1/CMakeFiles/picow_ntp_client_poll.dir/C_/PicoSDK/pico-sdk/src/rp2_common/pico_lwip/lwip_nosys.c.obj
                0x10004f50                sys_arch_protect
 .text.sys_arch_unprotect
                0x10004f54        0x2 ssd1306_i2c_1/CMakeFiles/picow_ntp_client_poll.dir/C_/PicoSDK/pico-sdk/src/rp2_common/pico_lwip/lwip_nosys.c.obj
                0x10004f54                sys_arch_unprotect
 *fill*         0x10004f56        0x2 
 .text.sys_now  0x10004f58       0x3c ssd1306_i2c_1/CMakeFiles/picow_ntp_client_poll.dir/C_/PicoSDK/pico-sdk/src/rp2_common/pico_lwip/lwip_nosys.c.obj
                0x10004f58                sys_now
 .text.async_context_base_add_at_time_worker
                0x10004f94       0x1c ssd1306_i2c_1/CMakeFiles/picow_ntp_client_poll.dir/C_/PicoSDK/pico-sdk/src/rp2_common/pico_async_context/async_context_base.c.obj
                0x10004f94                async_context_base_add_at_time_worker
 .text.async_context_base_remove_at_time_worker
                0x10004fb0       0x1c ssd1306_i2c_1/CMakeFiles/picow_ntp_client_poll.dir/C_/PicoSDK/pico-sdk/src/rp2_common/pico_async_context/async_context_base.c.obj
                0x10004fb0                async_context_base_remove_at_time_worker
 .text.async_context_base_add_when_pending_worker
                0x10004fcc       0x1c ssd1306_i2c_1/CMakeFiles/picow_ntp_client_poll.dir/C_/PicoSDK/pico-sdk/src/rp2_common/pico_async_context/async_context_base.c.obj
                0x10004fcc                async_context_base_add_when_pending_worker
 .text.async_context_base_remove_when_pending_worker
                0x10004fe8       0x1c ssd1306_i2c_1/CMakeFiles/picow_ntp_client_poll.dir/C_/PicoSDK/pico-sdk/src/rp2_common/pico_async_context/async_context_base.c.obj
                0x10004fe8                async_context_base_remove_when_pending_worker
 .text.async_context_base_remove_ready_at_time_worker
                0x10005004       0x94 ssd1306_i2c_1/CMakeFiles/picow_ntp_client_poll.dir/C_/PicoSDK/pico-sdk/src/rp2_common/pico_async_context/async_context_base.c.obj
                0x10005004                async_context_base_remove_ready_at_time_worker
 .text.async_context_base_refresh_next_timeout
                0x10005098       0x4c ssd1306_i2c_1/CMakeFiles/picow_ntp_client_poll.dir/C_/PicoSDK/pico-sdk/src/rp2_common/pico_async_context/async_context_base.c.obj
                0x10005098                async_context_base_refresh_next_timeout
 .text.async_context_base_execute_once
                0x100050e4       0x48 ssd1306_i2c_1/CMakeFiles/picow_ntp_client_poll.dir/C_/PicoSDK/pico-sdk/src/rp2_common/pico_async_context/async_context_base.c.obj
                0x100050e4                async_context_base_execute_once
 .text.running_on_fpga
                0x1000512c       0x14 ssd1306_i2c_1/CMakeFiles/picow_ntp_client_poll.dir/C_/PicoSDK/pico-sdk/src/rp2_common/pico_platform/platform.c.obj
                0x1000512c                running_on_fpga
 .text.splitmix64
                0x10005140       0x5c ssd1306_i2c_1/CMakeFiles/picow_ntp_client_poll.dir/C_/PicoSDK/pico-sdk/src/rp2_common/pico_rand/rand.c.obj
 .text.sdbm_hash64_sram
                0x1000519c       0x64 ssd1306_i2c_1/CMakeFiles/picow_ntp_client_poll.dir/C_/PicoSDK/pico-sdk/src/rp2_common/pico_rand/rand.c.obj
 .text.xoroshiro128ss
                0x10005200       0xb8 ssd1306_i2c_1/CMakeFiles/picow_ntp_client_poll.dir/C_/PicoSDK/pico-sdk/src/rp2_common/pico_rand/rand.c.obj
 .text.capture_additional_rosc_samples
                0x100052b8      0x1a4 ssd1306_i2c_1/CMakeFiles/picow_ntp_client_poll.dir/C_/PicoSDK/pico-sdk/src/rp2_common/pico_rand/rand.c.obj
 .text.initialise_rand
                0x1000545c      0x118 ssd1306_i2c_1/CMakeFiles/picow_ntp_client_poll.dir/C_/PicoSDK/pico-sdk/src/rp2_common/pico_rand/rand.c.obj
 .text.get_rand_64
                0x10005574      0x11c ssd1306_i2c_1/CMakeFiles/picow_ntp_client_poll.dir/C_/PicoSDK/pico-sdk/src/rp2_common/pico_rand/rand.c.obj
                0x10005574                get_rand_64
 .text.get_rand_32
                0x10005690        0x8 ssd1306_i2c_1/CMakeFiles/picow_ntp_client_poll.dir/C_/PicoSDK/pico-sdk/src/rp2_common/pico_rand/rand.c.obj
                0x10005690                get_rand_32
 .text._retrieve_unique_id_on_boot
                0x10005698       0x10 ssd1306_i2c_1/CMakeFiles/picow_ntp_client_poll.dir/C_/PicoSDK/pico-sdk/src/rp2_common/pico_unique_id/unique_id.c.obj
 .text.pico_get_unique_board_id
                0x100056a8       0x10 ssd1306_i2c_1/CMakeFiles/picow_ntp_client_poll.dir/C_/PicoSDK/pico-sdk/src/rp2_common/pico_unique_id/unique_id.c.obj
                0x100056a8                pico_get_unique_board_id
 .text.flash_get_unique_id
                0x100056b8       0x46 ssd1306_i2c_1/CMakeFiles/picow_ntp_client_poll.dir/C_/PicoSDK/pico-sdk/src/rp2_common/hardware_flash/flash.c.obj
                0x100056b8                flash_get_unique_id
 *fill*         0x100056fe        0x2 
 .text.hw_claim_lock
                0x10005700       0x18 ssd1306_i2c_1/CMakeFiles/picow_ntp_client_poll.dir/C_/PicoSDK/pico-sdk/src/rp2_common/hardware_claim/claim.c.obj
                0x10005700                hw_claim_lock
 .text.hw_claim_unlock
                0x10005718       0x14 ssd1306_i2c_1/CMakeFiles/picow_ntp_client_poll.dir/C_/PicoSDK/pico-sdk/src/rp2_common/hardware_claim/claim.c.obj
                0x10005718                hw_claim_unlock
 .text.hw_is_claimed
                0x1000572c       0x16 ssd1306_i2c_1/CMakeFiles/picow_ntp_client_poll.dir/C_/PicoSDK/pico-sdk/src/rp2_common/hardware_claim/claim.c.obj
                0x1000572c                hw_is_claimed
 .text.hw_claim_or_assert
                0x10005742       0x32 ssd1306_i2c_1/CMakeFiles/picow_ntp_client_poll.dir/C_/PicoSDK/pico-sdk/src/rp2_common/hardware_claim/claim.c.obj
                0x10005742                hw_claim_or_assert
 .text.hw_claim_unused_from_range
                0x10005774       0x50 ssd1306_i2c_1/CMakeFiles/picow_ntp_client_poll.dir/C_/PicoSDK/pico-sdk/src/rp2_common/hardware_claim/claim.c.obj
                0x10005774                hw_claim_unused_from_range
 .text.hw_claim_clear
                0x100057c4       0x40 ssd1306_i2c_1/CMakeFiles/picow_ntp_client_poll.dir/C_/PicoSDK/pico-sdk/src/rp2_common/hardware_claim/claim.c.obj
                0x100057c4                hw_claim_clear
 .text.spin_locks_reset
                0x10005804       0x20 ssd1306_i2c_1/CMakeFiles/picow_ntp_client_poll.dir/C_/PicoSDK/pico-sdk/src/rp2_common/hardware_sync/sync.c.obj
                0x10005804                spin_locks_reset
 .text.next_striped_spin_lock_num
                0x10005824       0x1c ssd1306_i2c_1/CMakeFiles/picow_ntp_client_poll.dir/C_/PicoSDK/pico-sdk/src/rp2_common/hardware_sync/sync.c.obj
                0x10005824                next_striped_spin_lock_num
 .text.spin_lock_claim_unused
                0x10005840       0x20 ssd1306_i2c_1/CMakeFiles/picow_ntp_client_poll.dir/C_/PicoSDK/pico-sdk/src/rp2_common/hardware_sync/sync.c.obj
                0x10005840                spin_lock_claim_unused
 .text.rom_func_lookup
                0x10005860       0x10 ssd1306_i2c_1/CMakeFiles/picow_ntp_client_poll.dir/C_/PicoSDK/pico-sdk/src/rp2_common/pico_bootrom/bootrom.c.obj
                0x10005860                rom_func_lookup
 .text.rom_data_lookup
                0x10005870       0x10 ssd1306_i2c_1/CMakeFiles/picow_ntp_client_poll.dir/C_/PicoSDK/pico-sdk/src/rp2_common/pico_bootrom/bootrom.c.obj
                0x10005870                rom_data_lookup
 .text.rom_funcs_lookup
                0x10005880       0x36 ssd1306_i2c_1/CMakeFiles/picow_ntp_client_poll.dir/C_/PicoSDK/pico-sdk/src/rp2_common/pico_bootrom/bootrom.c.obj
                0x10005880                rom_funcs_lookup
 *fill*         0x100058b6        0x2 
 .text.clock_configure
                0x100058b8      0x104 ssd1306_i2c_1/CMakeFiles/picow_ntp_client_poll.dir/C_/PicoSDK/pico-sdk/src/rp2_common/hardware_clocks/clocks.c.obj
                0x100058b8                clock_configure
 .text.clocks_init
                0x100059bc      0x100 ssd1306_i2c_1/CMakeFiles/picow_ntp_client_poll.dir/C_/PicoSDK/pico-sdk/src/rp2_common/hardware_clocks/clocks.c.obj
                0x100059bc                clocks_init
 .text.clock_get_hz
                0x10005abc        0xc ssd1306_i2c_1/CMakeFiles/picow_ntp_client_poll.dir/C_/PicoSDK/pico-sdk/src/rp2_common/hardware_clocks/clocks.c.obj
                0x10005abc                clock_get_hz
 .text.gpio_set_function
                0x10005ac8       0x30 ssd1306_i2c_1/CMakeFiles/picow_ntp_client_poll.dir/C_/PicoSDK/pico-sdk/src/rp2_common/hardware_gpio/gpio.c.obj
                0x10005ac8                gpio_set_function
 .text.gpio_set_pulls
                0x10005af8       0x34 ssd1306_i2c_1/CMakeFiles/picow_ntp_client_poll.dir/C_/PicoSDK/pico-sdk/src/rp2_common/hardware_gpio/gpio.c.obj
                0x10005af8                gpio_set_pulls
 .text.gpio_set_input_hysteresis_enabled
                0x10005b2c       0x30 ssd1306_i2c_1/CMakeFiles/picow_ntp_client_poll.dir/C_/PicoSDK/pico-sdk/src/rp2_common/hardware_gpio/gpio.c.obj
                0x10005b2c                gpio_set_input_hysteresis_enabled
 .text.gpio_set_drive_strength
                0x10005b5c       0x20 ssd1306_i2c_1/CMakeFiles/picow_ntp_client_poll.dir/C_/PicoSDK/pico-sdk/src/rp2_common/hardware_gpio/gpio.c.obj
                0x10005b5c                gpio_set_drive_strength
 .text.gpio_add_raw_irq_handler_with_order_priority_masked
                0x10005b7c       0x40 ssd1306_i2c_1/CMakeFiles/picow_ntp_client_poll.dir/C_/PicoSDK/pico-sdk/src/rp2_common/hardware_gpio/gpio.c.obj
                0x10005b7c                gpio_add_raw_irq_handler_with_order_priority_masked
 .text.gpio_remove_raw_irq_handler_masked
                0x10005bbc       0x48 ssd1306_i2c_1/CMakeFiles/picow_ntp_client_poll.dir/C_/PicoSDK/pico-sdk/src/rp2_common/hardware_gpio/gpio.c.obj
                0x10005bbc                gpio_remove_raw_irq_handler_masked
 .text.gpio_acknowledge_irq
                0x10005c04       0x18 ssd1306_i2c_1/CMakeFiles/picow_ntp_client_poll.dir/C_/PicoSDK/pico-sdk/src/rp2_common/hardware_gpio/gpio.c.obj
                0x10005c04                gpio_acknowledge_irq
 .text._gpio_set_irq_enabled
                0x10005c1c       0x34 ssd1306_i2c_1/CMakeFiles/picow_ntp_client_poll.dir/C_/PicoSDK/pico-sdk/src/rp2_common/hardware_gpio/gpio.c.obj
 .text.gpio_set_irq_enabled
                0x10005c50       0x20 ssd1306_i2c_1/CMakeFiles/picow_ntp_client_poll.dir/C_/PicoSDK/pico-sdk/src/rp2_common/hardware_gpio/gpio.c.obj
                0x10005c50                gpio_set_irq_enabled
 .text.gpio_init
                0x10005c70       0x16 ssd1306_i2c_1/CMakeFiles/picow_ntp_client_poll.dir/C_/PicoSDK/pico-sdk/src/rp2_common/hardware_gpio/gpio.c.obj
                0x10005c70                gpio_init
 *fill*         0x10005c86        0x2 
 .text.set_raw_irq_handler_and_unlock
                0x10005c88       0x28 ssd1306_i2c_1/CMakeFiles/picow_ntp_client_poll.dir/C_/PicoSDK/pico-sdk/src/rp2_common/hardware_irq/irq.c.obj
 .text.make_branch
                0x10005cb0       0x48 ssd1306_i2c_1/CMakeFiles/picow_ntp_client_poll.dir/C_/PicoSDK/pico-sdk/src/rp2_common/hardware_irq/irq.c.obj
 .text.insert_branch_and_link
                0x10005cf8       0x40 ssd1306_i2c_1/CMakeFiles/picow_ntp_client_poll.dir/C_/PicoSDK/pico-sdk/src/rp2_common/hardware_irq/irq.c.obj
 .text.irq_is_enabled
                0x10005d38       0x18 ssd1306_i2c_1/CMakeFiles/picow_ntp_client_poll.dir/C_/PicoSDK/pico-sdk/src/rp2_common/hardware_irq/irq.c.obj
                0x10005d38                irq_is_enabled
 .text.irq_set_mask_enabled
                0x10005d50       0x20 ssd1306_i2c_1/CMakeFiles/picow_ntp_client_poll.dir/C_/PicoSDK/pico-sdk/src/rp2_common/hardware_irq/irq.c.obj
                0x10005d50                irq_set_mask_enabled
 .text.irq_set_enabled
                0x10005d70        0xe ssd1306_i2c_1/CMakeFiles/picow_ntp_client_poll.dir/C_/PicoSDK/pico-sdk/src/rp2_common/hardware_irq/irq.c.obj
                0x10005d70                irq_set_enabled
 *fill*         0x10005d7e        0x2 
 .text.irq_get_vtable_handler
                0x10005d80       0x10 ssd1306_i2c_1/CMakeFiles/picow_ntp_client_poll.dir/C_/PicoSDK/pico-sdk/src/rp2_common/hardware_irq/irq.c.obj
                0x10005d80                irq_get_vtable_handler
 .text.irq_set_exclusive_handler
                0x10005d90       0x54 ssd1306_i2c_1/CMakeFiles/picow_ntp_client_poll.dir/C_/PicoSDK/pico-sdk/src/rp2_common/hardware_irq/irq.c.obj
                0x10005d90                irq_set_exclusive_handler
 .text.irq_add_shared_handler
                0x10005de4      0x234 ssd1306_i2c_1/CMakeFiles/picow_ntp_client_poll.dir/C_/PicoSDK/pico-sdk/src/rp2_common/hardware_irq/irq.c.obj
                0x10005de4                irq_add_shared_handler
 .text.irq_remove_handler
                0x10006018      0x1ac ssd1306_i2c_1/CMakeFiles/picow_ntp_client_poll.dir/C_/PicoSDK/pico-sdk/src/rp2_common/hardware_irq/irq.c.obj
                0x10006018                irq_remove_handler
 .text.irq_add_tail_to_free_list
                0x100061c4       0xf0 ssd1306_i2c_1/CMakeFiles/picow_ntp_client_poll.dir/C_/PicoSDK/pico-sdk/src/rp2_common/hardware_irq/irq.c.obj
                0x100061c4                irq_add_tail_to_free_list
 .text.irq_init_priorities
                0x100062b4       0x1c ssd1306_i2c_1/CMakeFiles/picow_ntp_client_poll.dir/C_/PicoSDK/pico-sdk/src/rp2_common/hardware_irq/irq.c.obj
                0x100062b4                irq_init_priorities
 .text.sem_init
                0x100062d0       0x1e ssd1306_i2c_1/CMakeFiles/picow_ntp_client_poll.dir/C_/PicoSDK/pico-sdk/src/common/pico_sync/sem.c.obj
                0x100062d0                sem_init
 *fill*         0x100062ee        0x2 
 .text.lock_init
                0x100062f0       0x10 ssd1306_i2c_1/CMakeFiles/picow_ntp_client_poll.dir/C_/PicoSDK/pico-sdk/src/common/pico_sync/lock_core.c.obj
                0x100062f0                lock_init
 .text.mutex_init
                0x10006300       0x1a ssd1306_i2c_1/CMakeFiles/picow_ntp_client_poll.dir/C_/PicoSDK/pico-sdk/src/common/pico_sync/mutex.c.obj
                0x10006300                mutex_init
 .text.recursive_mutex_init
                0x1000631a       0x1e ssd1306_i2c_1/CMakeFiles/picow_ntp_client_poll.dir/C_/PicoSDK/pico-sdk/src/common/pico_sync/mutex.c.obj
                0x1000631a                recursive_mutex_init
 .text.critical_section_init_with_lock_num
                0x10006338       0x14 ssd1306_i2c_1/CMakeFiles/picow_ntp_client_poll.dir/C_/PicoSDK/pico-sdk/src/common/pico_sync/critical_section.c.obj
                0x10006338                critical_section_init_with_lock_num
 .text.critical_section_init
                0x1000634c       0x14 ssd1306_i2c_1/CMakeFiles/picow_ntp_client_poll.dir/C_/PicoSDK/pico-sdk/src/common/pico_sync/critical_section.c.obj
                0x1000634c                critical_section_init
 .text.alarm_pool_post_alloc_init
                0x10006360       0x40 ssd1306_i2c_1/CMakeFiles/picow_ntp_client_poll.dir/C_/PicoSDK/pico-sdk/src/common/pico_time/time.c.obj
 .text.sleep_until_callback
                0x100063a0       0x30 ssd1306_i2c_1/CMakeFiles/picow_ntp_client_poll.dir/C_/PicoSDK/pico-sdk/src/common/pico_time/time.c.obj
 .text.timer_pool_entry_comparator
                0x100063d0       0x7c ssd1306_i2c_1/CMakeFiles/picow_ntp_client_poll.dir/C_/PicoSDK/pico-sdk/src/common/pico_time/time.c.obj
                0x100063d0                timer_pool_entry_comparator
 .text.ph_add_child_node
                0x1000644c       0xa4 ssd1306_i2c_1/CMakeFiles/picow_ntp_client_poll.dir/C_/PicoSDK/pico-sdk/src/common/pico_time/time.c.obj
 .text.ph_merge_nodes
                0x100064f0       0x3e ssd1306_i2c_1/CMakeFiles/picow_ntp_client_poll.dir/C_/PicoSDK/pico-sdk/src/common/pico_time/time.c.obj
 *fill*         0x1000652e        0x2 
 .text.add_alarm_under_lock
                0x10006530      0x174 ssd1306_i2c_1/CMakeFiles/picow_ntp_client_poll.dir/C_/PicoSDK/pico-sdk/src/common/pico_time/time.c.obj
 .text.alarm_pool_alarm_callback
                0x100066a4      0x33c ssd1306_i2c_1/CMakeFiles/picow_ntp_client_poll.dir/C_/PicoSDK/pico-sdk/src/common/pico_time/time.c.obj
 .text.alarm_pool_init_default
                0x100069e0       0x40 ssd1306_i2c_1/CMakeFiles/picow_ntp_client_poll.dir/C_/PicoSDK/pico-sdk/src/common/pico_time/time.c.obj
                0x100069e0                alarm_pool_init_default
 .text.alarm_pool_get_default
                0x10006a20       0x2c ssd1306_i2c_1/CMakeFiles/picow_ntp_client_poll.dir/C_/PicoSDK/pico-sdk/src/common/pico_time/time.c.obj
                0x10006a20                alarm_pool_get_default
 .text.alarm_pool_add_alarm_at
                0x10006a4c      0x168 ssd1306_i2c_1/CMakeFiles/picow_ntp_client_poll.dir/C_/PicoSDK/pico-sdk/src/common/pico_time/time.c.obj
                0x10006a4c                alarm_pool_add_alarm_at
 .text.alarm_pool_cancel_alarm
                0x10006bb4       0xf0 ssd1306_i2c_1/CMakeFiles/picow_ntp_client_poll.dir/C_/PicoSDK/pico-sdk/src/common/pico_time/time.c.obj
                0x10006bb4                alarm_pool_cancel_alarm
 .text.sleep_until
                0x10006ca4       0xfc ssd1306_i2c_1/CMakeFiles/picow_ntp_client_poll.dir/C_/PicoSDK/pico-sdk/src/common/pico_time/time.c.obj
                0x10006ca4                sleep_until
 .text.sleep_us
                0x10006da0       0x58 ssd1306_i2c_1/CMakeFiles/picow_ntp_client_poll.dir/C_/PicoSDK/pico-sdk/src/common/pico_time/time.c.obj
                0x10006da0                sleep_us
 .text.sleep_ms
                0x10006df8       0x14 ssd1306_i2c_1/CMakeFiles/picow_ntp_client_poll.dir/C_/PicoSDK/pico-sdk/src/common/pico_time/time.c.obj
                0x10006df8                sleep_ms
 .text.best_effort_wfe_or_timeout
                0x10006e0c       0xac ssd1306_i2c_1/CMakeFiles/picow_ntp_client_poll.dir/C_/PicoSDK/pico-sdk/src/common/pico_time/time.c.obj
                0x10006e0c                best_effort_wfe_or_timeout
 .text.hardware_alarm_irq_handler
                0x10006eb8       0x90 ssd1306_i2c_1/CMakeFiles/picow_ntp_client_poll.dir/C_/PicoSDK/pico-sdk/src/rp2_common/hardware_timer/timer.c.obj
 .text.hardware_alarm_claim
                0x10006f48       0x18 ssd1306_i2c_1/CMakeFiles/picow_ntp_client_poll.dir/C_/PicoSDK/pico-sdk/src/rp2_common/hardware_timer/timer.c.obj
                0x10006f48                hardware_alarm_claim
 .text.time_us_64
                0x10006f60       0x18 ssd1306_i2c_1/CMakeFiles/picow_ntp_client_poll.dir/C_/PicoSDK/pico-sdk/src/rp2_common/hardware_timer/timer.c.obj
                0x10006f60                time_us_64
 .text.busy_wait_until
                0x10006f78       0x28 ssd1306_i2c_1/CMakeFiles/picow_ntp_client_poll.dir/C_/PicoSDK/pico-sdk/src/rp2_common/hardware_timer/timer.c.obj
                0x10006f78                busy_wait_until
 .text.busy_wait_us
                0x10006fa0       0x48 ssd1306_i2c_1/CMakeFiles/picow_ntp_client_poll.dir/C_/PicoSDK/pico-sdk/src/rp2_common/hardware_timer/timer.c.obj
                0x10006fa0                busy_wait_us
 .text.hardware_alarm_set_callback
                0x10006fe8       0x90 ssd1306_i2c_1/CMakeFiles/picow_ntp_client_poll.dir/C_/PicoSDK/pico-sdk/src/rp2_common/hardware_timer/timer.c.obj
                0x10006fe8                hardware_alarm_set_callback
 .text.hardware_alarm_set_target
                0x10007078       0xe8 ssd1306_i2c_1/CMakeFiles/picow_ntp_client_poll.dir/C_/PicoSDK/pico-sdk/src/rp2_common/hardware_timer/timer.c.obj
                0x10007078                hardware_alarm_set_target
 .text.hardware_alarm_cancel
                0x10007160       0x40 ssd1306_i2c_1/CMakeFiles/picow_ntp_client_poll.dir/C_/PicoSDK/pico-sdk/src/rp2_common/hardware_timer/timer.c.obj
                0x10007160                hardware_alarm_cancel
 .text.ph_add_child_node
                0x100071a0       0xa4 ssd1306_i2c_1/CMakeFiles/picow_ntp_client_poll.dir/C_/PicoSDK/pico-sdk/src/common/pico_util/pheap.c.obj
 .text.ph_merge_nodes
                0x10007244       0x3e ssd1306_i2c_1/CMakeFiles/picow_ntp_client_poll.dir/C_/PicoSDK/pico-sdk/src/common/pico_util/pheap.c.obj
 *fill*         0x10007282        0x2 
 .text.ph_clear
                0x10007284       0x70 ssd1306_i2c_1/CMakeFiles/picow_ntp_client_poll.dir/C_/PicoSDK/pico-sdk/src/common/pico_util/pheap.c.obj
                0x10007284                ph_clear
 .text.ph_post_alloc_init
                0x100072f4        0xe ssd1306_i2c_1/CMakeFiles/picow_ntp_client_poll.dir/C_/PicoSDK/pico-sdk/src/common/pico_util/pheap.c.obj
                0x100072f4                ph_post_alloc_init
 *fill*         0x10007302        0x2 
 .text.ph_merge_two_pass
                0x10007304       0xa8 ssd1306_i2c_1/CMakeFiles/picow_ntp_client_poll.dir/C_/PicoSDK/pico-sdk/src/common/pico_util/pheap.c.obj
                0x10007304                ph_merge_two_pass
 .text.ph_remove_any_head
                0x100073ac      0x128 ssd1306_i2c_1/CMakeFiles/picow_ntp_client_poll.dir/C_/PicoSDK/pico-sdk/src/common/pico_util/pheap.c.obj
 .text.ph_remove_head
                0x100074d4       0x14 ssd1306_i2c_1/CMakeFiles/picow_ntp_client_poll.dir/C_/PicoSDK/pico-sdk/src/common/pico_util/pheap.c.obj
                0x100074d4                ph_remove_head
 .text.ph_remove_and_free_node
                0x100074e8       0xf8 ssd1306_i2c_1/CMakeFiles/picow_ntp_client_poll.dir/C_/PicoSDK/pico-sdk/src/common/pico_util/pheap.c.obj
                0x100074e8                ph_remove_and_free_node
 .text.pll_init
                0x100075e0      0x12c ssd1306_i2c_1/CMakeFiles/picow_ntp_client_poll.dir/C_/PicoSDK/pico-sdk/src/rp2_common/hardware_pll/pll.c.obj
                0x100075e0                pll_init
 .text.watchdog_start_tick
                0x1000770c       0x10 ssd1306_i2c_1/CMakeFiles/picow_ntp_client_poll.dir/C_/PicoSDK/pico-sdk/src/rp2_common/hardware_watchdog/watchdog.c.obj
                0x1000770c                watchdog_start_tick
 .text.xosc_init
                0x1000771c       0x28 ssd1306_i2c_1/CMakeFiles/picow_ntp_client_poll.dir/C_/PicoSDK/pico-sdk/src/rp2_common/hardware_xosc/xosc.c.obj
                0x1000771c                xosc_init
 .text.lwip_init
                0x10007744       0x24 ssd1306_i2c_1/CMakeFiles/picow_ntp_client_poll.dir/C_/PicoSDK/pico-sdk/lib/lwip/src/core/init.c.obj
                0x10007744                lwip_init
 .text.lwip_htons
                0x10007768        0xa ssd1306_i2c_1/CMakeFiles/picow_ntp_client_poll.dir/C_/PicoSDK/pico-sdk/lib/lwip/src/core/def.c.obj
                0x10007768                lwip_htons
 .text.lwip_htonl
                0x10007772       0x1c ssd1306_i2c_1/CMakeFiles/picow_ntp_client_poll.dir/C_/PicoSDK/pico-sdk/lib/lwip/src/core/def.c.obj
                0x10007772                lwip_htonl
 .text.lwip_strnicmp
                0x1000778e       0x44 ssd1306_i2c_1/CMakeFiles/picow_ntp_client_poll.dir/C_/PicoSDK/pico-sdk/lib/lwip/src/core/def.c.obj
                0x1000778e                lwip_strnicmp
 *fill*         0x100077d2        0x2 
 .text.dns_backupserver_available
                0x100077d4       0x28 ssd1306_i2c_1/CMakeFiles/picow_ntp_client_poll.dir/C_/PicoSDK/pico-sdk/lib/lwip/src/core/dns.c.obj
 .text.dns_create_txid
                0x100077fc       0x3c ssd1306_i2c_1/CMakeFiles/picow_ntp_client_poll.dir/C_/PicoSDK/pico-sdk/lib/lwip/src/core/dns.c.obj
 .text.dns_call_found
                0x10007838       0xf4 ssd1306_i2c_1/CMakeFiles/picow_ntp_client_poll.dir/C_/PicoSDK/pico-sdk/lib/lwip/src/core/dns.c.obj
 .text.dns_correct_response
                0x1000792c       0x60 ssd1306_i2c_1/CMakeFiles/picow_ntp_client_poll.dir/C_/PicoSDK/pico-sdk/lib/lwip/src/core/dns.c.obj
 .text.dns_send
                0x1000798c      0x178 ssd1306_i2c_1/CMakeFiles/picow_ntp_client_poll.dir/C_/PicoSDK/pico-sdk/lib/lwip/src/core/dns.c.obj
 .text.dns_check_entry
                0x10007b04      0x11c ssd1306_i2c_1/CMakeFiles/picow_ntp_client_poll.dir/C_/PicoSDK/pico-sdk/lib/lwip/src/core/dns.c.obj
 .text.dns_check_entries
                0x10007c20       0x16 ssd1306_i2c_1/CMakeFiles/picow_ntp_client_poll.dir/C_/PicoSDK/pico-sdk/lib/lwip/src/core/dns.c.obj
 *fill*         0x10007c36        0x2 
 .text.dns_lookup
                0x10007c38       0x7c ssd1306_i2c_1/CMakeFiles/picow_ntp_client_poll.dir/C_/PicoSDK/pico-sdk/lib/lwip/src/core/dns.c.obj
 .text.dns_alloc_random_port
                0x10007cb4       0x4c ssd1306_i2c_1/CMakeFiles/picow_ntp_client_poll.dir/C_/PicoSDK/pico-sdk/lib/lwip/src/core/dns.c.obj
 .text.dns_alloc_pcb
                0x10007d00       0x70 ssd1306_i2c_1/CMakeFiles/picow_ntp_client_poll.dir/C_/PicoSDK/pico-sdk/lib/lwip/src/core/dns.c.obj
 .text.dns_enqueue
                0x10007d70      0x190 ssd1306_i2c_1/CMakeFiles/picow_ntp_client_poll.dir/C_/PicoSDK/pico-sdk/lib/lwip/src/core/dns.c.obj
 .text.dns_compare_name
                0x10007f00       0xb4 ssd1306_i2c_1/CMakeFiles/picow_ntp_client_poll.dir/C_/PicoSDK/pico-sdk/lib/lwip/src/core/dns.c.obj
 .text.dns_skip_name
                0x10007fb4       0x64 ssd1306_i2c_1/CMakeFiles/picow_ntp_client_poll.dir/C_/PicoSDK/pico-sdk/lib/lwip/src/core/dns.c.obj
 .text.dns_recv
                0x10008018      0x220 ssd1306_i2c_1/CMakeFiles/picow_ntp_client_poll.dir/C_/PicoSDK/pico-sdk/lib/lwip/src/core/dns.c.obj
 .text.dns_init
                0x10008238        0x2 ssd1306_i2c_1/CMakeFiles/picow_ntp_client_poll.dir/C_/PicoSDK/pico-sdk/lib/lwip/src/core/dns.c.obj
                0x10008238                dns_init
 *fill*         0x1000823a        0x2 
 .text.dns_setserver
                0x1000823c       0x28 ssd1306_i2c_1/CMakeFiles/picow_ntp_client_poll.dir/C_/PicoSDK/pico-sdk/lib/lwip/src/core/dns.c.obj
                0x1000823c                dns_setserver
 .text.dns_tmr  0x10008264        0x8 ssd1306_i2c_1/CMakeFiles/picow_ntp_client_poll.dir/C_/PicoSDK/pico-sdk/lib/lwip/src/core/dns.c.obj
                0x10008264                dns_tmr
 .text.dns_gethostbyname_addrtype
                0x1000826c       0x84 ssd1306_i2c_1/CMakeFiles/picow_ntp_client_poll.dir/C_/PicoSDK/pico-sdk/lib/lwip/src/core/dns.c.obj
                0x1000826c                dns_gethostbyname_addrtype
 .text.dns_gethostbyname
                0x100082f0       0x10 ssd1306_i2c_1/CMakeFiles/picow_ntp_client_poll.dir/C_/PicoSDK/pico-sdk/lib/lwip/src/core/dns.c.obj
                0x100082f0                dns_gethostbyname
 .text.lwip_standard_chksum
                0x10008300       0xac ssd1306_i2c_1/CMakeFiles/picow_ntp_client_poll.dir/C_/PicoSDK/pico-sdk/lib/lwip/src/core/inet_chksum.c.obj
                0x10008300                lwip_standard_chksum
 .text.inet_cksum_pseudo_base
                0x100083ac       0x7c ssd1306_i2c_1/CMakeFiles/picow_ntp_client_poll.dir/C_/PicoSDK/pico-sdk/lib/lwip/src/core/inet_chksum.c.obj
 .text.inet_chksum_pseudo
                0x10008428       0x30 ssd1306_i2c_1/CMakeFiles/picow_ntp_client_poll.dir/C_/PicoSDK/pico-sdk/lib/lwip/src/core/inet_chksum.c.obj
                0x10008428                inet_chksum_pseudo
 .text.ip_chksum_pseudo
                0x10008458       0x10 ssd1306_i2c_1/CMakeFiles/picow_ntp_client_poll.dir/C_/PicoSDK/pico-sdk/lib/lwip/src/core/inet_chksum.c.obj
                0x10008458                ip_chksum_pseudo
 .text.inet_chksum
                0x10008468        0xc ssd1306_i2c_1/CMakeFiles/picow_ntp_client_poll.dir/C_/PicoSDK/pico-sdk/lib/lwip/src/core/inet_chksum.c.obj
                0x10008468                inet_chksum
 .text.inet_chksum_pbuf
                0x10008474       0x52 ssd1306_i2c_1/CMakeFiles/picow_ntp_client_poll.dir/C_/PicoSDK/pico-sdk/lib/lwip/src/core/inet_chksum.c.obj
                0x10008474                inet_chksum_pbuf
 .text.mem_init
                0x100084c6        0x2 ssd1306_i2c_1/CMakeFiles/picow_ntp_client_poll.dir/C_/PicoSDK/pico-sdk/lib/lwip/src/core/mem.c.obj
                0x100084c6                mem_init
 .text.mem_trim
                0x100084c8        0x2 ssd1306_i2c_1/CMakeFiles/picow_ntp_client_poll.dir/C_/PicoSDK/pico-sdk/lib/lwip/src/core/mem.c.obj
                0x100084c8                mem_trim
 *fill*         0x100084ca        0x2 
 .text.mem_malloc
                0x100084cc       0x2c ssd1306_i2c_1/CMakeFiles/picow_ntp_client_poll.dir/C_/PicoSDK/pico-sdk/lib/lwip/src/core/mem.c.obj
                0x100084cc                mem_malloc
 .text.mem_free
                0x100084f8       0x2c ssd1306_i2c_1/CMakeFiles/picow_ntp_client_poll.dir/C_/PicoSDK/pico-sdk/lib/lwip/src/core/mem.c.obj
                0x100084f8                mem_free
 .text.do_memp_malloc_pool
                0x10008524       0x30 ssd1306_i2c_1/CMakeFiles/picow_ntp_client_poll.dir/C_/PicoSDK/pico-sdk/lib/lwip/src/core/memp.c.obj
 .text.do_memp_free_pool
                0x10008554       0x28 ssd1306_i2c_1/CMakeFiles/picow_ntp_client_poll.dir/C_/PicoSDK/pico-sdk/lib/lwip/src/core/memp.c.obj
 .text.memp_init_pool
                0x1000857c       0x2a ssd1306_i2c_1/CMakeFiles/picow_ntp_client_poll.dir/C_/PicoSDK/pico-sdk/lib/lwip/src/core/memp.c.obj
                0x1000857c                memp_init_pool
 *fill*         0x100085a6        0x2 
 .text.memp_init
                0x100085a8       0x20 ssd1306_i2c_1/CMakeFiles/picow_ntp_client_poll.dir/C_/PicoSDK/pico-sdk/lib/lwip/src/core/memp.c.obj
                0x100085a8                memp_init
 .text.memp_malloc
                0x100085c8       0x24 ssd1306_i2c_1/CMakeFiles/picow_ntp_client_poll.dir/C_/PicoSDK/pico-sdk/lib/lwip/src/core/memp.c.obj
                0x100085c8                memp_malloc
 .text.memp_free
                0x100085ec       0x28 ssd1306_i2c_1/CMakeFiles/picow_ntp_client_poll.dir/C_/PicoSDK/pico-sdk/lib/lwip/src/core/memp.c.obj
                0x100085ec                memp_free
 .text.netif_do_set_netmask
                0x10008614       0x1a ssd1306_i2c_1/CMakeFiles/picow_ntp_client_poll.dir/C_/PicoSDK/pico-sdk/lib/lwip/src/core/netif.c.obj
 .text.netif_do_set_gw
                0x1000862e       0x1a ssd1306_i2c_1/CMakeFiles/picow_ntp_client_poll.dir/C_/PicoSDK/pico-sdk/lib/lwip/src/core/netif.c.obj
 .text.netif_null_output_ip4
                0x10008648        0x6 ssd1306_i2c_1/CMakeFiles/picow_ntp_client_poll.dir/C_/PicoSDK/pico-sdk/lib/lwip/src/core/netif.c.obj
 .text.netif_do_ip_addr_changed
                0x1000864e       0x1c ssd1306_i2c_1/CMakeFiles/picow_ntp_client_poll.dir/C_/PicoSDK/pico-sdk/lib/lwip/src/core/netif.c.obj
 *fill*         0x1000866a        0x2 
 .text.netif_issue_reports
                0x1000866c       0x34 ssd1306_i2c_1/CMakeFiles/picow_ntp_client_poll.dir/C_/PicoSDK/pico-sdk/lib/lwip/src/core/netif.c.obj
 .text.netif_do_set_ipaddr
                0x100086a0       0x54 ssd1306_i2c_1/CMakeFiles/picow_ntp_client_poll.dir/C_/PicoSDK/pico-sdk/lib/lwip/src/core/netif.c.obj
 .text.netif_init
                0x100086f4        0x2 ssd1306_i2c_1/CMakeFiles/picow_ntp_client_poll.dir/C_/PicoSDK/pico-sdk/lib/lwip/src/core/netif.c.obj
                0x100086f4                netif_init
 *fill*         0x100086f6        0x2 
 .text.netif_set_addr
                0x100086f8       0x78 ssd1306_i2c_1/CMakeFiles/picow_ntp_client_poll.dir/C_/PicoSDK/pico-sdk/lib/lwip/src/core/netif.c.obj
                0x100086f8                netif_set_addr
 .text.netif_add
                0x10008770      0x124 ssd1306_i2c_1/CMakeFiles/picow_ntp_client_poll.dir/C_/PicoSDK/pico-sdk/lib/lwip/src/core/netif.c.obj
                0x10008770                netif_add
 .text.netif_set_default
                0x10008894        0xc ssd1306_i2c_1/CMakeFiles/picow_ntp_client_poll.dir/C_/PicoSDK/pico-sdk/lib/lwip/src/core/netif.c.obj
                0x10008894                netif_set_default
 .text.netif_set_up
                0x100088a0       0x34 ssd1306_i2c_1/CMakeFiles/picow_ntp_client_poll.dir/C_/PicoSDK/pico-sdk/lib/lwip/src/core/netif.c.obj
                0x100088a0                netif_set_up
 .text.netif_set_down
                0x100088d4       0x38 ssd1306_i2c_1/CMakeFiles/picow_ntp_client_poll.dir/C_/PicoSDK/pico-sdk/lib/lwip/src/core/netif.c.obj
                0x100088d4                netif_set_down
 .text.netif_remove
                0x1000890c       0x64 ssd1306_i2c_1/CMakeFiles/picow_ntp_client_poll.dir/C_/PicoSDK/pico-sdk/lib/lwip/src/core/netif.c.obj
                0x1000890c                netif_remove
 .text.netif_set_link_up
                0x10008970       0x3c ssd1306_i2c_1/CMakeFiles/picow_ntp_client_poll.dir/C_/PicoSDK/pico-sdk/lib/lwip/src/core/netif.c.obj
                0x10008970                netif_set_link_up
 .text.netif_set_link_down
                0x100089ac       0x2c ssd1306_i2c_1/CMakeFiles/picow_ntp_client_poll.dir/C_/PicoSDK/pico-sdk/lib/lwip/src/core/netif.c.obj
                0x100089ac                netif_set_link_down
 .text.netif_get_by_index
                0x100089d8       0x24 ssd1306_i2c_1/CMakeFiles/picow_ntp_client_poll.dir/C_/PicoSDK/pico-sdk/lib/lwip/src/core/netif.c.obj
                0x100089d8                netif_get_by_index
 .text.pbuf_init_alloced_pbuf
                0x100089fc       0x20 ssd1306_i2c_1/CMakeFiles/picow_ntp_client_poll.dir/C_/PicoSDK/pico-sdk/lib/lwip/src/core/pbuf.c.obj
 .text.pbuf_skip_const
                0x10008a1c       0x1a ssd1306_i2c_1/CMakeFiles/picow_ntp_client_poll.dir/C_/PicoSDK/pico-sdk/lib/lwip/src/core/pbuf.c.obj
 *fill*         0x10008a36        0x2 
 .text.pbuf_pool_is_empty
                0x10008a38       0x18 ssd1306_i2c_1/CMakeFiles/picow_ntp_client_poll.dir/C_/PicoSDK/pico-sdk/lib/lwip/src/core/pbuf.c.obj
 .text.pbuf_add_header_impl
                0x10008a50       0x68 ssd1306_i2c_1/CMakeFiles/picow_ntp_client_poll.dir/C_/PicoSDK/pico-sdk/lib/lwip/src/core/pbuf.c.obj
 .text.pbuf_free_ooseq
                0x10008ab8       0x30 ssd1306_i2c_1/CMakeFiles/picow_ntp_client_poll.dir/C_/PicoSDK/pico-sdk/lib/lwip/src/core/pbuf.c.obj
                0x10008ab8                pbuf_free_ooseq
 .text.pbuf_alloc_reference
                0x10008ae8       0x3c ssd1306_i2c_1/CMakeFiles/picow_ntp_client_poll.dir/C_/PicoSDK/pico-sdk/lib/lwip/src/core/pbuf.c.obj
                0x10008ae8                pbuf_alloc_reference
 .text.pbuf_add_header
                0x10008b24        0xa ssd1306_i2c_1/CMakeFiles/picow_ntp_client_poll.dir/C_/PicoSDK/pico-sdk/lib/lwip/src/core/pbuf.c.obj
                0x10008b24                pbuf_add_header
 *fill*         0x10008b2e        0x2 
 .text.pbuf_remove_header
                0x10008b30       0x50 ssd1306_i2c_1/CMakeFiles/picow_ntp_client_poll.dir/C_/PicoSDK/pico-sdk/lib/lwip/src/core/pbuf.c.obj
                0x10008b30                pbuf_remove_header
 .text.pbuf_header_impl
                0x10008b80       0x14 ssd1306_i2c_1/CMakeFiles/picow_ntp_client_poll.dir/C_/PicoSDK/pico-sdk/lib/lwip/src/core/pbuf.c.obj
 .text.pbuf_header_force
                0x10008b94        0xa ssd1306_i2c_1/CMakeFiles/picow_ntp_client_poll.dir/C_/PicoSDK/pico-sdk/lib/lwip/src/core/pbuf.c.obj
                0x10008b94                pbuf_header_force
 *fill*         0x10008b9e        0x2 
 .text.pbuf_free
                0x10008ba0       0x7c ssd1306_i2c_1/CMakeFiles/picow_ntp_client_poll.dir/C_/PicoSDK/pico-sdk/lib/lwip/src/core/pbuf.c.obj
                0x10008ba0                pbuf_free
 .text.pbuf_alloc
                0x10008c1c      0x13c ssd1306_i2c_1/CMakeFiles/picow_ntp_client_poll.dir/C_/PicoSDK/pico-sdk/lib/lwip/src/core/pbuf.c.obj
                0x10008c1c                pbuf_alloc
 .text.pbuf_realloc
                0x10008d58       0x80 ssd1306_i2c_1/CMakeFiles/picow_ntp_client_poll.dir/C_/PicoSDK/pico-sdk/lib/lwip/src/core/pbuf.c.obj
                0x10008d58                pbuf_realloc
 .text.pbuf_clen
                0x10008dd8       0x12 ssd1306_i2c_1/CMakeFiles/picow_ntp_client_poll.dir/C_/PicoSDK/pico-sdk/lib/lwip/src/core/pbuf.c.obj
                0x10008dd8                pbuf_clen
 *fill*         0x10008dea        0x2 
 .text.pbuf_ref
                0x10008dec       0x28 ssd1306_i2c_1/CMakeFiles/picow_ntp_client_poll.dir/C_/PicoSDK/pico-sdk/lib/lwip/src/core/pbuf.c.obj
                0x10008dec                pbuf_ref
 .text.pbuf_cat
                0x10008e14       0x44 ssd1306_i2c_1/CMakeFiles/picow_ntp_client_poll.dir/C_/PicoSDK/pico-sdk/lib/lwip/src/core/pbuf.c.obj
                0x10008e14                pbuf_cat
 .text.pbuf_chain
                0x10008e58       0x10 ssd1306_i2c_1/CMakeFiles/picow_ntp_client_poll.dir/C_/PicoSDK/pico-sdk/lib/lwip/src/core/pbuf.c.obj
                0x10008e58                pbuf_chain
 .text.pbuf_copy_partial_pbuf
                0x10008e68      0x13c ssd1306_i2c_1/CMakeFiles/picow_ntp_client_poll.dir/C_/PicoSDK/pico-sdk/lib/lwip/src/core/pbuf.c.obj
                0x10008e68                pbuf_copy_partial_pbuf
 .text.pbuf_copy
                0x10008fa4       0x20 ssd1306_i2c_1/CMakeFiles/picow_ntp_client_poll.dir/C_/PicoSDK/pico-sdk/lib/lwip/src/core/pbuf.c.obj
                0x10008fa4                pbuf_copy
 .text.pbuf_copy_partial
                0x10008fc4       0x90 ssd1306_i2c_1/CMakeFiles/picow_ntp_client_poll.dir/C_/PicoSDK/pico-sdk/lib/lwip/src/core/pbuf.c.obj
                0x10008fc4                pbuf_copy_partial
 .text.pbuf_skip
                0x10009054        0x8 ssd1306_i2c_1/CMakeFiles/picow_ntp_client_poll.dir/C_/PicoSDK/pico-sdk/lib/lwip/src/core/pbuf.c.obj
                0x10009054                pbuf_skip
 .text.pbuf_take
                0x1000905c       0x98 ssd1306_i2c_1/CMakeFiles/picow_ntp_client_poll.dir/C_/PicoSDK/pico-sdk/lib/lwip/src/core/pbuf.c.obj
                0x1000905c                pbuf_take
 .text.pbuf_take_at
                0x100090f4       0x70 ssd1306_i2c_1/CMakeFiles/picow_ntp_client_poll.dir/C_/PicoSDK/pico-sdk/lib/lwip/src/core/pbuf.c.obj
                0x100090f4                pbuf_take_at
 .text.pbuf_clone
                0x10009164       0x2c ssd1306_i2c_1/CMakeFiles/picow_ntp_client_poll.dir/C_/PicoSDK/pico-sdk/lib/lwip/src/core/pbuf.c.obj
                0x10009164                pbuf_clone
 .text.pbuf_try_get_at
                0x10009190       0x30 ssd1306_i2c_1/CMakeFiles/picow_ntp_client_poll.dir/C_/PicoSDK/pico-sdk/lib/lwip/src/core/pbuf.c.obj
                0x10009190                pbuf_try_get_at
 .text.pbuf_get_at
                0x100091c0       0x12 ssd1306_i2c_1/CMakeFiles/picow_ntp_client_poll.dir/C_/PicoSDK/pico-sdk/lib/lwip/src/core/pbuf.c.obj
                0x100091c0                pbuf_get_at
 .text.pbuf_put_at
                0x100091d2       0x26 ssd1306_i2c_1/CMakeFiles/picow_ntp_client_poll.dir/C_/PicoSDK/pico-sdk/lib/lwip/src/core/pbuf.c.obj
                0x100091d2                pbuf_put_at
 .text.raw_input_local_match
                0x100091f8       0x5c ssd1306_i2c_1/CMakeFiles/picow_ntp_client_poll.dir/C_/PicoSDK/pico-sdk/lib/lwip/src/core/raw.c.obj
 .text.raw_input
                0x10009254       0xb0 ssd1306_i2c_1/CMakeFiles/picow_ntp_client_poll.dir/C_/PicoSDK/pico-sdk/lib/lwip/src/core/raw.c.obj
                0x10009254                raw_input
 .text.raw_netif_ip_addr_changed
                0x10009304       0x38 ssd1306_i2c_1/CMakeFiles/picow_ntp_client_poll.dir/C_/PicoSDK/pico-sdk/lib/lwip/src/core/raw.c.obj
                0x10009304                raw_netif_ip_addr_changed
 .text.stats_init
                0x1000933c        0x2 ssd1306_i2c_1/CMakeFiles/picow_ntp_client_poll.dir/C_/PicoSDK/pico-sdk/lib/lwip/src/core/stats.c.obj
                0x1000933c                stats_init
 *fill*         0x1000933e        0x2 
 .text.tcp_remove_listener
                0x10009340       0x24 ssd1306_i2c_1/CMakeFiles/picow_ntp_client_poll.dir/C_/PicoSDK/pico-sdk/lib/lwip/src/core/tcp.c.obj
 .text.tcp_listen_closed
                0x10009364       0x40 ssd1306_i2c_1/CMakeFiles/picow_ntp_client_poll.dir/C_/PicoSDK/pico-sdk/lib/lwip/src/core/tcp.c.obj
 .text.tcp_free_listen
                0x100093a4       0x1c ssd1306_i2c_1/CMakeFiles/picow_ntp_client_poll.dir/C_/PicoSDK/pico-sdk/lib/lwip/src/core/tcp.c.obj
 .text.tcp_close_shutdown_fin
                0x100093c0       0x68 ssd1306_i2c_1/CMakeFiles/picow_ntp_client_poll.dir/C_/PicoSDK/pico-sdk/lib/lwip/src/core/tcp.c.obj
 .text.tcp_handle_closepend
                0x10009428       0x28 ssd1306_i2c_1/CMakeFiles/picow_ntp_client_poll.dir/C_/PicoSDK/pico-sdk/lib/lwip/src/core/tcp.c.obj
 .text.tcp_init
                0x10009450       0x20 ssd1306_i2c_1/CMakeFiles/picow_ntp_client_poll.dir/C_/PicoSDK/pico-sdk/lib/lwip/src/core/tcp.c.obj
                0x10009450                tcp_init
 .text.tcp_free
                0x10009470       0x1c ssd1306_i2c_1/CMakeFiles/picow_ntp_client_poll.dir/C_/PicoSDK/pico-sdk/lib/lwip/src/core/tcp.c.obj
                0x10009470                tcp_free
 .text.tcp_update_rcv_ann_wnd
                0x1000948c       0x58 ssd1306_i2c_1/CMakeFiles/picow_ntp_client_poll.dir/C_/PicoSDK/pico-sdk/lib/lwip/src/core/tcp.c.obj
                0x1000948c                tcp_update_rcv_ann_wnd
 .text.tcp_recved
                0x100094e4       0x60 ssd1306_i2c_1/CMakeFiles/picow_ntp_client_poll.dir/C_/PicoSDK/pico-sdk/lib/lwip/src/core/tcp.c.obj
                0x100094e4                tcp_recved
 .text.tcp_seg_free
                0x10009544       0x1a ssd1306_i2c_1/CMakeFiles/picow_ntp_client_poll.dir/C_/PicoSDK/pico-sdk/lib/lwip/src/core/tcp.c.obj
                0x10009544                tcp_seg_free
 .text.tcp_segs_free
                0x1000955e       0x12 ssd1306_i2c_1/CMakeFiles/picow_ntp_client_poll.dir/C_/PicoSDK/pico-sdk/lib/lwip/src/core/tcp.c.obj
                0x1000955e                tcp_segs_free
 .text.tcp_seg_copy
                0x10009570       0x2c ssd1306_i2c_1/CMakeFiles/picow_ntp_client_poll.dir/C_/PicoSDK/pico-sdk/lib/lwip/src/core/tcp.c.obj
                0x10009570                tcp_seg_copy
 .text.tcp_next_iss
                0x1000959c       0x28 ssd1306_i2c_1/CMakeFiles/picow_ntp_client_poll.dir/C_/PicoSDK/pico-sdk/lib/lwip/src/core/tcp.c.obj
                0x1000959c                tcp_next_iss
 .text.tcp_eff_send_mss_netif
                0x100095c4       0x34 ssd1306_i2c_1/CMakeFiles/picow_ntp_client_poll.dir/C_/PicoSDK/pico-sdk/lib/lwip/src/core/tcp.c.obj
                0x100095c4                tcp_eff_send_mss_netif
 .text.tcp_free_ooseq
                0x100095f8       0x14 ssd1306_i2c_1/CMakeFiles/picow_ntp_client_poll.dir/C_/PicoSDK/pico-sdk/lib/lwip/src/core/tcp.c.obj
                0x100095f8                tcp_free_ooseq
 .text.tcp_pcb_purge
                0x1000960c       0x58 ssd1306_i2c_1/CMakeFiles/picow_ntp_client_poll.dir/C_/PicoSDK/pico-sdk/lib/lwip/src/core/tcp.c.obj
                0x1000960c                tcp_pcb_purge
 .text.tcp_pcb_remove
                0x10009664       0xa4 ssd1306_i2c_1/CMakeFiles/picow_ntp_client_poll.dir/C_/PicoSDK/pico-sdk/lib/lwip/src/core/tcp.c.obj
                0x10009664                tcp_pcb_remove
 .text.tcp_abandon
                0x10009708      0x10c ssd1306_i2c_1/CMakeFiles/picow_ntp_client_poll.dir/C_/PicoSDK/pico-sdk/lib/lwip/src/core/tcp.c.obj
                0x10009708                tcp_abandon
 .text.tcp_abort
                0x10009814        0xa ssd1306_i2c_1/CMakeFiles/picow_ntp_client_poll.dir/C_/PicoSDK/pico-sdk/lib/lwip/src/core/tcp.c.obj
                0x10009814                tcp_abort
 *fill*         0x1000981e        0x2 
 .text.tcp_kill_timewait
                0x10009820       0x38 ssd1306_i2c_1/CMakeFiles/picow_ntp_client_poll.dir/C_/PicoSDK/pico-sdk/lib/lwip/src/core/tcp.c.obj
 .text.tcp_kill_prio
                0x10009858       0x58 ssd1306_i2c_1/CMakeFiles/picow_ntp_client_poll.dir/C_/PicoSDK/pico-sdk/lib/lwip/src/core/tcp.c.obj
 .text.tcp_netif_ip_addr_changed_pcblist
                0x100098b0       0x30 ssd1306_i2c_1/CMakeFiles/picow_ntp_client_poll.dir/C_/PicoSDK/pico-sdk/lib/lwip/src/core/tcp.c.obj
 .text.tcp_netif_ip_addr_changed
                0x100098e0       0x54 ssd1306_i2c_1/CMakeFiles/picow_ntp_client_poll.dir/C_/PicoSDK/pico-sdk/lib/lwip/src/core/tcp.c.obj
                0x100098e0                tcp_netif_ip_addr_changed
 .text.tcp_kill_state
                0x10009934       0x54 ssd1306_i2c_1/CMakeFiles/picow_ntp_client_poll.dir/C_/PicoSDK/pico-sdk/lib/lwip/src/core/tcp.c.obj
 .text.tcp_alloc
                0x10009988       0xcc ssd1306_i2c_1/CMakeFiles/picow_ntp_client_poll.dir/C_/PicoSDK/pico-sdk/lib/lwip/src/core/tcp.c.obj
                0x10009988                tcp_alloc
 .text.tcp_close_shutdown
                0x10009a54      0x13c ssd1306_i2c_1/CMakeFiles/picow_ntp_client_poll.dir/C_/PicoSDK/pico-sdk/lib/lwip/src/core/tcp.c.obj
 .text.tcp_close
                0x10009b90       0x2c ssd1306_i2c_1/CMakeFiles/picow_ntp_client_poll.dir/C_/PicoSDK/pico-sdk/lib/lwip/src/core/tcp.c.obj
                0x10009b90                tcp_close
 .text.tcp_recv_null
                0x10009bbc       0x3c ssd1306_i2c_1/CMakeFiles/picow_ntp_client_poll.dir/C_/PicoSDK/pico-sdk/lib/lwip/src/core/tcp.c.obj
                0x10009bbc                tcp_recv_null
 .text.tcp_process_refused_data
                0x10009bf8       0x88 ssd1306_i2c_1/CMakeFiles/picow_ntp_client_poll.dir/C_/PicoSDK/pico-sdk/lib/lwip/src/core/tcp.c.obj
                0x10009bf8                tcp_process_refused_data
 .text.tcp_fasttmr
                0x10009c80       0x80 ssd1306_i2c_1/CMakeFiles/picow_ntp_client_poll.dir/C_/PicoSDK/pico-sdk/lib/lwip/src/core/tcp.c.obj
                0x10009c80                tcp_fasttmr
 .text.tcp_slowtmr
                0x10009d00      0x44c ssd1306_i2c_1/CMakeFiles/picow_ntp_client_poll.dir/C_/PicoSDK/pico-sdk/lib/lwip/src/core/tcp.c.obj
                0x10009d00                tcp_slowtmr
 .text.tcp_tmr  0x1000a14c       0x20 ssd1306_i2c_1/CMakeFiles/picow_ntp_client_poll.dir/C_/PicoSDK/pico-sdk/lib/lwip/src/core/tcp.c.obj
                0x1000a14c                tcp_tmr
 .text.tcp_get_next_optbyte
                0x1000a16c       0x40 ssd1306_i2c_1/CMakeFiles/picow_ntp_client_poll.dir/C_/PicoSDK/pico-sdk/lib/lwip/src/core/tcp_in.c.obj
 .text.tcp_parseopt
                0x1000a1ac       0x9c ssd1306_i2c_1/CMakeFiles/picow_ntp_client_poll.dir/C_/PicoSDK/pico-sdk/lib/lwip/src/core/tcp_in.c.obj
 .text.tcp_input_delayed_close
                0x1000a248       0x4c ssd1306_i2c_1/CMakeFiles/picow_ntp_client_poll.dir/C_/PicoSDK/pico-sdk/lib/lwip/src/core/tcp_in.c.obj
 .text.tcp_timewait_input
                0x1000a294       0xa0 ssd1306_i2c_1/CMakeFiles/picow_ntp_client_poll.dir/C_/PicoSDK/pico-sdk/lib/lwip/src/core/tcp_in.c.obj
 .text.tcp_listen_input
                0x1000a334      0x15c ssd1306_i2c_1/CMakeFiles/picow_ntp_client_poll.dir/C_/PicoSDK/pico-sdk/lib/lwip/src/core/tcp_in.c.obj
 .text.tcp_free_acked_segments
                0x1000a490       0xc0 ssd1306_i2c_1/CMakeFiles/picow_ntp_client_poll.dir/C_/PicoSDK/pico-sdk/lib/lwip/src/core/tcp_in.c.obj
 .text.tcp_oos_insert_segment
                0x1000a550       0xd4 ssd1306_i2c_1/CMakeFiles/picow_ntp_client_poll.dir/C_/PicoSDK/pico-sdk/lib/lwip/src/core/tcp_in.c.obj
 .text.tcp_receive
                0x1000a624      0x9f0 ssd1306_i2c_1/CMakeFiles/picow_ntp_client_poll.dir/C_/PicoSDK/pico-sdk/lib/lwip/src/core/tcp_in.c.obj
 .text.tcp_process
                0x1000b014      0x55c ssd1306_i2c_1/CMakeFiles/picow_ntp_client_poll.dir/C_/PicoSDK/pico-sdk/lib/lwip/src/core/tcp_in.c.obj
 .text.tcp_input
                0x1000b570      0x674 ssd1306_i2c_1/CMakeFiles/picow_ntp_client_poll.dir/C_/PicoSDK/pico-sdk/lib/lwip/src/core/tcp_in.c.obj
                0x1000b570                tcp_input
 .text.tcp_trigger_input_pcb_close
                0x1000bbe4       0x10 ssd1306_i2c_1/CMakeFiles/picow_ntp_client_poll.dir/C_/PicoSDK/pico-sdk/lib/lwip/src/core/tcp_in.c.obj
                0x1000bbe4                tcp_trigger_input_pcb_close
 .text.tcp_output_segment_busy
                0x1000bbf4       0x20 ssd1306_i2c_1/CMakeFiles/picow_ntp_client_poll.dir/C_/PicoSDK/pico-sdk/lib/lwip/src/core/tcp_out.c.obj
 .text.tcp_output_fill_options
                0x1000bc14       0x30 ssd1306_i2c_1/CMakeFiles/picow_ntp_client_poll.dir/C_/PicoSDK/pico-sdk/lib/lwip/src/core/tcp_out.c.obj
 .text.tcp_create_segment
                0x1000bc44       0xf4 ssd1306_i2c_1/CMakeFiles/picow_ntp_client_poll.dir/C_/PicoSDK/pico-sdk/lib/lwip/src/core/tcp_out.c.obj
 .text.tcp_output_alloc_header_common
                0x1000bd38       0xd0 ssd1306_i2c_1/CMakeFiles/picow_ntp_client_poll.dir/C_/PicoSDK/pico-sdk/lib/lwip/src/core/tcp_out.c.obj
 .text.tcp_output_alloc_header
                0x1000be08       0x3c ssd1306_i2c_1/CMakeFiles/picow_ntp_client_poll.dir/C_/PicoSDK/pico-sdk/lib/lwip/src/core/tcp_out.c.obj
 .text.tcp_rst_common
                0x1000be44       0x68 ssd1306_i2c_1/CMakeFiles/picow_ntp_client_poll.dir/C_/PicoSDK/pico-sdk/lib/lwip/src/core/tcp_out.c.obj
 .text.tcp_route
                0x1000beac       0x1a ssd1306_i2c_1/CMakeFiles/picow_ntp_client_poll.dir/C_/PicoSDK/pico-sdk/lib/lwip/src/core/tcp_out.c.obj
 *fill*         0x1000bec6        0x2 
 .text.tcp_output_segment
                0x1000bec8      0x168 ssd1306_i2c_1/CMakeFiles/picow_ntp_client_poll.dir/C_/PicoSDK/pico-sdk/lib/lwip/src/core/tcp_out.c.obj
 .text.tcp_output_control_segment_netif
                0x1000c030       0x84 ssd1306_i2c_1/CMakeFiles/picow_ntp_client_poll.dir/C_/PicoSDK/pico-sdk/lib/lwip/src/core/tcp_out.c.obj
 .text.tcp_output_control_segment
                0x1000c0b4       0x44 ssd1306_i2c_1/CMakeFiles/picow_ntp_client_poll.dir/C_/PicoSDK/pico-sdk/lib/lwip/src/core/tcp_out.c.obj
 .text.tcp_split_unsent_seg
                0x1000c0f8      0x1f8 ssd1306_i2c_1/CMakeFiles/picow_ntp_client_poll.dir/C_/PicoSDK/pico-sdk/lib/lwip/src/core/tcp_out.c.obj
                0x1000c0f8                tcp_split_unsent_seg
 .text.tcp_enqueue_flags
                0x1000c2f0      0x11c ssd1306_i2c_1/CMakeFiles/picow_ntp_client_poll.dir/C_/PicoSDK/pico-sdk/lib/lwip/src/core/tcp_out.c.obj
                0x1000c2f0                tcp_enqueue_flags
 .text.tcp_send_fin
                0x1000c40c       0x68 ssd1306_i2c_1/CMakeFiles/picow_ntp_client_poll.dir/C_/PicoSDK/pico-sdk/lib/lwip/src/core/tcp_out.c.obj
                0x1000c40c                tcp_send_fin
 .text.tcp_rexmit_rto_prepare
                0x1000c474       0xac ssd1306_i2c_1/CMakeFiles/picow_ntp_client_poll.dir/C_/PicoSDK/pico-sdk/lib/lwip/src/core/tcp_out.c.obj
                0x1000c474                tcp_rexmit_rto_prepare
 .text.tcp_rexmit
                0x1000c520       0xa4 ssd1306_i2c_1/CMakeFiles/picow_ntp_client_poll.dir/C_/PicoSDK/pico-sdk/lib/lwip/src/core/tcp_out.c.obj
                0x1000c520                tcp_rexmit
 .text.tcp_rexmit_fast
                0x1000c5c4       0x68 ssd1306_i2c_1/CMakeFiles/picow_ntp_client_poll.dir/C_/PicoSDK/pico-sdk/lib/lwip/src/core/tcp_out.c.obj
                0x1000c5c4                tcp_rexmit_fast
 .text.tcp_rst  0x1000c62c       0x32 ssd1306_i2c_1/CMakeFiles/picow_ntp_client_poll.dir/C_/PicoSDK/pico-sdk/lib/lwip/src/core/tcp_out.c.obj
                0x1000c62c                tcp_rst
 .text.tcp_rst_netif
                0x1000c65e       0x38 ssd1306_i2c_1/CMakeFiles/picow_ntp_client_poll.dir/C_/PicoSDK/pico-sdk/lib/lwip/src/core/tcp_out.c.obj
                0x1000c65e                tcp_rst_netif
 *fill*         0x1000c696        0x2 
 .text.tcp_send_empty_ack
                0x1000c698       0x64 ssd1306_i2c_1/CMakeFiles/picow_ntp_client_poll.dir/C_/PicoSDK/pico-sdk/lib/lwip/src/core/tcp_out.c.obj
                0x1000c698                tcp_send_empty_ack
 .text.tcp_output
                0x1000c6fc      0x338 ssd1306_i2c_1/CMakeFiles/picow_ntp_client_poll.dir/C_/PicoSDK/pico-sdk/lib/lwip/src/core/tcp_out.c.obj
                0x1000c6fc                tcp_output
 .text.tcp_rexmit_rto_commit
                0x1000ca34       0x24 ssd1306_i2c_1/CMakeFiles/picow_ntp_client_poll.dir/C_/PicoSDK/pico-sdk/lib/lwip/src/core/tcp_out.c.obj
                0x1000ca34                tcp_rexmit_rto_commit
 .text.tcp_rexmit_rto
                0x1000ca58       0x24 ssd1306_i2c_1/CMakeFiles/picow_ntp_client_poll.dir/C_/PicoSDK/pico-sdk/lib/lwip/src/core/tcp_out.c.obj
                0x1000ca58                tcp_rexmit_rto
 .text.tcp_keepalive
                0x1000ca7c       0x48 ssd1306_i2c_1/CMakeFiles/picow_ntp_client_poll.dir/C_/PicoSDK/pico-sdk/lib/lwip/src/core/tcp_out.c.obj
                0x1000ca7c                tcp_keepalive
 .text.tcp_zero_window_probe
                0x1000cac4      0x10c ssd1306_i2c_1/CMakeFiles/picow_ntp_client_poll.dir/C_/PicoSDK/pico-sdk/lib/lwip/src/core/tcp_out.c.obj
                0x1000cac4                tcp_zero_window_probe
 .text.sys_timeout_abs
                0x1000cbd0       0x60 ssd1306_i2c_1/CMakeFiles/picow_ntp_client_poll.dir/C_/PicoSDK/pico-sdk/lib/lwip/src/core/timeouts.c.obj
 .text.lwip_cyclic_timer
                0x1000cc30       0x38 ssd1306_i2c_1/CMakeFiles/picow_ntp_client_poll.dir/C_/PicoSDK/pico-sdk/lib/lwip/src/core/timeouts.c.obj
 .text.sys_timeout
                0x1000cc68       0x2c ssd1306_i2c_1/CMakeFiles/picow_ntp_client_poll.dir/C_/PicoSDK/pico-sdk/lib/lwip/src/core/timeouts.c.obj
                0x1000cc68                sys_timeout
 .text.tcp_timer_needed
                0x1000cc94       0x40 ssd1306_i2c_1/CMakeFiles/picow_ntp_client_poll.dir/C_/PicoSDK/pico-sdk/lib/lwip/src/core/timeouts.c.obj
                0x1000cc94                tcp_timer_needed
 .text.tcpip_tcp_timer
                0x1000ccd4       0x3c ssd1306_i2c_1/CMakeFiles/picow_ntp_client_poll.dir/C_/PicoSDK/pico-sdk/lib/lwip/src/core/timeouts.c.obj
 .text.sys_timeouts_init
                0x1000cd10       0x24 ssd1306_i2c_1/CMakeFiles/picow_ntp_client_poll.dir/C_/PicoSDK/pico-sdk/lib/lwip/src/core/timeouts.c.obj
                0x1000cd10                sys_timeouts_init
 .text.sys_check_timeouts
                0x1000cd34       0x54 ssd1306_i2c_1/CMakeFiles/picow_ntp_client_poll.dir/C_/PicoSDK/pico-sdk/lib/lwip/src/core/timeouts.c.obj
                0x1000cd34                sys_check_timeouts
 .text.sys_timeouts_sleeptime
                0x1000cd88       0x34 ssd1306_i2c_1/CMakeFiles/picow_ntp_client_poll.dir/C_/PicoSDK/pico-sdk/lib/lwip/src/core/timeouts.c.obj
                0x1000cd88                sys_timeouts_sleeptime
 .text.udp_new_port
                0x1000cdbc       0x54 ssd1306_i2c_1/CMakeFiles/picow_ntp_client_poll.dir/C_/PicoSDK/pico-sdk/lib/lwip/src/core/udp.c.obj
 .text.udp_input_local_match
                0x1000ce10       0x90 ssd1306_i2c_1/CMakeFiles/picow_ntp_client_poll.dir/C_/PicoSDK/pico-sdk/lib/lwip/src/core/udp.c.obj
 .text.udp_init
                0x1000cea0       0x20 ssd1306_i2c_1/CMakeFiles/picow_ntp_client_poll.dir/C_/PicoSDK/pico-sdk/lib/lwip/src/core/udp.c.obj
                0x1000cea0                udp_init
 .text.udp_input
                0x1000cec0      0x210 ssd1306_i2c_1/CMakeFiles/picow_ntp_client_poll.dir/C_/PicoSDK/pico-sdk/lib/lwip/src/core/udp.c.obj
                0x1000cec0                udp_input
 .text.udp_bind
                0x1000d0d0       0xbc ssd1306_i2c_1/CMakeFiles/picow_ntp_client_poll.dir/C_/PicoSDK/pico-sdk/lib/lwip/src/core/udp.c.obj
                0x1000d0d0                udp_bind
 .text.udp_sendto_if_src
                0x1000d18c      0x17c ssd1306_i2c_1/CMakeFiles/picow_ntp_client_poll.dir/C_/PicoSDK/pico-sdk/lib/lwip/src/core/udp.c.obj
                0x1000d18c                udp_sendto_if_src
 .text.udp_sendto_if
                0x1000d308       0x84 ssd1306_i2c_1/CMakeFiles/picow_ntp_client_poll.dir/C_/PicoSDK/pico-sdk/lib/lwip/src/core/udp.c.obj
                0x1000d308                udp_sendto_if
 .text.udp_sendto
                0x1000d38c       0x84 ssd1306_i2c_1/CMakeFiles/picow_ntp_client_poll.dir/C_/PicoSDK/pico-sdk/lib/lwip/src/core/udp.c.obj
                0x1000d38c                udp_sendto
 .text.udp_connect
                0x1000d410       0x74 ssd1306_i2c_1/CMakeFiles/picow_ntp_client_poll.dir/C_/PicoSDK/pico-sdk/lib/lwip/src/core/udp.c.obj
                0x1000d410                udp_connect
 .text.udp_recv
                0x1000d484       0x18 ssd1306_i2c_1/CMakeFiles/picow_ntp_client_poll.dir/C_/PicoSDK/pico-sdk/lib/lwip/src/core/udp.c.obj
                0x1000d484                udp_recv
 .text.udp_remove
                0x1000d49c       0x44 ssd1306_i2c_1/CMakeFiles/picow_ntp_client_poll.dir/C_/PicoSDK/pico-sdk/lib/lwip/src/core/udp.c.obj
                0x1000d49c                udp_remove
 .text.udp_new  0x1000d4e0       0x1c ssd1306_i2c_1/CMakeFiles/picow_ntp_client_poll.dir/C_/PicoSDK/pico-sdk/lib/lwip/src/core/udp.c.obj
                0x1000d4e0                udp_new
 .text.udp_new_ip_type
                0x1000d4fc        0x8 ssd1306_i2c_1/CMakeFiles/picow_ntp_client_poll.dir/C_/PicoSDK/pico-sdk/lib/lwip/src/core/udp.c.obj
                0x1000d4fc                udp_new_ip_type
 .text.udp_netif_ip_addr_changed
                0x1000d504       0x38 ssd1306_i2c_1/CMakeFiles/picow_ntp_client_poll.dir/C_/PicoSDK/pico-sdk/lib/lwip/src/core/udp.c.obj
                0x1000d504                udp_netif_ip_addr_changed
 .text.dhcp_set_state
                0x1000d53c       0x10 ssd1306_i2c_1/CMakeFiles/picow_ntp_client_poll.dir/C_/PicoSDK/pico-sdk/lib/lwip/src/core/ipv4/dhcp.c.obj
 .text.dhcp_option_short
                0x1000d54c       0x24 ssd1306_i2c_1/CMakeFiles/picow_ntp_client_poll.dir/C_/PicoSDK/pico-sdk/lib/lwip/src/core/ipv4/dhcp.c.obj
 .text.dhcp_option
                0x1000d570       0x24 ssd1306_i2c_1/CMakeFiles/picow_ntp_client_poll.dir/C_/PicoSDK/pico-sdk/lib/lwip/src/core/ipv4/dhcp.c.obj
 .text.dhcp_option_byte
                0x1000d594       0x1c ssd1306_i2c_1/CMakeFiles/picow_ntp_client_poll.dir/C_/PicoSDK/pico-sdk/lib/lwip/src/core/ipv4/dhcp.c.obj
 .text.dhcp_option_long
                0x1000d5b0       0x34 ssd1306_i2c_1/CMakeFiles/picow_ntp_client_poll.dir/C_/PicoSDK/pico-sdk/lib/lwip/src/core/ipv4/dhcp.c.obj
 .text.dhcp_create_msg
                0x1000d5e4      0x138 ssd1306_i2c_1/CMakeFiles/picow_ntp_client_poll.dir/C_/PicoSDK/pico-sdk/lib/lwip/src/core/ipv4/dhcp.c.obj
 .text.dhcp_option_hostname
                0x1000d71c       0x70 ssd1306_i2c_1/CMakeFiles/picow_ntp_client_poll.dir/C_/PicoSDK/pico-sdk/lib/lwip/src/core/ipv4/dhcp.c.obj
 .text.dhcp_option_trailer
                0x1000d78c       0x30 ssd1306_i2c_1/CMakeFiles/picow_ntp_client_poll.dir/C_/PicoSDK/pico-sdk/lib/lwip/src/core/ipv4/dhcp.c.obj
 .text.dhcp_rebind
                0x1000d7bc       0xfc ssd1306_i2c_1/CMakeFiles/picow_ntp_client_poll.dir/C_/PicoSDK/pico-sdk/lib/lwip/src/core/ipv4/dhcp.c.obj
 .text.dhcp_t2_timeout
                0x1000d8b8       0x2e ssd1306_i2c_1/CMakeFiles/picow_ntp_client_poll.dir/C_/PicoSDK/pico-sdk/lib/lwip/src/core/ipv4/dhcp.c.obj
 *fill*         0x1000d8e6        0x2 
 .text.dhcp_reboot
                0x1000d8e8      0x120 ssd1306_i2c_1/CMakeFiles/picow_ntp_client_poll.dir/C_/PicoSDK/pico-sdk/lib/lwip/src/core/ipv4/dhcp.c.obj
 .text.dhcp_select
                0x1000da08      0x16c ssd1306_i2c_1/CMakeFiles/picow_ntp_client_poll.dir/C_/PicoSDK/pico-sdk/lib/lwip/src/core/ipv4/dhcp.c.obj
 .text.dhcp_handle_offer
                0x1000db74       0x48 ssd1306_i2c_1/CMakeFiles/picow_ntp_client_poll.dir/C_/PicoSDK/pico-sdk/lib/lwip/src/core/ipv4/dhcp.c.obj
 .text.dhcp_discover
                0x1000dbbc       0xf8 ssd1306_i2c_1/CMakeFiles/picow_ntp_client_poll.dir/C_/PicoSDK/pico-sdk/lib/lwip/src/core/ipv4/dhcp.c.obj
 .text.dhcp_dec_pcb_refcount
                0x1000dcb4       0x38 ssd1306_i2c_1/CMakeFiles/picow_ntp_client_poll.dir/C_/PicoSDK/pico-sdk/lib/lwip/src/core/ipv4/dhcp.c.obj
 .text.dhcp_inc_pcb_refcount
                0x1000dcec       0x74 ssd1306_i2c_1/CMakeFiles/picow_ntp_client_poll.dir/C_/PicoSDK/pico-sdk/lib/lwip/src/core/ipv4/dhcp.c.obj
 .text.dhcp_parse_reply
                0x1000dd60      0x2fc ssd1306_i2c_1/CMakeFiles/picow_ntp_client_poll.dir/C_/PicoSDK/pico-sdk/lib/lwip/src/core/ipv4/dhcp.c.obj
 .text.dhcp_handle_ack
                0x1000e05c       0xd0 ssd1306_i2c_1/CMakeFiles/picow_ntp_client_poll.dir/C_/PicoSDK/pico-sdk/lib/lwip/src/core/ipv4/dhcp.c.obj
 .text.dhcp_bind
                0x1000e12c      0x104 ssd1306_i2c_1/CMakeFiles/picow_ntp_client_poll.dir/C_/PicoSDK/pico-sdk/lib/lwip/src/core/ipv4/dhcp.c.obj
 .text.dhcp_handle_nak
                0x1000e230       0x24 ssd1306_i2c_1/CMakeFiles/picow_ntp_client_poll.dir/C_/PicoSDK/pico-sdk/lib/lwip/src/core/ipv4/dhcp.c.obj
 .text.dhcp_recv
                0x1000e254       0xf4 ssd1306_i2c_1/CMakeFiles/picow_ntp_client_poll.dir/C_/PicoSDK/pico-sdk/lib/lwip/src/core/ipv4/dhcp.c.obj
 .text.dhcp_set_struct
                0x1000e348       0x44 ssd1306_i2c_1/CMakeFiles/picow_ntp_client_poll.dir/C_/PicoSDK/pico-sdk/lib/lwip/src/core/ipv4/dhcp.c.obj
                0x1000e348                dhcp_set_struct
 .text.dhcp_network_changed_link_up
                0x1000e38c       0x40 ssd1306_i2c_1/CMakeFiles/picow_ntp_client_poll.dir/C_/PicoSDK/pico-sdk/lib/lwip/src/core/ipv4/dhcp.c.obj
                0x1000e38c                dhcp_network_changed_link_up
 .text.dhcp_renew
                0x1000e3cc       0xf8 ssd1306_i2c_1/CMakeFiles/picow_ntp_client_poll.dir/C_/PicoSDK/pico-sdk/lib/lwip/src/core/ipv4/dhcp.c.obj
                0x1000e3cc                dhcp_renew
 .text.dhcp_t1_timeout
                0x1000e4c4       0x2a ssd1306_i2c_1/CMakeFiles/picow_ntp_client_poll.dir/C_/PicoSDK/pico-sdk/lib/lwip/src/core/ipv4/dhcp.c.obj
 .text.dhcp_supplied_address
                0x1000e4ee       0x32 ssd1306_i2c_1/CMakeFiles/picow_ntp_client_poll.dir/C_/PicoSDK/pico-sdk/lib/lwip/src/core/ipv4/dhcp.c.obj
                0x1000e4ee                dhcp_supplied_address
 .text.dhcp_release_and_stop
                0x1000e520       0xdc ssd1306_i2c_1/CMakeFiles/picow_ntp_client_poll.dir/C_/PicoSDK/pico-sdk/lib/lwip/src/core/ipv4/dhcp.c.obj
                0x1000e520                dhcp_release_and_stop
 .text.dhcp_start
                0x1000e5fc       0xac ssd1306_i2c_1/CMakeFiles/picow_ntp_client_poll.dir/C_/PicoSDK/pico-sdk/lib/lwip/src/core/ipv4/dhcp.c.obj
                0x1000e5fc                dhcp_start
 .text.dhcp_coarse_tmr
                0x1000e6a8       0x6c ssd1306_i2c_1/CMakeFiles/picow_ntp_client_poll.dir/C_/PicoSDK/pico-sdk/lib/lwip/src/core/ipv4/dhcp.c.obj
                0x1000e6a8                dhcp_coarse_tmr
 .text.dhcp_timeout
                0x1000e714       0x4a ssd1306_i2c_1/CMakeFiles/picow_ntp_client_poll.dir/C_/PicoSDK/pico-sdk/lib/lwip/src/core/ipv4/dhcp.c.obj
 *fill*         0x1000e75e        0x2 
 .text.dhcp_fine_tmr
                0x1000e760       0x38 ssd1306_i2c_1/CMakeFiles/picow_ntp_client_poll.dir/C_/PicoSDK/pico-sdk/lib/lwip/src/core/ipv4/dhcp.c.obj
                0x1000e760                dhcp_fine_tmr
 .text.dhcp_stop
                0x1000e798        0x8 ssd1306_i2c_1/CMakeFiles/picow_ntp_client_poll.dir/C_/PicoSDK/pico-sdk/lib/lwip/src/core/ipv4/dhcp.c.obj
                0x1000e798                dhcp_stop
 .text.etharp_free_entry
                0x1000e7a0       0x4c ssd1306_i2c_1/CMakeFiles/picow_ntp_client_poll.dir/C_/PicoSDK/pico-sdk/lib/lwip/src/core/ipv4/etharp.c.obj
 .text.etharp_find_entry
                0x1000e7ec      0x1b0 ssd1306_i2c_1/CMakeFiles/picow_ntp_client_poll.dir/C_/PicoSDK/pico-sdk/lib/lwip/src/core/ipv4/etharp.c.obj
 .text.etharp_update_arp_entry
                0x1000e99c       0xc8 ssd1306_i2c_1/CMakeFiles/picow_ntp_client_poll.dir/C_/PicoSDK/pico-sdk/lib/lwip/src/core/ipv4/etharp.c.obj
 .text.etharp_raw
                0x1000ea64       0xf0 ssd1306_i2c_1/CMakeFiles/picow_ntp_client_poll.dir/C_/PicoSDK/pico-sdk/lib/lwip/src/core/ipv4/etharp.c.obj
 .text.etharp_request_dst
                0x1000eb54       0x24 ssd1306_i2c_1/CMakeFiles/picow_ntp_client_poll.dir/C_/PicoSDK/pico-sdk/lib/lwip/src/core/ipv4/etharp.c.obj
 .text.etharp_cleanup_netif
                0x1000eb78       0x3c ssd1306_i2c_1/CMakeFiles/picow_ntp_client_poll.dir/C_/PicoSDK/pico-sdk/lib/lwip/src/core/ipv4/etharp.c.obj
                0x1000eb78                etharp_cleanup_netif
 .text.etharp_input
                0x1000ebb4      0x120 ssd1306_i2c_1/CMakeFiles/picow_ntp_client_poll.dir/C_/PicoSDK/pico-sdk/lib/lwip/src/core/ipv4/etharp.c.obj
                0x1000ebb4                etharp_input
 .text.etharp_request
                0x1000ecd4       0x10 ssd1306_i2c_1/CMakeFiles/picow_ntp_client_poll.dir/C_/PicoSDK/pico-sdk/lib/lwip/src/core/ipv4/etharp.c.obj
                0x1000ecd4                etharp_request
 .text.etharp_tmr
                0x1000ece4       0x8c ssd1306_i2c_1/CMakeFiles/picow_ntp_client_poll.dir/C_/PicoSDK/pico-sdk/lib/lwip/src/core/ipv4/etharp.c.obj
                0x1000ece4                etharp_tmr
 .text.etharp_output_to_arp_index
                0x1000ed70       0xc0 ssd1306_i2c_1/CMakeFiles/picow_ntp_client_poll.dir/C_/PicoSDK/pico-sdk/lib/lwip/src/core/ipv4/etharp.c.obj
 .text.etharp_query
                0x1000ee30      0x1d8 ssd1306_i2c_1/CMakeFiles/picow_ntp_client_poll.dir/C_/PicoSDK/pico-sdk/lib/lwip/src/core/ipv4/etharp.c.obj
                0x1000ee30                etharp_query
 .text.etharp_output
                0x1000f008      0x154 ssd1306_i2c_1/CMakeFiles/picow_ntp_client_poll.dir/C_/PicoSDK/pico-sdk/lib/lwip/src/core/ipv4/etharp.c.obj
                0x1000f008                etharp_output
 .text.icmp_send_response
                0x1000f15c       0xd4 ssd1306_i2c_1/CMakeFiles/picow_ntp_client_poll.dir/C_/PicoSDK/pico-sdk/lib/lwip/src/core/ipv4/icmp.c.obj
 .text.icmp_input
                0x1000f230      0x204 ssd1306_i2c_1/CMakeFiles/picow_ntp_client_poll.dir/C_/PicoSDK/pico-sdk/lib/lwip/src/core/ipv4/icmp.c.obj
                0x1000f230                icmp_input
 .text.icmp_dest_unreach
                0x1000f434        0xc ssd1306_i2c_1/CMakeFiles/picow_ntp_client_poll.dir/C_/PicoSDK/pico-sdk/lib/lwip/src/core/ipv4/icmp.c.obj
                0x1000f434                icmp_dest_unreach
 .text.icmp_time_exceeded
                0x1000f440        0xc ssd1306_i2c_1/CMakeFiles/picow_ntp_client_poll.dir/C_/PicoSDK/pico-sdk/lib/lwip/src/core/ipv4/icmp.c.obj
                0x1000f440                icmp_time_exceeded
 .text.ip_reass_dequeue_datagram
                0x1000f44c       0x34 ssd1306_i2c_1/CMakeFiles/picow_ntp_client_poll.dir/C_/PicoSDK/pico-sdk/lib/lwip/src/core/ipv4/ip4_frag.c.obj
 .text.ip_reass_free_complete_datagram
                0x1000f480       0xe8 ssd1306_i2c_1/CMakeFiles/picow_ntp_client_poll.dir/C_/PicoSDK/pico-sdk/lib/lwip/src/core/ipv4/ip4_frag.c.obj
 .text.ip_reass_remove_oldest_datagram
                0x1000f568       0xc4 ssd1306_i2c_1/CMakeFiles/picow_ntp_client_poll.dir/C_/PicoSDK/pico-sdk/lib/lwip/src/core/ipv4/ip4_frag.c.obj
 .text.ip_reass_chain_frag_into_datagram_and_validate
                0x1000f62c      0x27c ssd1306_i2c_1/CMakeFiles/picow_ntp_client_poll.dir/C_/PicoSDK/pico-sdk/lib/lwip/src/core/ipv4/ip4_frag.c.obj
 .text.ip_reass_enqueue_new_datagram
                0x1000f8a8       0x64 ssd1306_i2c_1/CMakeFiles/picow_ntp_client_poll.dir/C_/PicoSDK/pico-sdk/lib/lwip/src/core/ipv4/ip4_frag.c.obj
 .text.ip_reass_tmr
                0x1000f90c       0x30 ssd1306_i2c_1/CMakeFiles/picow_ntp_client_poll.dir/C_/PicoSDK/pico-sdk/lib/lwip/src/core/ipv4/ip4_frag.c.obj
                0x1000f90c                ip_reass_tmr
 .text.ip4_reass
                0x1000f93c      0x284 ssd1306_i2c_1/CMakeFiles/picow_ntp_client_poll.dir/C_/PicoSDK/pico-sdk/lib/lwip/src/core/ipv4/ip4_frag.c.obj
                0x1000f93c                ip4_reass
 .text.ip4_frag
                0x1000fbc0      0x178 ssd1306_i2c_1/CMakeFiles/picow_ntp_client_poll.dir/C_/PicoSDK/pico-sdk/lib/lwip/src/core/ipv4/ip4_frag.c.obj
                0x1000fbc0                ip4_frag
 .text.ip4_input_accept
                0x1000fd38       0x38 ssd1306_i2c_1/CMakeFiles/picow_ntp_client_poll.dir/C_/PicoSDK/pico-sdk/lib/lwip/src/core/ipv4/ip4.c.obj
 .text.ip4_route
                0x1000fd70       0x7c ssd1306_i2c_1/CMakeFiles/picow_ntp_client_poll.dir/C_/PicoSDK/pico-sdk/lib/lwip/src/core/ipv4/ip4.c.obj
                0x1000fd70                ip4_route
 .text.ip4_input
                0x1000fdec      0x2a0 ssd1306_i2c_1/CMakeFiles/picow_ntp_client_poll.dir/C_/PicoSDK/pico-sdk/lib/lwip/src/core/ipv4/ip4.c.obj
                0x1000fdec                ip4_input
 .text.ip4_output_if_src
                0x1001008c      0x1c4 ssd1306_i2c_1/CMakeFiles/picow_ntp_client_poll.dir/C_/PicoSDK/pico-sdk/lib/lwip/src/core/ipv4/ip4.c.obj
                0x1001008c                ip4_output_if_src
 .text.ip4_output_if
                0x10010250       0x2e ssd1306_i2c_1/CMakeFiles/picow_ntp_client_poll.dir/C_/PicoSDK/pico-sdk/lib/lwip/src/core/ipv4/ip4.c.obj
                0x10010250                ip4_output_if
 .text.ip4_addr_isbroadcast_u32