Archive member included to satisfy reference by file (symbol)

c:/picosdk/gcc-arm-none-eabi/bin/../lib/gcc/arm-none-eabi/10.3.1/thumb/v6-m/nofp\libgcc.a(_dvmd_tls.o)
                              ssd1306_i2c_1/CMakeFiles/picow_ntp_client_poll.dir/C_/PicoSDK/pico-sdk/src/rp2_common/pico_divider/divider.S.obj (__aeabi_idiv0)
c:/picosdk/gcc-arm-none-eabi/bin/../lib/gcc/arm-none-eabi/10.3.1/../../../../arm-none-eabi/lib/thumb/v6-m/nofp\libg.a(lib_a-atoi.o)
                              ssd1306_i2c_1/CMakeFiles/picow_ntp_client_poll.dir/C_/PicoSDK/pico-sdk/lib/lwip/src/core/netif.c.obj (atoi)
c:/picosdk/gcc-arm-none-eabi/bin/../lib/gcc/arm-none-eabi/10.3.1/../../../../arm-none-eabi/lib/thumb/v6-m/nofp\libg.a(lib_a-calloc.o)
                              ssd1306_i2c_1/CMakeFiles/picow_ntp_client_poll.dir/C_/PicoSDK/pico-sdk/src/rp2_common/pico_malloc/pico_malloc.c.obj (calloc)
c:/picosdk/gcc-arm-none-eabi/bin/../lib/gcc/arm-none-eabi/10.3.1/../../../../arm-none-eabi/lib/thumb/v6-m/nofp\libg.a(lib_a-callocr.o)
                              c:/picosdk/gcc-arm-none-eabi/bin/../lib/gcc/arm-none-eabi/10.3.1/../../../../arm-none-eabi/lib/thumb/v6-m/nofp\libg.a(lib_a-calloc.o) (_calloc_r)
c:/picosdk/gcc-arm-none-eabi/bin/../lib/gcc/arm-none-eabi/10.3.1/../../../../arm-none-eabi/lib/thumb/v6-m/nofp\libg.a(lib_a-ctype_.o)
                              ssd1306_i2c_1/CMakeFiles/picow_ntp_client_poll.dir/C_/PicoSDK/pico-sdk/lib/lwip/src/core/dns.c.obj (_ctype_)
c:/picosdk/gcc-arm-none-eabi/bin/../lib/gcc/arm-none-eabi/10.3.1/../../../../arm-none-eabi/lib/thumb/v6-m/nofp\libg.a(lib_a-errno.o)
                              c:/picosdk/gcc-arm-none-eabi/bin/../lib/gcc/arm-none-eabi/10.3.1/../../../../arm-none-eabi/lib/thumb/v6-m/nofp\libg.a(lib_a-callocr.o) (__errno)
c:/picosdk/gcc-arm-none-eabi/bin/../lib/gcc/arm-none-eabi/10.3.1/../../../../arm-none-eabi/lib/thumb/v6-m/nofp\libg.a(lib_a-fflush.o)
                              ssd1306_i2c_1/CMakeFiles/picow_ntp_client_poll.dir/my_debug.c.obj (fflush)
c:/picosdk/gcc-arm-none-eabi/bin/../lib/gcc/arm-none-eabi/10.3.1/../../../../arm-none-eabi/lib/thumb/v6-m/nofp\libg.a(lib_a-findfp.o)
                              c:/picosdk/gcc-arm-none-eabi/bin/../lib/gcc/arm-none-eabi/10.3.1/../../../../arm-none-eabi/lib/thumb/v6-m/nofp\libg.a(lib_a-fflush.o) (__sinit)
c:/picosdk/gcc-arm-none-eabi/bin/../lib/gcc/arm-none-eabi/10.3.1/../../../../arm-none-eabi/lib/thumb/v6-m/nofp\libg.a(lib_a-freer.o)
                              c:/picosdk/gcc-arm-none-eabi/bin/../lib/gcc/arm-none-eabi/10.3.1/../../../../arm-none-eabi/lib/thumb/v6-m/nofp\libg.a(lib_a-fflush.o) (_free_r)
c:/picosdk/gcc-arm-none-eabi/bin/../lib/gcc/arm-none-eabi/10.3.1/../../../../arm-none-eabi/lib/thumb/v6-m/nofp\libg.a(lib_a-fwalk.o)
                              c:/picosdk/gcc-arm-none-eabi/bin/../lib/gcc/arm-none-eabi/10.3.1/../../../../arm-none-eabi/lib/thumb/v6-m/nofp\libg.a(lib_a-findfp.o) (_fwalk)
c:/picosdk/gcc-arm-none-eabi/bin/../lib/gcc/arm-none-eabi/10.3.1/../../../../arm-none-eabi/lib/thumb/v6-m/nofp\libg.a(lib_a-gmtime.o)
                              ssd1306_i2c_1/CMakeFiles/picow_ntp_client_poll.dir/ssd1306_i2c_1.cpp.obj (gmtime)
c:/picosdk/gcc-arm-none-eabi/bin/../lib/gcc/arm-none-eabi/10.3.1/../../../../arm-none-eabi/lib/thumb/v6-m/nofp\libg.a(lib_a-gmtime_r.o)
                              c:/picosdk/gcc-arm-none-eabi/bin/../lib/gcc/arm-none-eabi/10.3.1/../../../../arm-none-eabi/lib/thumb/v6-m/nofp\libg.a(lib_a-gmtime.o) (gmtime_r)
c:/picosdk/gcc-arm-none-eabi/bin/../lib/gcc/arm-none-eabi/10.3.1/../../../../arm-none-eabi/lib/thumb/v6-m/nofp\libg.a(lib_a-impure.o)
                              c:/picosdk/gcc-arm-none-eabi/bin/../lib/gcc/arm-none-eabi/10.3.1/../../../../arm-none-eabi/lib/thumb/v6-m/nofp\libg.a(lib_a-fflush.o) (_global_impure_ptr)
c:/picosdk/gcc-arm-none-eabi/bin/../lib/gcc/arm-none-eabi/10.3.1/../../../../arm-none-eabi/lib/thumb/v6-m/nofp\libg.a(lib_a-init.o)
                              c:/picosdk/gcc-arm-none-eabi/bin/../lib/gcc/arm-none-eabi/10.3.1/../../../../arm-none-eabi/lib/thumb/v6-m/nofp/crt0.o (__libc_init_array)
c:/picosdk/gcc-arm-none-eabi/bin/../lib/gcc/arm-none-eabi/10.3.1/../../../../arm-none-eabi/lib/thumb/v6-m/nofp\libg.a(lib_a-lock.o)
                              c:/picosdk/gcc-arm-none-eabi/bin/../lib/gcc/arm-none-eabi/10.3.1/../../../../arm-none-eabi/lib/thumb/v6-m/nofp\libg.a(lib_a-findfp.o) (__retarget_lock_init_recursive)
c:/picosdk/gcc-arm-none-eabi/bin/../lib/gcc/arm-none-eabi/10.3.1/../../../../arm-none-eabi/lib/thumb/v6-m/nofp\libg.a(lib_a-malloc.o)
                              ssd1306_i2c_1/CMakeFiles/picow_ntp_client_poll.dir/C_/PicoSDK/pico-sdk/src/rp2_common/pico_malloc/pico_malloc.c.obj (malloc)
c:/picosdk/gcc-arm-none-eabi/bin/../lib/gcc/arm-none-eabi/10.3.1/../../../../arm-none-eabi/lib/thumb/v6-m/nofp\libg.a(lib_a-mallocr.o)
[...]
Memory Configuration

Name             Origin             Length             Attributes
FLASH            0x10000000         0x00200000         xr
RAM              0x20000000         0x00040000         xrw
SCRATCH_X        0x20040000         0x00001000         xrw
SCRATCH_Y        0x20041000         0x00001000         xrw
*default*        0x00000000         0xffffffff

Linker script and memory map

LOAD c:/picosdk/gcc-arm-none-eabi/bin/../lib/gcc/arm-none-eabi/10.3.1/thumb/v6-m/nofp/crti.o
LOAD c:/picosdk/gcc-arm-none-eabi/bin/../lib/gcc/arm-none-eabi/10.3.1/thumb/v6-m/nofp/crtbegin.o
LOAD c:/picosdk/gcc-arm-none-eabi/bin/../lib/gcc/arm-none-eabi/10.3.1/../../../../arm-none-eabi/lib/thumb/v6-m/nofp/crt0.o

.flash_begin    0x10000000        0x0
                0x10000000                __flash_binary_start = .

.boot2          0x10000000      0x100
                0x10000000                __boot2_start__ = .
 *(.boot2)
 .boot2         0x10000000      0x100 C:\Users\lvanek\AppData\Local\Temp\ccElUM6A.o
                0x10000100                __boot2_end__ = .
                0x00000001                ASSERT (((__boot2_end__ - __boot2_start__) == 0x100), ERROR: Pico second stage bootloader must be 256 bytes in size)

.text           0x10000100    0x18060
                0x10000100                __logical_binary_start = .
 *(.vectors)
 .vectors       0x10000100       0xd4 ssd1306_i2c_1/CMakeFiles/picow_ntp_client_poll.dir/C_/PicoSDK/pico-sdk/src/rp2_common/pico_standard_link/crt0.S.obj
                0x10000100                __VECTOR_TABLE
                0x10000100                __vectors
                0x100001c0                isr_invalid
                0x100001c0                __default_isrs_start
                0x100001c2                isr_nmi
                0x100001c4                isr_hardfault
                0x100001c6                isr_svcall
                0x100001c8                isr_pendsv
                0x100001ca                isr_systick
                0x100001cc                isr_irq23
                0x100001cc                isr_irq18
                0x100001cc                isr_irq11
                0x100001cc                isr_irq28
                0x100001cc                isr_irq19
                0x100001cc                isr_irq0
                0x100001cc                isr_irq6
                0x100001cc                isr_irq5
                0x100001cc                isr_irq12
                0x100001cc                isr_irq22
                0x100001cc                isr_irq31
                0x100001cc                isr_irq17
                0x100001cc                isr_irq27
                0x100001cc                isr_irq30
                0x100001cc                isr_irq2
                0x100001cc                isr_irq10
                0x100001cc                isr_irq8
                0x100001cc                isr_irq24
                0x100001cc                isr_irq1
                0x100001cc                isr_irq7
                0x100001cc                isr_irq21
                0x100001cc                isr_irq20
                0x100001cc                isr_irq15
                0x100001cc                isr_irq25
                0x100001cc                isr_irq13
                0x100001cc                __unhandled_user_irq
                0x100001cc                isr_irq4
                0x100001cc                isr_irq16
                0x100001cc                isr_irq29
                0x100001cc                isr_irq26
                0x100001cc                __default_isrs_end
                0x100001cc                isr_irq3
                0x100001cc                isr_irq14
                0x100001cc                isr_irq9
                0x100001d2                unhandled_user_irq_num_in_r0
 *(.binary_info_header)
 .binary_info_header
                0x100001d4       0x14 ssd1306_i2c_1/CMakeFiles/picow_ntp_client_poll.dir/C_/PicoSDK/pico-sdk/src/rp2_common/pico_standard_link/crt0.S.obj
                0x100001e8                __binary_info_header_end = .
 *(.reset)
 .reset         0x100001e8       0xa0 ssd1306_i2c_1/CMakeFiles/picow_ntp_client_poll.dir/C_/PicoSDK/pico-sdk/src/rp2_common/pico_standard_link/crt0.S.obj
                0x100001e8                _entry_point
 .reset         0x10000288       0x30 ssd1306_i2c_1/CMakeFiles/picow_ntp_client_poll.dir/C_/PicoSDK/pico-sdk/src/rp2_common/pico_standard_link/binary_info.c.obj
 *(.init)
 .init          0x100002b8        0x4 c:/picosdk/gcc-arm-none-eabi/bin/../lib/gcc/arm-none-eabi/10.3.1/thumb/v6-m/nofp/crti.o
                0x100002b8                _init
 *(EXCLUDE_FILE(*libm.a: *libc.a:*lib_a-mem*.o *libgcc.a:) .text*)
 .text          0x100002bc       0x48 c:/picosdk/gcc-arm-none-eabi/bin/../lib/gcc/arm-none-eabi/10.3.1/thumb/v6-m/nofp/crtbegin.o
 .text._ZL7reverseh
                0x10000304       0x30 ssd1306_i2c_1/CMakeFiles/picow_ntp_client_poll.dir/ssd1306_i2c_1.cpp.obj
 .text._ZL17FillReversedCachev
                0x10000334       0x28 ssd1306_i2c_1/CMakeFiles/picow_ntp_client_poll.dir/ssd1306_i2c_1.cpp.obj
 .text._ZL9WriteCharPhssh
                0x1000035c       0x78 ssd1306_i2c_1/CMakeFiles/picow_ntp_client_poll.dir/ssd1306_i2c_1.cpp.obj
 .text._ZL11WriteStringPhssPKc
                0x100003d4       0x2c ssd1306_i2c_1/CMakeFiles/picow_ntp_client_poll.dir/ssd1306_i2c_1.cpp.obj
 .text._ZL11ntp_requestP6NTP_T_
                0x10000400       0x3e ssd1306_i2c_1/CMakeFiles/picow_ntp_client_poll.dir/ssd1306_i2c_1.cpp.obj
 *fill*         0x1000043e        0x2 
 .text._ZL8ntp_initv
                0x10000440       0x4c ssd1306_i2c_1/CMakeFiles/picow_ntp_client_poll.dir/ssd1306_i2c_1.cpp.obj
 .text._ZL10ntp_resultP6NTP_T_iPx
                0x1000048c       0xac ssd1306_i2c_1/CMakeFiles/picow_ntp_client_poll.dir/ssd1306_i2c_1.cpp.obj
 .text._ZL13ntp_dns_foundPKcPK8ip4_addrPv
                0x10000538       0x40 ssd1306_i2c_1/CMakeFiles/picow_ntp_client_poll.dir/ssd1306_i2c_1.cpp.obj
 .text._ZL18ntp_failed_handlerlPv
                0x10000578       0x20 ssd1306_i2c_1/CMakeFiles/picow_ntp_client_poll.dir/ssd1306_i2c_1.cpp.obj
 .text._ZL8ntp_recvPvP7udp_pcbP4pbufPK8ip4_addrt
                0x10000598       0xac ssd1306_i2c_1/CMakeFiles/picow_ntp_client_poll.dir/ssd1306_i2c_1.cpp.obj
 .text._Z23calc_render_area_buflenP11render_area
                0x10000644       0x16 ssd1306_i2c_1/CMakeFiles/picow_ntp_client_poll.dir/ssd1306_i2c_1.cpp.obj
                0x10000644                calc_render_area_buflen(render_area*)
 *fill*         0x1000065a        0x2 
 .text._Z16SSD1306_send_cmdh
                0x1000065c       0x24 ssd1306_i2c_1/CMakeFiles/picow_ntp_client_poll.dir/ssd1306_i2c_1.cpp.obj
                0x1000065c                SSD1306_send_cmd(unsigned char)
 .text._Z21SSD1306_send_cmd_listPhi
                0x10000680       0x18 ssd1306_i2c_1/CMakeFiles/picow_ntp_client_poll.dir/ssd1306_i2c_1.cpp.obj
                0x10000680                SSD1306_send_cmd_list(unsigned char*, int)
 .text._Z16SSD1306_send_bufPhi
                0x10000698       0x40 ssd1306_i2c_1/CMakeFiles/picow_ntp_client_poll.dir/ssd1306_i2c_1.cpp.obj
                0x10000698                SSD1306_send_buf(unsigned char*, int)
 .text._Z12SSD1306_initv
                0x100006d8       0x28 ssd1306_i2c_1/CMakeFiles/picow_ntp_client_poll.dir/ssd1306_i2c_1.cpp.obj
                0x100006d8                SSD1306_init()
 .text._Z6renderPhP11render_area
                0x10000700       0x40 ssd1306_i2c_1/CMakeFiles/picow_ntp_client_poll.dir/ssd1306_i2c_1.cpp.obj
                0x10000700                render(unsigned char*, render_area*)
 .text._Z12run_ntp_testP6NTP_T_
                0x10000740      0x104 ssd1306_i2c_1/CMakeFiles/picow_ntp_client_poll.dir/ssd1306_i2c_1.cpp.obj
                0x10000740                run_ntp_test(NTP_T_*)
 .text._Z5clear6WS2812
                0x10000844       0x16 ssd1306_i2c_1/CMakeFiles/picow_ntp_client_poll.dir/ssd1306_i2c_1.cpp.obj
                0x10000844                clear(WS2812)
 *fill*         0x1000085a        0x2 
 .text._Z11setDateTime6WS2812S_jj
                0x1000085c      0x9a0 ssd1306_i2c_1/CMakeFiles/picow_ntp_client_poll.dir/ssd1306_i2c_1.cpp.obj
                0x1000085c                setDateTime(WS2812, WS2812, unsigned int, unsigned int)
 .text._Z11displayTimeP2tm6WS2812S1_
                0x100011fc      0x240 ssd1306_i2c_1/CMakeFiles/picow_ntp_client_poll.dir/ssd1306_i2c_1.cpp.obj
                0x100011fc                displayTime(tm*, WS2812, WS2812)
 .text._Z5test26WS2812S_
                0x1000143c       0xa4 ssd1306_i2c_1/CMakeFiles/picow_ntp_client_poll.dir/ssd1306_i2c_1.cpp.obj
                0x1000143c                test2(WS2812, WS2812)
 .text._Z5test36WS2812S_
                0x100014e0       0xc0 ssd1306_i2c_1/CMakeFiles/picow_ntp_client_poll.dir/ssd1306_i2c_1.cpp.obj
                0x100014e0                test3(WS2812, WS2812)
 .text._Z14readWiFiConfigv
                0x100015a0      0x100 ssd1306_i2c_1/CMakeFiles/picow_ntp_client_poll.dir/ssd1306_i2c_1.cpp.obj
                0x100015a0                readWiFiConfig()
 .text.main     0x100016a0      0x2c8 ssd1306_i2c_1/CMakeFiles/picow_ntp_client_poll.dir/ssd1306_i2c_1.cpp.obj
                0x100016a0                main
 .text._ZN6WS2812D2Ev
                0x10001968        0x2 ssd1306_i2c_1/CMakeFiles/picow_ntp_client_poll.dir/WS2812.cpp.obj
                0x10001968                WS2812::~WS2812()
                0x10001968                WS2812::~WS2812()
 *fill*         0x1000196a        0x2 
 .text._ZN6WS281210initializeEjjP8pio_hw_tjNS_8DataByteES2_S2_S2_
                0x1000196c      0x170 ssd1306_i2c_1/CMakeFiles/picow_ntp_client_poll.dir/WS2812.cpp.obj
                0x1000196c                WS2812::initialize(unsigned int, unsigned int, pio_hw_t*, unsigned int, WS2812::DataByte, WS2812::DataByte, WS2812::DataByte, WS2812::DataByte)
 .text._ZN6WS2812C2EjjP8pio_hw_tjNS_10DataFormatE
                0x10001adc       0x6c ssd1306_i2c_1/CMakeFiles/picow_ntp_client_poll.dir/WS2812.cpp.obj
                0x10001adc                WS2812::WS2812(unsigned int, unsigned int, pio_hw_t*, unsigned int, WS2812::DataFormat)
                0x10001adc                WS2812::WS2812(unsigned int, unsigned int, pio_hw_t*, unsigned int, WS2812::DataFormat)
 .text._ZN6WS281211convertDataEm
                0x10001b48       0x4a ssd1306_i2c_1/CMakeFiles/picow_ntp_client_poll.dir/WS2812.cpp.obj
                0x10001b48                WS2812::convertData(unsigned long)
 .text._ZN6WS281213setPixelColorEjm
                0x10001b92       0x1a ssd1306_i2c_1/CMakeFiles/picow_ntp_client_poll.dir/WS2812.cpp.obj
                0x10001b92                WS2812::setPixelColor(unsigned int, unsigned long)
 .text._ZN6WS281213setPixelColorEjhhh
                0x10001bac       0x14 ssd1306_i2c_1/CMakeFiles/picow_ntp_client_poll.dir/WS2812.cpp.obj
                0x10001bac                WS2812::setPixelColor(unsigned int, unsigned char, unsigned char, unsigned char)
 .text._ZN6WS28124fillEmjj
                0x10001bc0       0x26 ssd1306_i2c_1/CMakeFiles/picow_ntp_client_poll.dir/WS2812.cpp.obj
                0x10001bc0                WS2812::fill(unsigned long, unsigned int, unsigned int)
 .text._ZN6WS28124showEv
                0x10001be6       0x30 ssd1306_i2c_1/CMakeFiles/picow_ntp_client_poll.dir/WS2812.cpp.obj
                0x10001be6                WS2812::show()
 .text.ext_bits
                0x10001c16       0x30 ssd1306_i2c_1/CMakeFiles/picow_ntp_client_poll.dir/sd_card.c.obj
 *fill*         0x10001c46        0x2 
 .text.sd_ctor  0x10001c48       0x28 ssd1306_i2c_1/CMakeFiles/picow_ntp_client_poll.dir/sd_card.c.obj
 .text.sd_lock  0x10001c70       0x30 ssd1306_i2c_1/CMakeFiles/picow_ntp_client_poll.dir/sd_card.c.obj
 .text.sd_acquire
                0x10001ca0       0x10 ssd1306_i2c_1/CMakeFiles/picow_ntp_client_poll.dir/sd_card.c.obj
 .text.sd_cmd_spi
                0x10001cb0       0x74 ssd1306_i2c_1/CMakeFiles/picow_ntp_client_poll.dir/sd_card.c.obj
 .text.sd_unlock
                0x10001d24       0x30 ssd1306_i2c_1/CMakeFiles/picow_ntp_client_poll.dir/sd_card.c.obj
 .text.sd_release
                0x10001d54       0x10 ssd1306_i2c_1/CMakeFiles/picow_ntp_client_poll.dir/sd_card.c.obj
 .text.sd_wait_token
                0x10001d64       0x9c ssd1306_i2c_1/CMakeFiles/picow_ntp_client_poll.dir/sd_card.c.obj
 .text.sd_read_bytes
                0x10001e00       0x90 ssd1306_i2c_1/CMakeFiles/picow_ntp_client_poll.dir/sd_card.c.obj
 .text.sd_read_block
                0x10001e90       0x88 ssd1306_i2c_1/CMakeFiles/picow_ntp_client_poll.dir/sd_card.c.obj
 .text.sd_wait_ready
                0x10001f18       0xb8 ssd1306_i2c_1/CMakeFiles/picow_ntp_client_poll.dir/sd_card.c.obj
 .text.sd_cmd   0x10001fd0      0x2f0 ssd1306_i2c_1/CMakeFiles/picow_ntp_client_poll.dir/sd_card.c.obj
 .text.sd_cmd8  0x100022c0       0x50 ssd1306_i2c_1/CMakeFiles/picow_ntp_client_poll.dir/sd_card.c.obj
 .text.sd_sectors_nolock
                0x10002310      0x148 ssd1306_i2c_1/CMakeFiles/picow_ntp_client_poll.dir/sd_card.c.obj
 .text.in_sd_read_blocks
                0x10002458       0xbc ssd1306_i2c_1/CMakeFiles/picow_ntp_client_poll.dir/sd_card.c.obj
 .text.sd_read_blocks
                0x10002514       0x2e ssd1306_i2c_1/CMakeFiles/picow_ntp_client_poll.dir/sd_card.c.obj
                0x10002514                sd_read_blocks
 *fill*         0x10002542        0x2 
 .text.sd_go_idle_state
                0x10002544       0x44 ssd1306_i2c_1/CMakeFiles/picow_ntp_client_poll.dir/sd_card.c.obj
 .text.sd_init_medium
                0x10002588      0x188 ssd1306_i2c_1/CMakeFiles/picow_ntp_client_poll.dir/sd_card.c.obj
 .text.sd_write_block
                0x10002710       0x88 ssd1306_i2c_1/CMakeFiles/picow_ntp_client_poll.dir/sd_card.c.obj
 .text.in_sd_write_blocks
                0x10002798       0xf8 ssd1306_i2c_1/CMakeFiles/picow_ntp_client_poll.dir/sd_card.c.obj
 .text.sd_write_blocks
                0x10002890       0x2e ssd1306_i2c_1/CMakeFiles/picow_ntp_client_poll.dir/sd_card.c.obj
                0x10002890                sd_write_blocks
 *fill*         0x100028be        0x2 
 .text.sd_card_detect
                0x100028c0       0x50 ssd1306_i2c_1/CMakeFiles/picow_ntp_client_poll.dir/sd_card.c.obj
                0x100028c0                sd_card_detect
 .text.sd_init  0x10002910       0xe8 ssd1306_i2c_1/CMakeFiles/picow_ntp_client_poll.dir/sd_card.c.obj
 .text.sd_init_driver
                0x100029f8       0xc0 ssd1306_i2c_1/CMakeFiles/picow_ntp_client_poll.dir/sd_card.c.obj
                0x100029f8                sd_init_driver
 .text.ld_word  0x10002ab8        0xa ssd1306_i2c_1/CMakeFiles/picow_ntp_client_poll.dir/ff.c.obj
 .text.ld_dword
                0x10002ac2       0x18 ssd1306_i2c_1/CMakeFiles/picow_ntp_client_poll.dir/ff.c.obj
 .text.ld_qword
                0x10002ada       0x42 ssd1306_i2c_1/CMakeFiles/picow_ntp_client_poll.dir/ff.c.obj
 .text.tchar2uni
                0x10002b1c       0xd0 ssd1306_i2c_1/CMakeFiles/picow_ntp_client_poll.dir/ff.c.obj
 .text.clst2sect
                0x10002bec       0x28 ssd1306_i2c_1/CMakeFiles/picow_ntp_client_poll.dir/ff.c.obj
 .text.clmt_clust
                0x10002c14       0x30 ssd1306_i2c_1/CMakeFiles/picow_ntp_client_poll.dir/ff.c.obj
 .text.ld_clust
                0x10002c44       0x26 ssd1306_i2c_1/CMakeFiles/picow_ntp_client_poll.dir/ff.c.obj
 *fill*         0x10002c6a        0x2 
 .text.pick_lfn
                0x10002c6c       0x94 ssd1306_i2c_1/CMakeFiles/picow_ntp_client_poll.dir/ff.c.obj
 .text.sum_sfn  0x10002d00       0x20 ssd1306_i2c_1/CMakeFiles/picow_ntp_client_poll.dir/ff.c.obj
 .text.xdir_sum
                0x10002d20       0x2e ssd1306_i2c_1/CMakeFiles/picow_ntp_client_poll.dir/ff.c.obj
 .text.init_alloc_info
                0x10002d4e       0x2e ssd1306_i2c_1/CMakeFiles/picow_ntp_client_poll.dir/ff.c.obj
 .text.get_ldnumber
                0x10002d7c       0x5c ssd1306_i2c_1/CMakeFiles/picow_ntp_client_poll.dir/ff.c.obj
 .text.crc32    0x10002dd8       0x2c ssd1306_i2c_1/CMakeFiles/picow_ntp_client_poll.dir/ff.c.obj
 .text.validate
                0x10002e04       0x52 ssd1306_i2c_1/CMakeFiles/picow_ntp_client_poll.dir/ff.c.obj
 *fill*         0x10002e56        0x2 
 .text.test_gpt_header
                0x10002e58       0x7c ssd1306_i2c_1/CMakeFiles/picow_ntp_client_poll.dir/ff.c.obj
 .text.move_window
                0x10002ed4       0x40 ssd1306_i2c_1/CMakeFiles/picow_ntp_client_poll.dir/ff.c.obj
 .text.check_fs
                0x10002f14      0x100 ssd1306_i2c_1/CMakeFiles/picow_ntp_client_poll.dir/ff.c.obj
 .text.find_volume
                0x10003014      0x14c ssd1306_i2c_1/CMakeFiles/picow_ntp_client_poll.dir/ff.c.obj
 .text.mount_volume
                0x10003160      0x478 ssd1306_i2c_1/CMakeFiles/picow_ntp_client_poll.dir/ff.c.obj
 .text.get_fat  0x100035d8      0x1ac ssd1306_i2c_1/CMakeFiles/picow_ntp_client_poll.dir/ff.c.obj
 .text.dir_next
                0x10003784       0xc4 ssd1306_i2c_1/CMakeFiles/picow_ntp_client_poll.dir/ff.c.obj
 .text.dir_sdi  0x10003848       0xd4 ssd1306_i2c_1/CMakeFiles/picow_ntp_client_poll.dir/ff.c.obj
 .text.load_xdir
                0x1000391c      0x10c ssd1306_i2c_1/CMakeFiles/picow_ntp_client_poll.dir/ff.c.obj
 .text.load_obj_xdir
                0x10003a28       0x36 ssd1306_i2c_1/CMakeFiles/picow_ntp_client_poll.dir/ff.c.obj
 .text.dir_read
                0x10003a5e      0x114 ssd1306_i2c_1/CMakeFiles/picow_ntp_client_poll.dir/ff.c.obj
 *fill*         0x10003b72        0x2 
 .text.create_name
                0x10003b74      0x324 ssd1306_i2c_1/CMakeFiles/picow_ntp_client_poll.dir/ff.c.obj
 .text.xname_sum
                0x10003e98       0x38 ssd1306_i2c_1/CMakeFiles/picow_ntp_client_poll.dir/ff.c.obj
 .text.cmp_lfn  0x10003ed0       0xb0 ssd1306_i2c_1/CMakeFiles/picow_ntp_client_poll.dir/ff.c.obj
 .text.dir_find
                0x10003f80      0x18c ssd1306_i2c_1/CMakeFiles/picow_ntp_client_poll.dir/ff.c.obj
 .text.follow_path
                0x1000410c      0x11a ssd1306_i2c_1/CMakeFiles/picow_ntp_client_poll.dir/ff.c.obj
 *fill*         0x10004226        0x2 
 .text.f_mount  0x10004228       0x5c ssd1306_i2c_1/CMakeFiles/picow_ntp_client_poll.dir/ff.c.obj
                0x10004228                f_mount
 .text.f_open   0x10004284       0xea ssd1306_i2c_1/CMakeFiles/picow_ntp_client_poll.dir/ff.c.obj
                0x10004284                f_open
 .text.f_read   0x1000436e      0x1dc ssd1306_i2c_1/CMakeFiles/picow_ntp_client_poll.dir/ff.c.obj
                0x1000436e                f_read
 .text.f_close  0x1000454a       0x18 ssd1306_i2c_1/CMakeFiles/picow_ntp_client_poll.dir/ff.c.obj
                0x1000454a                f_close
 *fill*         0x10004562        0x2 
 .text.f_gets   0x10004564      0x17c ssd1306_i2c_1/CMakeFiles/picow_ntp_client_poll.dir/ff.c.obj
                0x10004564                f_gets
 .text.ff_memalloc
                0x100046e0        0x8 ssd1306_i2c_1/CMakeFiles/picow_ntp_client_poll.dir/ffsystem.c.obj
                0x100046e0                ff_memalloc
 .text.ff_memfree
                0x100046e8        0x8 ssd1306_i2c_1/CMakeFiles/picow_ntp_client_poll.dir/ffsystem.c.obj
                0x100046e8                ff_memfree
 .text.ff_uni2oem
                0x100046f0       0x44 ssd1306_i2c_1/CMakeFiles/picow_ntp_client_poll.dir/ffunicode.c.obj
                0x100046f0                ff_uni2oem
 .text.ff_wtoupper
                0x10004734       0xa8 ssd1306_i2c_1/CMakeFiles/picow_ntp_client_poll.dir/ffunicode.c.obj
                0x10004734                ff_wtoupper
 .text.spi_get_by_rx_dma
                0x100047dc       0x2a ssd1306_i2c_1/CMakeFiles/picow_ntp_client_poll.dir/spi.c.obj
 *fill*         0x10004806        0x2 
 .text.spi_lock
                0x10004808       0x30 ssd1306_i2c_1/CMakeFiles/picow_ntp_client_poll.dir/spi.c.obj
                0x10004808                spi_lock
 .text.spi_unlock
                0x10004838       0x30 ssd1306_i2c_1/CMakeFiles/picow_ntp_client_poll.dir/spi.c.obj
                0x10004838                spi_unlock
 .text.my_spi_init
                0x10004868      0x254 ssd1306_i2c_1/CMakeFiles/picow_ntp_client_poll.dir/spi.c.obj
                0x10004868                my_spi_init
 .text.sd_spi_deselect
                0x10004abc       0x2c ssd1306_i2c_1/CMakeFiles/picow_ntp_client_poll.dir/sd_spi.c.obj
 .text.sd_spi_select
                0x10004ae8       0x2c ssd1306_i2c_1/CMakeFiles/picow_ntp_client_poll.dir/sd_spi.c.obj
 .text.sd_spi_lock
                0x10004b14        0xa ssd1306_i2c_1/CMakeFiles/picow_ntp_client_poll.dir/sd_spi.c.obj
 .text.sd_spi_unlock
                0x10004b1e        0xa ssd1306_i2c_1/CMakeFiles/picow_ntp_client_poll.dir/sd_spi.c.obj
 .text.sd_spi_go_high_frequency
                0x10004b28       0x20 ssd1306_i2c_1/CMakeFiles/picow_ntp_client_poll.dir/sd_spi.c.obj
                0x10004b28                sd_spi_go_high_frequency
 .text.sd_spi_go_low_frequency
                0x10004b48       0x24 ssd1306_i2c_1/CMakeFiles/picow_ntp_client_poll.dir/sd_spi.c.obj
                0x10004b48                sd_spi_go_low_frequency
 .text.sd_spi_deselect_pulse
                0x10004b6c       0x10 ssd1306_i2c_1/CMakeFiles/picow_ntp_client_poll.dir/sd_spi.c.obj
                0x10004b6c                sd_spi_deselect_pulse
 .text.sd_spi_acquire
                0x10004b7c       0x10 ssd1306_i2c_1/CMakeFiles/picow_ntp_client_poll.dir/sd_spi.c.obj
                0x10004b7c                sd_spi_acquire
 .text.sd_spi_release
                0x10004b8c       0x10 ssd1306_i2c_1/CMakeFiles/picow_ntp_client_poll.dir/sd_spi.c.obj
                0x10004b8c                sd_spi_release
 .text.sd_spi_transfer
                0x10004b9c        0xa ssd1306_i2c_1/CMakeFiles/picow_ntp_client_poll.dir/sd_spi.c.obj
                0x10004b9c                sd_spi_transfer
 *fill*         0x10004ba6        0x2 
 .text.sd_spi_write
                0x10004ba8       0x44 ssd1306_i2c_1/CMakeFiles/picow_ntp_client_poll.dir/sd_spi.c.obj
                0x10004ba8                sd_spi_write
 .text.sd_spi_send_initializing_sequence
                0x10004bec       0xc0 ssd1306_i2c_1/CMakeFiles/picow_ntp_client_poll.dir/sd_spi.c.obj
                0x10004bec                sd_spi_send_initializing_sequence
 .text.crc7     0x10004cac       0x20 ssd1306_i2c_1/CMakeFiles/picow_ntp_client_poll.dir/crc.c.obj
                0x10004cac                crc7
 .text.crc16    0x10004ccc       0x28 ssd1306_i2c_1/CMakeFiles/picow_ntp_client_poll.dir/crc.c.obj
                0x10004ccc                crc16
 .text.my_printf
                0x10004cf4       0x4c ssd1306_i2c_1/CMakeFiles/picow_ntp_client_poll.dir/my_debug.c.obj
                0x10004cf4                my_printf
 .text.my_assert_func
                0x10004d40       0x2c ssd1306_i2c_1/CMakeFiles/picow_ntp_client_poll.dir/my_debug.c.obj
                0x10004d40                my_assert_func
 .text.sd_get_num
                0x10004d6c        0x4 ssd1306_i2c_1/CMakeFiles/picow_ntp_client_poll.dir/hw_config.c.obj
                0x10004d6c                sd_get_num
 .text.sd_get_by_num
                0x10004d70       0x24 ssd1306_i2c_1/CMakeFiles/picow_ntp_client_poll.dir/hw_config.c.obj
                0x10004d70                sd_get_by_num
 .text.spi_get_num
                0x10004d94        0x4 ssd1306_i2c_1/CMakeFiles/picow_ntp_client_poll.dir/hw_config.c.obj
                0x10004d94                spi_get_num
 .text.spi_get_by_num
                0x10004d98       0x1c ssd1306_i2c_1/CMakeFiles/picow_ntp_client_poll.dir/hw_config.c.obj
                0x10004d98                spi_get_by_num
 .text.sdrc2dresult
                0x10004db4       0x60 ssd1306_i2c_1/CMakeFiles/picow_ntp_client_poll.dir/glue.c.obj
 .text.disk_status
                0x10004e14       0x16 ssd1306_i2c_1/CMakeFiles/picow_ntp_client_poll.dir/glue.c.obj
                0x10004e14                disk_status
 .text.disk_initialize
                0x10004e2a       0x2a ssd1306_i2c_1/CMakeFiles/picow_ntp_client_poll.dir/glue.c.obj
                0x10004e2a                disk_initialize
 .text.disk_read
                0x10004e54       0x32 ssd1306_i2c_1/CMakeFiles/picow_ntp_client_poll.dir/glue.c.obj
                0x10004e54                disk_read
 *fill*         0x10004e86        0x2 
 .text.lwip_timeout_reached
                0x10004e88       0x2c ssd1306_i2c_1/CMakeFiles/picow_ntp_client_poll.dir/C_/PicoSDK/pico-sdk/src/rp2_common/pico_lwip/lwip_nosys.c.obj
 .text.update_next_timeout
                0x10004eb4       0xb0 ssd1306_i2c_1/CMakeFiles/picow_ntp_client_poll.dir/C_/PicoSDK/pico-sdk/src/rp2_common/pico_lwip/lwip_nosys.c.obj
 .text.lwip_nosys_init
                0x10004f64       0x34 ssd1306_i2c_1/CMakeFiles/picow_ntp_client_poll.dir/C_/PicoSDK/pico-sdk/src/rp2_common/pico_lwip/lwip_nosys.c.obj
                0x10004f64                lwip_nosys_init
 .text.lwip_nosys_deinit
                0x10004f98       0x20 ssd1306_i2c_1/CMakeFiles/picow_ntp_client_poll.dir/C_/PicoSDK/pico-sdk/src/rp2_common/pico_lwip/lwip_nosys.c.obj
                0x10004f98                lwip_nosys_deinit
 .text.sys_arch_protect
                0x10004fb8        0x4 ssd1306_i2c_1/CMakeFiles/picow_ntp_client_poll.dir/C_/PicoSDK/pico-sdk/src/rp2_common/pico_lwip/lwip_nosys.c.obj
                0x10004fb8                sys_arch_protect
 .text.sys_arch_unprotect
                0x10004fbc        0x2 ssd1306_i2c_1/CMakeFiles/picow_ntp_client_poll.dir/C_/PicoSDK/pico-sdk/src/rp2_common/pico_lwip/lwip_nosys.c.obj
                0x10004fbc                sys_arch_unprotect
 *fill*         0x10004fbe        0x2 
 .text.sys_now  0x10004fc0       0x3c ssd1306_i2c_1/CMakeFiles/picow_ntp_client_poll.dir/C_/PicoSDK/pico-sdk/src/rp2_common/pico_lwip/lwip_nosys.c.obj
                0x10004fc0                sys_now
 .text.async_context_base_add_at_time_worker
                0x10004ffc       0x1c ssd1306_i2c_1/CMakeFiles/picow_ntp_client_poll.dir/C_/PicoSDK/pico-sdk/src/rp2_common/pico_async_context/async_context_base.c.obj
                0x10004ffc                async_context_base_add_at_time_worker
 .text.async_context_base_remove_at_time_worker
                0x10005018       0x1c ssd1306_i2c_1/CMakeFiles/picow_ntp_client_poll.dir/C_/PicoSDK/pico-sdk/src/rp2_common/pico_async_context/async_context_base.c.obj
                0x10005018                async_context_base_remove_at_time_worker
 .text.async_context_base_add_when_pending_worker
                0x10005034       0x1c ssd1306_i2c_1/CMakeFiles/picow_ntp_client_poll.dir/C_/PicoSDK/pico-sdk/src/rp2_common/pico_async_context/async_context_base.c.obj
                0x10005034                async_context_base_add_when_pending_worker
 .text.async_context_base_remove_when_pending_worker
                0x10005050       0x1c ssd1306_i2c_1/CMakeFiles/picow_ntp_client_poll.dir/C_/PicoSDK/pico-sdk/src/rp2_common/pico_async_context/async_context_base.c.obj
                0x10005050                async_context_base_remove_when_pending_worker
 .text.async_context_base_remove_ready_at_time_worker
                0x1000506c       0x94 ssd1306_i2c_1/CMakeFiles/picow_ntp_client_poll.dir/C_/PicoSDK/pico-sdk/src/rp2_common/pico_async_context/async_context_base.c.obj
                0x1000506c                async_context_base_remove_ready_at_time_worker
 .text.async_context_base_refresh_next_timeout
                0x10005100       0x4c ssd1306_i2c_1/CMakeFiles/picow_ntp_client_poll.dir/C_/PicoSDK/pico-sdk/src/rp2_common/pico_async_context/async_context_base.c.obj
                0x10005100                async_context_base_refresh_next_timeout
 .text.async_context_base_execute_once
                0x1000514c       0x48 ssd1306_i2c_1/CMakeFiles/picow_ntp_client_poll.dir/C_/PicoSDK/pico-sdk/src/rp2_common/pico_async_context/async_context_base.c.obj
                0x1000514c                async_context_base_execute_once
 .text.running_on_fpga
                0x10005194       0x14 ssd1306_i2c_1/CMakeFiles/picow_ntp_client_poll.dir/C_/PicoSDK/pico-sdk/src/rp2_common/pico_platform/platform.c.obj
                0x10005194                running_on_fpga
 .text.splitmix64
                0x100051a8       0x5c ssd1306_i2c_1/CMakeFiles/picow_ntp_client_poll.dir/C_/PicoSDK/pico-sdk/src/rp2_common/pico_rand/rand.c.obj
 .text.sdbm_hash64_sram
                0x10005204       0x64 ssd1306_i2c_1/CMakeFiles/picow_ntp_client_poll.dir/C_/PicoSDK/pico-sdk/src/rp2_common/pico_rand/rand.c.obj
 .text.xoroshiro128ss
                0x10005268       0xb8 ssd1306_i2c_1/CMakeFiles/picow_ntp_client_poll.dir/C_/PicoSDK/pico-sdk/src/rp2_common/pico_rand/rand.c.obj
 .text.capture_additional_rosc_samples
                0x10005320      0x1a4 ssd1306_i2c_1/CMakeFiles/picow_ntp_client_poll.dir/C_/PicoSDK/pico-sdk/src/rp2_common/pico_rand/rand.c.obj
 .text.initialise_rand
                0x100054c4      0x118 ssd1306_i2c_1/CMakeFiles/picow_ntp_client_poll.dir/C_/PicoSDK/pico-sdk/src/rp2_common/pico_rand/rand.c.obj
 .text.get_rand_64
                0x100055dc      0x11c ssd1306_i2c_1/CMakeFiles/picow_ntp_client_poll.dir/C_/PicoSDK/pico-sdk/src/rp2_common/pico_rand/rand.c.obj
                0x100055dc                get_rand_64
 .text.get_rand_32
                0x100056f8        0x8 ssd1306_i2c_1/CMakeFiles/picow_ntp_client_poll.dir/C_/PicoSDK/pico-sdk/src/rp2_common/pico_rand/rand.c.obj
                0x100056f8                get_rand_32
 .text._retrieve_unique_id_on_boot
                0x10005700       0x10 ssd1306_i2c_1/CMakeFiles/picow_ntp_client_poll.dir/C_/PicoSDK/pico-sdk/src/rp2_common/pico_unique_id/unique_id.c.obj
 .text.pico_get_unique_board_id
                0x10005710       0x10 ssd1306_i2c_1/CMakeFiles/picow_ntp_client_poll.dir/C_/PicoSDK/pico-sdk/src/rp2_common/pico_unique_id/unique_id.c.obj
                0x10005710                pico_get_unique_board_id
 .text.flash_get_unique_id
                0x10005720       0x46 ssd1306_i2c_1/CMakeFiles/picow_ntp_client_poll.dir/C_/PicoSDK/pico-sdk/src/rp2_common/hardware_flash/flash.c.obj
                0x10005720                flash_get_unique_id
 *fill*         0x10005766        0x2 
 .text.hw_claim_lock
                0x10005768       0x18 ssd1306_i2c_1/CMakeFiles/picow_ntp_client_poll.dir/C_/PicoSDK/pico-sdk/src/rp2_common/hardware_claim/claim.c.obj
                0x10005768                hw_claim_lock
 .text.hw_claim_unlock
                0x10005780       0x14 ssd1306_i2c_1/CMakeFiles/picow_ntp_client_poll.dir/C_/PicoSDK/pico-sdk/src/rp2_common/hardware_claim/claim.c.obj
                0x10005780                hw_claim_unlock
 .text.hw_is_claimed
                0x10005794       0x16 ssd1306_i2c_1/CMakeFiles/picow_ntp_client_poll.dir/C_/PicoSDK/pico-sdk/src/rp2_common/hardware_claim/claim.c.obj
                0x10005794                hw_is_claimed
 .text.hw_claim_or_assert
                0x100057aa       0x32 ssd1306_i2c_1/CMakeFiles/picow_ntp_client_poll.dir/C_/PicoSDK/pico-sdk/src/rp2_common/hardware_claim/claim.c.obj
                0x100057aa                hw_claim_or_assert
 .text.hw_claim_unused_from_range
                0x100057dc       0x50 ssd1306_i2c_1/CMakeFiles/picow_ntp_client_poll.dir/C_/PicoSDK/pico-sdk/src/rp2_common/hardware_claim/claim.c.obj
                0x100057dc                hw_claim_unused_from_range
 .text.hw_claim_clear
                0x1000582c       0x40 ssd1306_i2c_1/CMakeFiles/picow_ntp_client_poll.dir/C_/PicoSDK/pico-sdk/src/rp2_common/hardware_claim/claim.c.obj
                0x1000582c                hw_claim_clear
 .text.spin_locks_reset
                0x1000586c       0x20 ssd1306_i2c_1/CMakeFiles/picow_ntp_client_poll.dir/C_/PicoSDK/pico-sdk/src/rp2_common/hardware_sync/sync.c.obj
                0x1000586c                spin_locks_reset
 .text.next_striped_spin_lock_num
                0x1000588c       0x1c ssd1306_i2c_1/CMakeFiles/picow_ntp_client_poll.dir/C_/PicoSDK/pico-sdk/src/rp2_common/hardware_sync/sync.c.obj
                0x1000588c                next_striped_spin_lock_num
 .text.spin_lock_claim_unused
                0x100058a8       0x20 ssd1306_i2c_1/CMakeFiles/picow_ntp_client_poll.dir/C_/PicoSDK/pico-sdk/src/rp2_common/hardware_sync/sync.c.obj
                0x100058a8                spin_lock_claim_unused
 .text.rom_func_lookup
                0x100058c8       0x10 ssd1306_i2c_1/CMakeFiles/picow_ntp_client_poll.dir/C_/PicoSDK/pico-sdk/src/rp2_common/pico_bootrom/bootrom.c.obj
                0x100058c8                rom_func_lookup
 .text.rom_data_lookup
                0x100058d8       0x10 ssd1306_i2c_1/CMakeFiles/picow_ntp_client_poll.dir/C_/PicoSDK/pico-sdk/src/rp2_common/pico_bootrom/bootrom.c.obj
                0x100058d8                rom_data_lookup
 .text.rom_funcs_lookup
                0x100058e8       0x36 ssd1306_i2c_1/CMakeFiles/picow_ntp_client_poll.dir/C_/PicoSDK/pico-sdk/src/rp2_common/pico_bootrom/bootrom.c.obj
                0x100058e8                rom_funcs_lookup
 *fill*         0x1000591e        0x2 
 .text.clock_configure
                0x10005920      0x104 ssd1306_i2c_1/CMakeFiles/picow_ntp_client_poll.dir/C_/PicoSDK/pico-sdk/src/rp2_common/hardware_clocks/clocks.c.obj
                0x10005920                clock_configure
 .text.clocks_init
                0x10005a24      0x100 ssd1306_i2c_1/CMakeFiles/picow_ntp_client_poll.dir/C_/PicoSDK/pico-sdk/src/rp2_common/hardware_clocks/clocks.c.obj
                0x10005a24                clocks_init
 .text.clock_get_hz
                0x10005b24        0xc ssd1306_i2c_1/CMakeFiles/picow_ntp_client_poll.dir/C_/PicoSDK/pico-sdk/src/rp2_common/hardware_clocks/clocks.c.obj
                0x10005b24                clock_get_hz
 .text.gpio_set_function
                0x10005b30       0x30 ssd1306_i2c_1/CMakeFiles/picow_ntp_client_poll.dir/C_/PicoSDK/pico-sdk/src/rp2_common/hardware_gpio/gpio.c.obj
                0x10005b30                gpio_set_function
 .text.gpio_set_pulls
                0x10005b60       0x34 ssd1306_i2c_1/CMakeFiles/picow_ntp_client_poll.dir/C_/PicoSDK/pico-sdk/src/rp2_common/hardware_gpio/gpio.c.obj
                0x10005b60                gpio_set_pulls
 .text.gpio_set_input_hysteresis_enabled
                0x10005b94       0x30 ssd1306_i2c_1/CMakeFiles/picow_ntp_client_poll.dir/C_/PicoSDK/pico-sdk/src/rp2_common/hardware_gpio/gpio.c.obj
                0x10005b94                gpio_set_input_hysteresis_enabled
 .text.gpio_set_drive_strength
                0x10005bc4       0x20 ssd1306_i2c_1/CMakeFiles/picow_ntp_client_poll.dir/C_/PicoSDK/pico-sdk/src/rp2_common/hardware_gpio/gpio.c.obj
                0x10005bc4                gpio_set_drive_strength
 .text.gpio_add_raw_irq_handler_with_order_priority_masked
                0x10005be4       0x40 ssd1306_i2c_1/CMakeFiles/picow_ntp_client_poll.dir/C_/PicoSDK/pico-sdk/src/rp2_common/hardware_gpio/gpio.c.obj
                0x10005be4                gpio_add_raw_irq_handler_with_order_priority_masked
 .text.gpio_remove_raw_irq_handler_masked
                0x10005c24       0x48 ssd1306_i2c_1/CMakeFiles/picow_ntp_client_poll.dir/C_/PicoSDK/pico-sdk/src/rp2_common/hardware_gpio/gpio.c.obj
                0x10005c24                gpio_remove_raw_irq_handler_masked
 .text.gpio_acknowledge_irq
                0x10005c6c       0x18 ssd1306_i2c_1/CMakeFiles/picow_ntp_client_poll.dir/C_/PicoSDK/pico-sdk/src/rp2_common/hardware_gpio/gpio.c.obj
                0x10005c6c                gpio_acknowledge_irq
 .text._gpio_set_irq_enabled
                0x10005c84       0x34 ssd1306_i2c_1/CMakeFiles/picow_ntp_client_poll.dir/C_/PicoSDK/pico-sdk/src/rp2_common/hardware_gpio/gpio.c.obj
 .text.gpio_set_irq_enabled
                0x10005cb8       0x20 ssd1306_i2c_1/CMakeFiles/picow_ntp_client_poll.dir/C_/PicoSDK/pico-sdk/src/rp2_common/hardware_gpio/gpio.c.obj
                0x10005cb8                gpio_set_irq_enabled
 .text.gpio_init
                0x10005cd8       0x16 ssd1306_i2c_1/CMakeFiles/picow_ntp_client_poll.dir/C_/PicoSDK/pico-sdk/src/rp2_common/hardware_gpio/gpio.c.obj
                0x10005cd8                gpio_init
 *fill*         0x10005cee        0x2 
 .text.set_raw_irq_handler_and_unlock
                0x10005cf0       0x28 ssd1306_i2c_1/CMakeFiles/picow_ntp_client_poll.dir/C_/PicoSDK/pico-sdk/src/rp2_common/hardware_irq/irq.c.obj
 .text.make_branch
                0x10005d18       0x48 ssd1306_i2c_1/CMakeFiles/picow_ntp_client_poll.dir/C_/PicoSDK/pico-sdk/src/rp2_common/hardware_irq/irq.c.obj
 .text.insert_branch_and_link
                0x10005d60       0x40 ssd1306_i2c_1/CMakeFiles/picow_ntp_client_poll.dir/C_/PicoSDK/pico-sdk/src/rp2_common/hardware_irq/irq.c.obj
 .text.irq_is_enabled
                0x10005da0       0x18 ssd1306_i2c_1/CMakeFiles/picow_ntp_client_poll.dir/C_/PicoSDK/pico-sdk/src/rp2_common/hardware_irq/irq.c.obj
                0x10005da0                irq_is_enabled
 .text.irq_set_mask_enabled
                0x10005db8       0x20 ssd1306_i2c_1/CMakeFiles/picow_ntp_client_poll.dir/C_/PicoSDK/pico-sdk/src/rp2_common/hardware_irq/irq.c.obj
                0x10005db8                irq_set_mask_enabled
 .text.irq_set_enabled
                0x10005dd8        0xe ssd1306_i2c_1/CMakeFiles/picow_ntp_client_poll.dir/C_/PicoSDK/pico-sdk/src/rp2_common/hardware_irq/irq.c.obj
                0x10005dd8                irq_set_enabled
 *fill*         0x10005de6        0x2 
 .text.irq_get_vtable_handler
                0x10005de8       0x10 ssd1306_i2c_1/CMakeFiles/picow_ntp_client_poll.dir/C_/PicoSDK/pico-sdk/src/rp2_common/hardware_irq/irq.c.obj
                0x10005de8                irq_get_vtable_handler
 .text.irq_set_exclusive_handler
                0x10005df8       0x54 ssd1306_i2c_1/CMakeFiles/picow_ntp_client_poll.dir/C_/PicoSDK/pico-sdk/src/rp2_common/hardware_irq/irq.c.obj
                0x10005df8                irq_set_exclusive_handler
 .text.irq_add_shared_handler
                0x10005e4c      0x234 ssd1306_i2c_1/CMakeFiles/picow_ntp_client_poll.dir/C_/PicoSDK/pico-sdk/src/rp2_common/hardware_irq/irq.c.obj
                0x10005e4c                irq_add_shared_handler
 .text.irq_remove_handler
                0x10006080      0x1ac ssd1306_i2c_1/CMakeFiles/picow_ntp_client_poll.dir/C_/PicoSDK/pico-sdk/src/rp2_common/hardware_irq/irq.c.obj
                0x10006080                irq_remove_handler
 .text.irq_add_tail_to_free_list
                0x1000622c       0xf0 ssd1306_i2c_1/CMakeFiles/picow_ntp_client_poll.dir/C_/PicoSDK/pico-sdk/src/rp2_common/hardware_irq/irq.c.obj
                0x1000622c                irq_add_tail_to_free_list
 .text.irq_init_priorities
                0x1000631c       0x1c ssd1306_i2c_1/CMakeFiles/picow_ntp_client_poll.dir/C_/PicoSDK/pico-sdk/src/rp2_common/hardware_irq/irq.c.obj
                0x1000631c                irq_init_priorities
 .text.sem_init
                0x10006338       0x1e ssd1306_i2c_1/CMakeFiles/picow_ntp_client_poll.dir/C_/PicoSDK/pico-sdk/src/common/pico_sync/sem.c.obj
                0x10006338                sem_init
 *fill*         0x10006356        0x2 
 .text.lock_init
                0x10006358       0x10 ssd1306_i2c_1/CMakeFiles/picow_ntp_client_poll.dir/C_/PicoSDK/pico-sdk/src/common/pico_sync/lock_core.c.obj
                0x10006358                lock_init
 .text.mutex_init
                0x10006368       0x1a ssd1306_i2c_1/CMakeFiles/picow_ntp_client_poll.dir/C_/PicoSDK/pico-sdk/src/common/pico_sync/mutex.c.obj
                0x10006368                mutex_init
 .text.recursive_mutex_init
                0x10006382       0x1e ssd1306_i2c_1/CMakeFiles/picow_ntp_client_poll.dir/C_/PicoSDK/pico-sdk/src/common/pico_sync/mutex.c.obj
                0x10006382                recursive_mutex_init
 .text.critical_section_init_with_lock_num
                0x100063a0       0x14 ssd1306_i2c_1/CMakeFiles/picow_ntp_client_poll.dir/C_/PicoSDK/pico-sdk/src/common/pico_sync/critical_section.c.obj
                0x100063a0                critical_section_init_with_lock_num
 .text.critical_section_init
                0x100063b4       0x14 ssd1306_i2c_1/CMakeFiles/picow_ntp_client_poll.dir/C_/PicoSDK/pico-sdk/src/common/pico_sync/critical_section.c.obj
                0x100063b4                critical_section_init
 .text.alarm_pool_post_alloc_init
                0x100063c8       0x40 ssd1306_i2c_1/CMakeFiles/picow_ntp_client_poll.dir/C_/PicoSDK/pico-sdk/src/common/pico_time/time.c.obj
 .text.sleep_until_callback
                0x10006408       0x30 ssd1306_i2c_1/CMakeFiles/picow_ntp_client_poll.dir/C_/PicoSDK/pico-sdk/src/common/pico_time/time.c.obj
 .text.timer_pool_entry_comparator
                0x10006438       0x7c ssd1306_i2c_1/CMakeFiles/picow_ntp_client_poll.dir/C_/PicoSDK/pico-sdk/src/common/pico_time/time.c.obj
                0x10006438                timer_pool_entry_comparator
 .text.ph_add_child_node
                0x100064b4       0xa4 ssd1306_i2c_1/CMakeFiles/picow_ntp_client_poll.dir/C_/PicoSDK/pico-sdk/src/common/pico_time/time.c.obj
 .text.ph_merge_nodes
                0x10006558       0x3e ssd1306_i2c_1/CMakeFiles/picow_ntp_client_poll.dir/C_/PicoSDK/pico-sdk/src/common/pico_time/time.c.obj
 *fill*         0x10006596        0x2 
 .text.add_alarm_under_lock
                0x10006598      0x174 ssd1306_i2c_1/CMakeFiles/picow_ntp_client_poll.dir/C_/PicoSDK/pico-sdk/src/common/pico_time/time.c.obj
 .text.alarm_pool_alarm_callback
                0x1000670c      0x33c ssd1306_i2c_1/CMakeFiles/picow_ntp_client_poll.dir/C_/PicoSDK/pico-sdk/src/common/pico_time/time.c.obj
 .text.alarm_pool_init_default
                0x10006a48       0x40 ssd1306_i2c_1/CMakeFiles/picow_ntp_client_poll.dir/C_/PicoSDK/pico-sdk/src/common/pico_time/time.c.obj
                0x10006a48                alarm_pool_init_default
 .text.alarm_pool_get_default
                0x10006a88       0x2c ssd1306_i2c_1/CMakeFiles/picow_ntp_client_poll.dir/C_/PicoSDK/pico-sdk/src/common/pico_time/time.c.obj
                0x10006a88                alarm_pool_get_default
 .text.alarm_pool_add_alarm_at
                0x10006ab4      0x168 ssd1306_i2c_1/CMakeFiles/picow_ntp_client_poll.dir/C_/PicoSDK/pico-sdk/src/common/pico_time/time.c.obj
                0x10006ab4                alarm_pool_add_alarm_at
 .text.alarm_pool_cancel_alarm
                0x10006c1c       0xf0 ssd1306_i2c_1/CMakeFiles/picow_ntp_client_poll.dir/C_/PicoSDK/pico-sdk/src/common/pico_time/time.c.obj
                0x10006c1c                alarm_pool_cancel_alarm
 .text.sleep_until
                0x10006d0c       0xfc ssd1306_i2c_1/CMakeFiles/picow_ntp_client_poll.dir/C_/PicoSDK/pico-sdk/src/common/pico_time/time.c.obj
                0x10006d0c                sleep_until
 .text.sleep_us
                0x10006e08       0x58 ssd1306_i2c_1/CMakeFiles/picow_ntp_client_poll.dir/C_/PicoSDK/pico-sdk/src/common/pico_time/time.c.obj
                0x10006e08                sleep_us
 .text.sleep_ms
                0x10006e60       0x14 ssd1306_i2c_1/CMakeFiles/picow_ntp_client_poll.dir/C_/PicoSDK/pico-sdk/src/common/pico_time/time.c.obj
                0x10006e60                sleep_ms
 .text.best_effort_wfe_or_timeout
                0x10006e74       0xac ssd1306_i2c_1/CMakeFiles/picow_ntp_client_poll.dir/C_/PicoSDK/pico-sdk/src/common/pico_time/time.c.obj
                0x10006e74                best_effort_wfe_or_timeout
 .text.hardware_alarm_irq_handler
                0x10006f20       0x90 ssd1306_i2c_1/CMakeFiles/picow_ntp_client_poll.dir/C_/PicoSDK/pico-sdk/src/rp2_common/hardware_timer/timer.c.obj
 .text.hardware_alarm_claim
                0x10006fb0       0x18 ssd1306_i2c_1/CMakeFiles/picow_ntp_client_poll.dir/C_/PicoSDK/pico-sdk/src/rp2_common/hardware_timer/timer.c.obj
                0x10006fb0                hardware_alarm_claim
 .text.time_us_64
                0x10006fc8       0x18 ssd1306_i2c_1/CMakeFiles/picow_ntp_client_poll.dir/C_/PicoSDK/pico-sdk/src/rp2_common/hardware_timer/timer.c.obj
                0x10006fc8                time_us_64
 .text.busy_wait_until
                0x10006fe0       0x28 ssd1306_i2c_1/CMakeFiles/picow_ntp_client_poll.dir/C_/PicoSDK/pico-sdk/src/rp2_common/hardware_timer/timer.c.obj
                0x10006fe0                busy_wait_until
 .text.busy_wait_us
                0x10007008       0x48 ssd1306_i2c_1/CMakeFiles/picow_ntp_client_poll.dir/C_/PicoSDK/pico-sdk/src/rp2_common/hardware_timer/timer.c.obj
                0x10007008                busy_wait_us
 .text.hardware_alarm_set_callback
                0x10007050       0x90 ssd1306_i2c_1/CMakeFiles/picow_ntp_client_poll.dir/C_/PicoSDK/pico-sdk/src/rp2_common/hardware_timer/timer.c.obj
                0x10007050                hardware_alarm_set_callback
 .text.hardware_alarm_set_target
                0x100070e0       0xe8 ssd1306_i2c_1/CMakeFiles/picow_ntp_client_poll.dir/C_/PicoSDK/pico-sdk/src/rp2_common/hardware_timer/timer.c.obj
                0x100070e0                hardware_alarm_set_target
 .text.hardware_alarm_cancel
                0x100071c8       0x40 ssd1306_i2c_1/CMakeFiles/picow_ntp_client_poll.dir/C_/PicoSDK/pico-sdk/src/rp2_common/hardware_timer/timer.c.obj
                0x100071c8                hardware_alarm_cancel
 .text.ph_add_child_node
                0x10007208       0xa4 ssd1306_i2c_1/CMakeFiles/picow_ntp_client_poll.dir/C_/PicoSDK/pico-sdk/src/common/pico_util/pheap.c.obj
 .text.ph_merge_nodes
                0x100072ac       0x3e ssd1306_i2c_1/CMakeFiles/picow_ntp_client_poll.dir/C_/PicoSDK/pico-sdk/src/common/pico_util/pheap.c.obj
 *fill*         0x100072ea        0x2 
 .text.ph_clear
                0x100072ec       0x70 ssd1306_i2c_1/CMakeFiles/picow_ntp_client_poll.dir/C_/PicoSDK/pico-sdk/src/common/pico_util/pheap.c.obj
                0x100072ec                ph_clear
 .text.ph_post_alloc_init
                0x1000735c        0xe ssd1306_i2c_1/CMakeFiles/picow_ntp_client_poll.dir/C_/PicoSDK/pico-sdk/src/common/pico_util/pheap.c.obj
                0x1000735c                ph_post_alloc_init
 *fill*         0x1000736a        0x2 
 .text.ph_merge_two_pass
                0x1000736c       0xa8 ssd1306_i2c_1/CMakeFiles/picow_ntp_client_poll.dir/C_/PicoSDK/pico-sdk/src/common/pico_util/pheap.c.obj
                0x1000736c                ph_merge_two_pass
 .text.ph_remove_any_head
                0x10007414      0x128 ssd1306_i2c_1/CMakeFiles/picow_ntp_client_poll.dir/C_/PicoSDK/pico-sdk/src/common/pico_util/pheap.c.obj
 .text.ph_remove_head
                0x1000753c       0x14 ssd1306_i2c_1/CMakeFiles/picow_ntp_client_poll.dir/C_/PicoSDK/pico-sdk/src/common/pico_util/pheap.c.obj
                0x1000753c                ph_remove_head
 .text.ph_remove_and_free_node
                0x10007550       0xf8 ssd1306_i2c_1/CMakeFiles/picow_ntp_client_poll.dir/C_/PicoSDK/pico-sdk/src/common/pico_util/pheap.c.obj
                0x10007550                ph_remove_and_free_node
 .text.pll_init
                0x10007648      0x12c ssd1306_i2c_1/CMakeFiles/picow_ntp_client_poll.dir/C_/PicoSDK/pico-sdk/src/rp2_common/hardware_pll/pll.c.obj
                0x10007648                pll_init
 .text.watchdog_start_tick
                0x10007774       0x10 ssd1306_i2c_1/CMakeFiles/picow_ntp_client_poll.dir/C_/PicoSDK/pico-sdk/src/rp2_common/hardware_watchdog/watchdog.c.obj
                0x10007774                watchdog_start_tick
 .text.xosc_init
                0x10007784       0x28 ssd1306_i2c_1/CMakeFiles/picow_ntp_client_poll.dir/C_/PicoSDK/pico-sdk/src/rp2_common/hardware_xosc/xosc.c.obj
                0x10007784                xosc_init
 .text.lwip_init
                0x100077ac       0x24 ssd1306_i2c_1/CMakeFiles/picow_ntp_client_poll.dir/C_/PicoSDK/pico-sdk/lib/lwip/src/core/init.c.obj
                0x100077ac                lwip_init
 .text.lwip_htons
                0x100077d0        0xa ssd1306_i2c_1/CMakeFiles/picow_ntp_client_poll.dir/C_/PicoSDK/pico-sdk/lib/lwip/src/core/def.c.obj
                0x100077d0                lwip_htons
 .text.lwip_htonl
                0x100077da       0x1c ssd1306_i2c_1/CMakeFiles/picow_ntp_client_poll.dir/C_/PicoSDK/pico-sdk/lib/lwip/src/core/def.c.obj
                0x100077da                lwip_htonl
 .text.lwip_strnicmp
                0x100077f6       0x44 ssd1306_i2c_1/CMakeFiles/picow_ntp_client_poll.dir/C_/PicoSDK/pico-sdk/lib/lwip/src/core/def.c.obj
                0x100077f6                lwip_strnicmp
 *fill*         0x1000783a        0x2 
 .text.dns_backupserver_available
                0x1000783c       0x28 ssd1306_i2c_1/CMakeFiles/picow_ntp_client_poll.dir/C_/PicoSDK/pico-sdk/lib/lwip/src/core/dns.c.obj
 .text.dns_create_txid
                0x10007864       0x3c ssd1306_i2c_1/CMakeFiles/picow_ntp_client_poll.dir/C_/PicoSDK/pico-sdk/lib/lwip/src/core/dns.c.obj
 .text.dns_call_found
                0x100078a0       0xf4 ssd1306_i2c_1/CMakeFiles/picow_ntp_client_poll.dir/C_/PicoSDK/pico-sdk/lib/lwip/src/core/dns.c.obj
 .text.dns_correct_response
                0x10007994       0x60 ssd1306_i2c_1/CMakeFiles/picow_ntp_client_poll.dir/C_/PicoSDK/pico-sdk/lib/lwip/src/core/dns.c.obj
 .text.dns_send
                0x100079f4      0x178 ssd1306_i2c_1/CMakeFiles/picow_ntp_client_poll.dir/C_/PicoSDK/pico-sdk/lib/lwip/src/core/dns.c.obj
 .text.dns_check_entry
                0x10007b6c      0x11c ssd1306_i2c_1/CMakeFiles/picow_ntp_client_poll.dir/C_/PicoSDK/pico-sdk/lib/lwip/src/core/dns.c.obj
 .text.dns_check_entries
                0x10007c88       0x16 ssd1306_i2c_1/CMakeFiles/picow_ntp_client_poll.dir/C_/PicoSDK/pico-sdk/lib/lwip/src/core/dns.c.obj
 *fill*         0x10007c9e        0x2 
 .text.dns_lookup
                0x10007ca0       0x7c ssd1306_i2c_1/CMakeFiles/picow_ntp_client_poll.dir/C_/PicoSDK/pico-sdk/lib/lwip/src/core/dns.c.obj
 .text.dns_alloc_random_port
                0x10007d1c       0x4c ssd1306_i2c_1/CMakeFiles/picow_ntp_client_poll.dir/C_/PicoSDK/pico-sdk/lib/lwip/src/core/dns.c.obj
 .text.dns_alloc_pcb
                0x10007d68       0x70 ssd1306_i2c_1/CMakeFiles/picow_ntp_client_poll.dir/C_/PicoSDK/pico-sdk/lib/lwip/src/core/dns.c.obj
 .text.dns_enqueue
                0x10007dd8      0x190 ssd1306_i2c_1/CMakeFiles/picow_ntp_client_poll.dir/C_/PicoSDK/pico-sdk/lib/lwip/src/core/dns.c.obj
 .text.dns_compare_name
                0x10007f68       0xb4 ssd1306_i2c_1/CMakeFiles/picow_ntp_client_poll.dir/C_/PicoSDK/pico-sdk/lib/lwip/src/core/dns.c.obj
 .text.dns_skip_name
                0x1000801c       0x64 ssd1306_i2c_1/CMakeFiles/picow_ntp_client_poll.dir/C_/PicoSDK/pico-sdk/lib/lwip/src/core/dns.c.obj
 .text.dns_recv
                0x10008080      0x220 ssd1306_i2c_1/CMakeFiles/picow_ntp_client_poll.dir/C_/PicoSDK/pico-sdk/lib/lwip/src/core/dns.c.obj
 .text.dns_init
                0x100082a0        0x2 ssd1306_i2c_1/CMakeFiles/picow_ntp_client_poll.dir/C_/PicoSDK/pico-sdk/lib/lwip/src/core/dns.c.obj
                0x100082a0                dns_init
 *fill*         0x100082a2        0x2 
 .text.dns_setserver
                0x100082a4       0x28 ssd1306_i2c_1/CMakeFiles/picow_ntp_client_poll.dir/C_/PicoSDK/pico-sdk/lib/lwip/src/core/dns.c.obj
                0x100082a4                dns_setserver
 .text.dns_tmr  0x100082cc        0x8 ssd1306_i2c_1/CMakeFiles/picow_ntp_client_poll.dir/C_/PicoSDK/pico-sdk/lib/lwip/src/core/dns.c.obj
                0x100082cc                dns_tmr
 .text.dns_gethostbyname_addrtype
                0x100082d4       0x84 ssd1306_i2c_1/CMakeFiles/picow_ntp_client_poll.dir/C_/PicoSDK/pico-sdk/lib/lwip/src/core/dns.c.obj
                0x100082d4                dns_gethostbyname_addrtype
 .text.dns_gethostbyname
                0x10008358       0x10 ssd1306_i2c_1/CMakeFiles/picow_ntp_client_poll.dir/C_/PicoSDK/pico-sdk/lib/lwip/src/core/dns.c.obj
                0x10008358                dns_gethostbyname
 .text.lwip_standard_chksum
                0x10008368       0xac ssd1306_i2c_1/CMakeFiles/picow_ntp_client_poll.dir/C_/PicoSDK/pico-sdk/lib/lwip/src/core/inet_chksum.c.obj
                0x10008368                lwip_standard_chksum
 .text.inet_cksum_pseudo_base
                0x10008414       0x7c ssd1306_i2c_1/CMakeFiles/picow_ntp_client_poll.dir/C_/PicoSDK/pico-sdk/lib/lwip/src/core/inet_chksum.c.obj
 .text.inet_chksum_pseudo
                0x10008490       0x30 ssd1306_i2c_1/CMakeFiles/picow_ntp_client_poll.dir/C_/PicoSDK/pico-sdk/lib/lwip/src/core/inet_chksum.c.obj
                0x10008490                inet_chksum_pseudo
 .text.ip_chksum_pseudo
                0x100084c0       0x10 ssd1306_i2c_1/CMakeFiles/picow_ntp_client_poll.dir/C_/PicoSDK/pico-sdk/lib/lwip/src/core/inet_chksum.c.obj
                0x100084c0                ip_chksum_pseudo
 .text.inet_chksum
                0x100084d0        0xc ssd1306_i2c_1/CMakeFiles/picow_ntp_client_poll.dir/C_/PicoSDK/pico-sdk/lib/lwip/src/core/inet_chksum.c.obj
                0x100084d0                inet_chksum
 .text.inet_chksum_pbuf
                0x100084dc       0x52 ssd1306_i2c_1/CMakeFiles/picow_ntp_client_poll.dir/C_/PicoSDK/pico-sdk/lib/lwip/src/core/inet_chksum.c.obj
                0x100084dc                inet_chksum_pbuf
 .text.mem_init
                0x1000852e        0x2 ssd1306_i2c_1/CMakeFiles/picow_ntp_client_poll.dir/C_/PicoSDK/pico-sdk/lib/lwip/src/core/mem.c.obj
                0x1000852e                mem_init
 .text.mem_trim
                0x10008530        0x2 ssd1306_i2c_1/CMakeFiles/picow_ntp_client_poll.dir/C_/PicoSDK/pico-sdk/lib/lwip/src/core/mem.c.obj
                0x10008530                mem_trim
 *fill*         0x10008532        0x2 
 .text.mem_malloc
                0x10008534       0x2c ssd1306_i2c_1/CMakeFiles/picow_ntp_client_poll.dir/C_/PicoSDK/pico-sdk/lib/lwip/src/core/mem.c.obj
                0x10008534                mem_malloc
 .text.mem_free
                0x10008560       0x2c ssd1306_i2c_1/CMakeFiles/picow_ntp_client_poll.dir/C_/PicoSDK/pico-sdk/lib/lwip/src/core/mem.c.obj
                0x10008560                mem_free
 .text.do_memp_malloc_pool
                0x1000858c       0x30 ssd1306_i2c_1/CMakeFiles/picow_ntp_client_poll.dir/C_/PicoSDK/pico-sdk/lib/lwip/src/core/memp.c.obj
 .text.do_memp_free_pool
                0x100085bc       0x28 ssd1306_i2c_1/CMakeFiles/picow_ntp_client_poll.dir/C_/PicoSDK/pico-sdk/lib/lwip/src/core/memp.c.obj
 .text.memp_init_pool
                0x100085e4       0x2a ssd1306_i2c_1/CMakeFiles/picow_ntp_client_poll.dir/C_/PicoSDK/pico-sdk/lib/lwip/src/core/memp.c.obj
                0x100085e4                memp_init_pool
 *fill*         0x1000860e        0x2 
 .text.memp_init
                0x10008610       0x20 ssd1306_i2c_1/CMakeFiles/picow_ntp_client_poll.dir/C_/PicoSDK/pico-sdk/lib/lwip/src/core/memp.c.obj
                0x10008610                memp_init
 .text.memp_malloc
                0x10008630       0x24 ssd1306_i2c_1/CMakeFiles/picow_ntp_client_poll.dir/C_/PicoSDK/pico-sdk/lib/lwip/src/core/memp.c.obj
                0x10008630                memp_malloc
 .text.memp_free
                0x10008654       0x28 ssd1306_i2c_1/CMakeFiles/picow_ntp_client_poll.dir/C_/PicoSDK/pico-sdk/lib/lwip/src/core/memp.c.obj
                0x10008654                memp_free
 .text.netif_do_set_netmask
                0x1000867c       0x1a ssd1306_i2c_1/CMakeFiles/picow_ntp_client_poll.dir/C_/PicoSDK/pico-sdk/lib/lwip/src/core/netif.c.obj
 .text.netif_do_set_gw
                0x10008696       0x1a ssd1306_i2c_1/CMakeFiles/picow_ntp_client_poll.dir/C_/PicoSDK/pico-sdk/lib/lwip/src/core/netif.c.obj
 .text.netif_null_output_ip4
                0x100086b0        0x6 ssd1306_i2c_1/CMakeFiles/picow_ntp_client_poll.dir/C_/PicoSDK/pico-sdk/lib/lwip/src/core/netif.c.obj
 .text.netif_do_ip_addr_changed
                0x100086b6       0x1c ssd1306_i2c_1/CMakeFiles/picow_ntp_client_poll.dir/C_/PicoSDK/pico-sdk/lib/lwip/src/core/netif.c.obj
 *fill*         0x100086d2        0x2 
 .text.netif_issue_reports
                0x100086d4       0x34 ssd1306_i2c_1/CMakeFiles/picow_ntp_client_poll.dir/C_/PicoSDK/pico-sdk/lib/lwip/src/core/netif.c.obj
 .text.netif_do_set_ipaddr
                0x10008708       0x54 ssd1306_i2c_1/CMakeFiles/picow_ntp_client_poll.dir/C_/PicoSDK/pico-sdk/lib/lwip/src/core/netif.c.obj
 .text.netif_init
                0x1000875c        0x2 ssd1306_i2c_1/CMakeFiles/picow_ntp_client_poll.dir/C_/PicoSDK/pico-sdk/lib/lwip/src/core/netif.c.obj
                0x1000875c                netif_init
 *fill*         0x1000875e        0x2 
 .text.netif_set_addr
                0x10008760       0x78 ssd1306_i2c_1/CMakeFiles/picow_ntp_client_poll.dir/C_/PicoSDK/pico-sdk/lib/lwip/src/core/netif.c.obj
                0x10008760                netif_set_addr
 .text.netif_add
                0x100087d8      0x124 ssd1306_i2c_1/CMakeFiles/picow_ntp_client_poll.dir/C_/PicoSDK/pico-sdk/lib/lwip/src/core/netif.c.obj
                0x100087d8                netif_add
 .text.netif_set_default
                0x100088fc        0xc ssd1306_i2c_1/CMakeFiles/picow_ntp_client_poll.dir/C_/PicoSDK/pico-sdk/lib/lwip/src/core/netif.c.obj
                0x100088fc                netif_set_default
 .text.netif_set_up
                0x10008908       0x34 ssd1306_i2c_1/CMakeFiles/picow_ntp_client_poll.dir/C_/PicoSDK/pico-sdk/lib/lwip/src/core/netif.c.obj
                0x10008908                netif_set_up
 .text.netif_set_down
                0x1000893c       0x38 ssd1306_i2c_1/CMakeFiles/picow_ntp_client_poll.dir/C_/PicoSDK/pico-sdk/lib/lwip/src/core/netif.c.obj
                0x1000893c                netif_set_down
 .text.netif_remove
                0x10008974       0x64 ssd1306_i2c_1/CMakeFiles/picow_ntp_client_poll.dir/C_/PicoSDK/pico-sdk/lib/lwip/src/core/netif.c.obj
                0x10008974                netif_remove
 .text.netif_set_link_up
                0x100089d8       0x3c ssd1306_i2c_1/CMakeFiles/picow_ntp_client_poll.dir/C_/PicoSDK/pico-sdk/lib/lwip/src/core/netif.c.obj
                0x100089d8                netif_set_link_up
 .text.netif_set_link_down
                0x10008a14       0x2c ssd1306_i2c_1/CMakeFiles/picow_ntp_client_poll.dir/C_/PicoSDK/pico-sdk/lib/lwip/src/core/netif.c.obj
                0x10008a14                netif_set_link_down
 .text.netif_get_by_index
                0x10008a40       0x24 ssd1306_i2c_1/CMakeFiles/picow_ntp_client_poll.dir/C_/PicoSDK/pico-sdk/lib/lwip/src/core/netif.c.obj
                0x10008a40                netif_get_by_index
 .text.pbuf_init_alloced_pbuf
                0x10008a64       0x20 ssd1306_i2c_1/CMakeFiles/picow_ntp_client_poll.dir/C_/PicoSDK/pico-sdk/lib/lwip/src/core/pbuf.c.obj
 .text.pbuf_skip_const
                0x10008a84       0x1a ssd1306_i2c_1/CMakeFiles/picow_ntp_client_poll.dir/C_/PicoSDK/pico-sdk/lib/lwip/src/core/pbuf.c.obj
 *fill*         0x10008a9e        0x2 
 .text.pbuf_pool_is_empty
                0x10008aa0       0x18 ssd1306_i2c_1/CMakeFiles/picow_ntp_client_poll.dir/C_/PicoSDK/pico-sdk/lib/lwip/src/core/pbuf.c.obj
 .text.pbuf_add_header_impl
                0x10008ab8       0x68 ssd1306_i2c_1/CMakeFiles/picow_ntp_client_poll.dir/C_/PicoSDK/pico-sdk/lib/lwip/src/core/pbuf.c.obj
 .text.pbuf_free_ooseq
                0x10008b20       0x30 ssd1306_i2c_1/CMakeFiles/picow_ntp_client_poll.dir/C_/PicoSDK/pico-sdk/lib/lwip/src/core/pbuf.c.obj
                0x10008b20                pbuf_free_ooseq
 .text.pbuf_alloc_reference
                0x10008b50       0x3c ssd1306_i2c_1/CMakeFiles/picow_ntp_client_poll.dir/C_/PicoSDK/pico-sdk/lib/lwip/src/core/pbuf.c.obj
                0x10008b50                pbuf_alloc_reference
 .text.pbuf_add_header
                0x10008b8c        0xa ssd1306_i2c_1/CMakeFiles/picow_ntp_client_poll.dir/C_/PicoSDK/pico-sdk/lib/lwip/src/core/pbuf.c.obj
                0x10008b8c                pbuf_add_header
 *fill*         0x10008b96        0x2 
 .text.pbuf_remove_header
                0x10008b98       0x50 ssd1306_i2c_1/CMakeFiles/picow_ntp_client_poll.dir/C_/PicoSDK/pico-sdk/lib/lwip/src/core/pbuf.c.obj
                0x10008b98                pbuf_remove_header
 .text.pbuf_header_impl
                0x10008be8       0x14 ssd1306_i2c_1/CMakeFiles/picow_ntp_client_poll.dir/C_/PicoSDK/pico-sdk/lib/lwip/src/core/pbuf.c.obj
 .text.pbuf_header_force
                0x10008bfc        0xa ssd1306_i2c_1/CMakeFiles/picow_ntp_client_poll.dir/C_/PicoSDK/pico-sdk/lib/lwip/src/core/pbuf.c.obj
                0x10008bfc                pbuf_header_force
 *fill*         0x10008c06        0x2 
 .text.pbuf_free
                0x10008c08       0x7c ssd1306_i2c_1/CMakeFiles/picow_ntp_client_poll.dir/C_/PicoSDK/pico-sdk/lib/lwip/src/core/pbuf.c.obj
                0x10008c08                pbuf_free
 .text.pbuf_alloc
                0x10008c84      0x13c ssd1306_i2c_1/CMakeFiles/picow_ntp_client_poll.dir/C_/PicoSDK/pico-sdk/lib/lwip/src/core/pbuf.c.obj
                0x10008c84                pbuf_alloc
 .text.pbuf_realloc
                0x10008dc0       0x80 ssd1306_i2c_1/CMakeFiles/picow_ntp_client_poll.dir/C_/PicoSDK/pico-sdk/lib/lwip/src/core/pbuf.c.obj
                0x10008dc0                pbuf_realloc
 .text.pbuf_clen
                0x10008e40       0x12 ssd1306_i2c_1/CMakeFiles/picow_ntp_client_poll.dir/C_/PicoSDK/pico-sdk/lib/lwip/src/core/pbuf.c.obj
                0x10008e40                pbuf_clen
 *fill*         0x10008e52        0x2 
 .text.pbuf_ref
                0x10008e54       0x28 ssd1306_i2c_1/CMakeFiles/picow_ntp_client_poll.dir/C_/PicoSDK/pico-sdk/lib/lwip/src/core/pbuf.c.obj
                0x10008e54                pbuf_ref
 .text.pbuf_cat
                0x10008e7c       0x44 ssd1306_i2c_1/CMakeFiles/picow_ntp_client_poll.dir/C_/PicoSDK/pico-sdk/lib/lwip/src/core/pbuf.c.obj
                0x10008e7c                pbuf_cat
 .text.pbuf_chain
                0x10008ec0       0x10 ssd1306_i2c_1/CMakeFiles/picow_ntp_client_poll.dir/C_/PicoSDK/pico-sdk/lib/lwip/src/core/pbuf.c.obj
                0x10008ec0                pbuf_chain
 .text.pbuf_copy_partial_pbuf
                0x10008ed0      0x13c ssd1306_i2c_1/CMakeFiles/picow_ntp_client_poll.dir/C_/PicoSDK/pico-sdk/lib/lwip/src/core/pbuf.c.obj
                0x10008ed0                pbuf_copy_partial_pbuf
 .text.pbuf_copy
                0x1000900c       0x20 ssd1306_i2c_1/CMakeFiles/picow_ntp_client_poll.dir/C_/PicoSDK/pico-sdk/lib/lwip/src/core/pbuf.c.obj
                0x1000900c                pbuf_copy
 .text.pbuf_copy_partial
                0x1000902c       0x90 ssd1306_i2c_1/CMakeFiles/picow_ntp_client_poll.dir/C_/PicoSDK/pico-sdk/lib/lwip/src/core/pbuf.c.obj
                0x1000902c                pbuf_copy_partial
 .text.pbuf_skip
                0x100090bc        0x8 ssd1306_i2c_1/CMakeFiles/picow_ntp_client_poll.dir/C_/PicoSDK/pico-sdk/lib/lwip/src/core/pbuf.c.obj
                0x100090bc                pbuf_skip
 .text.pbuf_take
                0x100090c4       0x98 ssd1306_i2c_1/CMakeFiles/picow_ntp_client_poll.dir/C_/PicoSDK/pico-sdk/lib/lwip/src/core/pbuf.c.obj
                0x100090c4                pbuf_take
 .text.pbuf_take_at
                0x1000915c       0x70 ssd1306_i2c_1/CMakeFiles/picow_ntp_client_poll.dir/C_/PicoSDK/pico-sdk/lib/lwip/src/core/pbuf.c.obj
                0x1000915c                pbuf_take_at
 .text.pbuf_clone
                0x100091cc       0x2c ssd1306_i2c_1/CMakeFiles/picow_ntp_client_poll.dir/C_/PicoSDK/pico-sdk/lib/lwip/src/core/pbuf.c.obj
                0x100091cc                pbuf_clone
 .text.pbuf_try_get_at
                0x100091f8       0x30 ssd1306_i2c_1/CMakeFiles/picow_ntp_client_poll.dir/C_/PicoSDK/pico-sdk/lib/lwip/src/core/pbuf.c.obj
                0x100091f8                pbuf_try_get_at
 .text.pbuf_get_at
                0x10009228       0x12 ssd1306_i2c_1/CMakeFiles/picow_ntp_client_poll.dir/C_/PicoSDK/pico-sdk/lib/lwip/src/core/pbuf.c.obj
                0x10009228                pbuf_get_at
 .text.pbuf_put_at
                0x1000923a       0x26 ssd1306_i2c_1/CMakeFiles/picow_ntp_client_poll.dir/C_/PicoSDK/pico-sdk/lib/lwip/src/core/pbuf.c.obj
                0x1000923a                pbuf_put_at
 .text.raw_input_local_match
                0x10009260       0x5c ssd1306_i2c_1/CMakeFiles/picow_ntp_client_poll.dir/C_/PicoSDK/pico-sdk/lib/lwip/src/core/raw.c.obj
 .text.raw_input
                0x100092bc       0xb0 ssd1306_i2c_1/CMakeFiles/picow_ntp_client_poll.dir/C_/PicoSDK/pico-sdk/lib/lwip/src/core/raw.c.obj
                0x100092bc                raw_input
 .text.raw_netif_ip_addr_changed
                0x1000936c       0x38 ssd1306_i2c_1/CMakeFiles/picow_ntp_client_poll.dir/C_/PicoSDK/pico-sdk/lib/lwip/src/core/raw.c.obj
                0x1000936c                raw_netif_ip_addr_changed
 .text.stats_init
                0x100093a4        0x2 ssd1306_i2c_1/CMakeFiles/picow_ntp_client_poll.dir/C_/PicoSDK/pico-sdk/lib/lwip/src/core/stats.c.obj
                0x100093a4                stats_init
 *fill*         0x100093a6        0x2 
 .text.tcp_remove_listener
                0x100093a8       0x24 ssd1306_i2c_1/CMakeFiles/picow_ntp_client_poll.dir/C_/PicoSDK/pico-sdk/lib/lwip/src/core/tcp.c.obj
 .text.tcp_listen_closed
                0x100093cc       0x40 ssd1306_i2c_1/CMakeFiles/picow_ntp_client_poll.dir/C_/PicoSDK/pico-sdk/lib/lwip/src/core/tcp.c.obj
 .text.tcp_free_listen
                0x1000940c       0x1c ssd1306_i2c_1/CMakeFiles/picow_ntp_client_poll.dir/C_/PicoSDK/pico-sdk/lib/lwip/src/core/tcp.c.obj
 .text.tcp_close_shutdown_fin
                0x10009428       0x68 ssd1306_i2c_1/CMakeFiles/picow_ntp_client_poll.dir/C_/PicoSDK/pico-sdk/lib/lwip/src/core/tcp.c.obj
 .text.tcp_handle_closepend
                0x10009490       0x28 ssd1306_i2c_1/CMakeFiles/picow_ntp_client_poll.dir/C_/PicoSDK/pico-sdk/lib/lwip/src/core/tcp.c.obj
 .text.tcp_init
                0x100094b8       0x20 ssd1306_i2c_1/CMakeFiles/picow_ntp_client_poll.dir/C_/PicoSDK/pico-sdk/lib/lwip/src/core/tcp.c.obj
                0x100094b8                tcp_init
 .text.tcp_free
                0x100094d8       0x1c ssd1306_i2c_1/CMakeFiles/picow_ntp_client_poll.dir/C_/PicoSDK/pico-sdk/lib/lwip/src/core/tcp.c.obj
                0x100094d8                tcp_free
 .text.tcp_update_rcv_ann_wnd
                0x100094f4       0x58 ssd1306_i2c_1/CMakeFiles/picow_ntp_client_poll.dir/C_/PicoSDK/pico-sdk/lib/lwip/src/core/tcp.c.obj
                0x100094f4                tcp_update_rcv_ann_wnd
 .text.tcp_recved
                0x1000954c       0x60 ssd1306_i2c_1/CMakeFiles/picow_ntp_client_poll.dir/C_/PicoSDK/pico-sdk/lib/lwip/src/core/tcp.c.obj
                0x1000954c                tcp_recved
 .text.tcp_seg_free
                0x100095ac       0x1a ssd1306_i2c_1/CMakeFiles/picow_ntp_client_poll.dir/C_/PicoSDK/pico-sdk/lib/lwip/src/core/tcp.c.obj
                0x100095ac                tcp_seg_free
 .text.tcp_segs_free
                0x100095c6       0x12 ssd1306_i2c_1/CMakeFiles/picow_ntp_client_poll.dir/C_/PicoSDK/pico-sdk/lib/lwip/src/core/tcp.c.obj
                0x100095c6                tcp_segs_free
 .text.tcp_seg_copy
                0x100095d8       0x2c ssd1306_i2c_1/CMakeFiles/picow_ntp_client_poll.dir/C_/PicoSDK/pico-sdk/lib/lwip/src/core/tcp.c.obj
                0x100095d8                tcp_seg_copy
 .text.tcp_next_iss
                0x10009604       0x28 ssd1306_i2c_1/CMakeFiles/picow_ntp_client_poll.dir/C_/PicoSDK/pico-sdk/lib/lwip/src/core/tcp.c.obj
                0x10009604                tcp_next_iss
 .text.tcp_eff_send_mss_netif
                0x1000962c       0x34 ssd1306_i2c_1/CMakeFiles/picow_ntp_client_poll.dir/C_/PicoSDK/pico-sdk/lib/lwip/src/core/tcp.c.obj
                0x1000962c                tcp_eff_send_mss_netif
 .text.tcp_free_ooseq
                0x10009660       0x14 ssd1306_i2c_1/CMakeFiles/picow_ntp_client_poll.dir/C_/PicoSDK/pico-sdk/lib/lwip/src/core/tcp.c.obj
                0x10009660                tcp_free_ooseq
 .text.tcp_pcb_purge
                0x10009674       0x58 ssd1306_i2c_1/CMakeFiles/picow_ntp_client_poll.dir/C_/PicoSDK/pico-sdk/lib/lwip/src/core/tcp.c.obj
                0x10009674                tcp_pcb_purge
 .text.tcp_pcb_remove
                0x100096cc       0xa4 ssd1306_i2c_1/CMakeFiles/picow_ntp_client_poll.dir/C_/PicoSDK/pico-sdk/lib/lwip/src/core/tcp.c.obj
                0x100096cc                tcp_pcb_remove
 .text.tcp_abandon
                0x10009770      0x10c ssd1306_i2c_1/CMakeFiles/picow_ntp_client_poll.dir/C_/PicoSDK/pico-sdk/lib/lwip/src/core/tcp.c.obj
                0x10009770                tcp_abandon
 .text.tcp_abort
                0x1000987c        0xa ssd1306_i2c_1/CMakeFiles/picow_ntp_client_poll.dir/C_/PicoSDK/pico-sdk/lib/lwip/src/core/tcp.c.obj
                0x1000987c                tcp_abort
 *fill*         0x10009886        0x2 
 .text.tcp_kill_timewait
                0x10009888       0x38 ssd1306_i2c_1/CMakeFiles/picow_ntp_client_poll.dir/C_/PicoSDK/pico-sdk/lib/lwip/src/core/tcp.c.obj
 .text.tcp_kill_prio
                0x100098c0       0x58 ssd1306_i2c_1/CMakeFiles/picow_ntp_client_poll.dir/C_/PicoSDK/pico-sdk/lib/lwip/src/core/tcp.c.obj
 .text.tcp_netif_ip_addr_changed_pcblist
                0x10009918       0x30 ssd1306_i2c_1/CMakeFiles/picow_ntp_client_poll.dir/C_/PicoSDK/pico-sdk/lib/lwip/src/core/tcp.c.obj
 .text.tcp_netif_ip_addr_changed
                0x10009948       0x54 ssd1306_i2c_1/CMakeFiles/picow_ntp_client_poll.dir/C_/PicoSDK/pico-sdk/lib/lwip/src/core/tcp.c.obj
                0x10009948                tcp_netif_ip_addr_changed
 .text.tcp_kill_state
                0x1000999c       0x54 ssd1306_i2c_1/CMakeFiles/picow_ntp_client_poll.dir/C_/PicoSDK/pico-sdk/lib/lwip/src/core/tcp.c.obj
 .text.tcp_alloc
                0x100099f0       0xcc ssd1306_i2c_1/CMakeFiles/picow_ntp_client_poll.dir/C_/PicoSDK/pico-sdk/lib/lwip/src/core/tcp.c.obj
                0x100099f0                tcp_alloc
 .text.tcp_close_shutdown
                0x10009abc      0x13c ssd1306_i2c_1/CMakeFiles/picow_ntp_client_poll.dir/C_/PicoSDK/pico-sdk/lib/lwip/src/core/tcp.c.obj
 .text.tcp_close
                0x10009bf8       0x2c ssd1306_i2c_1/CMakeFiles/picow_ntp_client_poll.dir/C_/PicoSDK/pico-sdk/lib/lwip/src/core/tcp.c.obj
                0x10009bf8                tcp_close
 .text.tcp_recv_null
                0x10009c24       0x3c ssd1306_i2c_1/CMakeFiles/picow_ntp_client_poll.dir/C_/PicoSDK/pico-sdk/lib/lwip/src/core/tcp.c.obj
                0x10009c24                tcp_recv_null
 .text.tcp_process_refused_data
                0x10009c60       0x88 ssd1306_i2c_1/CMakeFiles/picow_ntp_client_poll.dir/C_/PicoSDK/pico-sdk/lib/lwip/src/core/tcp.c.obj
                0x10009c60                tcp_process_refused_data
 .text.tcp_fasttmr
                0x10009ce8       0x80 ssd1306_i2c_1/CMakeFiles/picow_ntp_client_poll.dir/C_/PicoSDK/pico-sdk/lib/lwip/src/core/tcp.c.obj
                0x10009ce8                tcp_fasttmr
 .text.tcp_slowtmr
                0x10009d68      0x44c ssd1306_i2c_1/CMakeFiles/picow_ntp_client_poll.dir/C_/PicoSDK/pico-sdk/lib/lwip/src/core/tcp.c.obj
                0x10009d68                tcp_slowtmr
 .text.tcp_tmr  0x1000a1b4       0x20 ssd1306_i2c_1/CMakeFiles/picow_ntp_client_poll.dir/C_/PicoSDK/pico-sdk/lib/lwip/src/core/tcp.c.obj
                0x1000a1b4                tcp_tmr
 .text.tcp_get_next_optbyte
                0x1000a1d4       0x40 ssd1306_i2c_1/CMakeFiles/picow_ntp_client_poll.dir/C_/PicoSDK/pico-sdk/lib/lwip/src/core/tcp_in.c.obj
 .text.tcp_parseopt
                0x1000a214       0x9c ssd1306_i2c_1/CMakeFiles/picow_ntp_client_poll.dir/C_/PicoSDK/pico-sdk/lib/lwip/src/core/tcp_in.c.obj
 .text.tcp_input_delayed_close
                0x1000a2b0       0x4c ssd1306_i2c_1/CMakeFiles/picow_ntp_client_poll.dir/C_/PicoSDK/pico-sdk/lib/lwip/src/core/tcp_in.c.obj
 .text.tcp_timewait_input
                0x1000a2fc       0xa0 ssd1306_i2c_1/CMakeFiles/picow_ntp_client_poll.dir/C_/PicoSDK/pico-sdk/lib/lwip/src/core/tcp_in.c.obj
 .text.tcp_listen_input
                0x1000a39c      0x15c ssd1306_i2c_1/CMakeFiles/picow_ntp_client_poll.dir/C_/PicoSDK/pico-sdk/lib/lwip/src/core/tcp_in.c.obj
 .text.tcp_free_acked_segments
                0x1000a4f8       0xc0 ssd1306_i2c_1/CMakeFiles/picow_ntp_client_poll.dir/C_/PicoSDK/pico-sdk/lib/lwip/src/core/tcp_in.c.obj
 .text.tcp_oos_insert_segment
                0x1000a5b8       0xd4 ssd1306_i2c_1/CMakeFiles/picow_ntp_client_poll.dir/C_/PicoSDK/pico-sdk/lib/lwip/src/core/tcp_in.c.obj
 .text.tcp_receive
                0x1000a68c      0x9f0 ssd1306_i2c_1/CMakeFiles/picow_ntp_client_poll.dir/C_/PicoSDK/pico-sdk/lib/lwip/src/core/tcp_in.c.obj
 .text.tcp_process
                0x1000b07c      0x55c ssd1306_i2c_1/CMakeFiles/picow_ntp_client_poll.dir/C_/PicoSDK/pico-sdk/lib/lwip/src/core/tcp_in.c.obj
 .text.tcp_input
                0x1000b5d8      0x674 ssd1306_i2c_1/CMakeFiles/picow_ntp_client_poll.dir/C_/PicoSDK/pico-sdk/lib/lwip/src/core/tcp_in.c.obj
                0x1000b5d8                tcp_input
 .text.tcp_trigger_input_pcb_close
                0x1000bc4c       0x10 ssd1306_i2c_1/CMakeFiles/picow_ntp_client_poll.dir/C_/PicoSDK/pico-sdk/lib/lwip/src/core/tcp_in.c.obj
                0x1000bc4c                tcp_trigger_input_pcb_close
 .text.tcp_output_segment_busy
                0x1000bc5c       0x20 ssd1306_i2c_1/CMakeFiles/picow_ntp_client_poll.dir/C_/PicoSDK/pico-sdk/lib/lwip/src/core/tcp_out.c.obj
 .text.tcp_output_fill_options
                0x1000bc7c       0x30 ssd1306_i2c_1/CMakeFiles/picow_ntp_client_poll.dir/C_/PicoSDK/pico-sdk/lib/lwip/src/core/tcp_out.c.obj
 .text.tcp_create_segment
                0x1000bcac       0xf4 ssd1306_i2c_1/CMakeFiles/picow_ntp_client_poll.dir/C_/PicoSDK/pico-sdk/lib/lwip/src/core/tcp_out.c.obj
 .text.tcp_output_alloc_header_common
                0x1000bda0       0xd0 ssd1306_i2c_1/CMakeFiles/picow_ntp_client_poll.dir/C_/PicoSDK/pico-sdk/lib/lwip/src/core/tcp_out.c.obj
 .text.tcp_output_alloc_header
                0x1000be70       0x3c ssd1306_i2c_1/CMakeFiles/picow_ntp_client_poll.dir/C_/PicoSDK/pico-sdk/lib/lwip/src/core/tcp_out.c.obj
 .text.tcp_rst_common
                0x1000beac       0x68 ssd1306_i2c_1/CMakeFiles/picow_ntp_client_poll.dir/C_/PicoSDK/pico-sdk/lib/lwip/src/core/tcp_out.c.obj
 .text.tcp_route
                0x1000bf14       0x1a ssd1306_i2c_1/CMakeFiles/picow_ntp_client_poll.dir/C_/PicoSDK/pico-sdk/lib/lwip/src/core/tcp_out.c.obj
 *fill*         0x1000bf2e        0x2 
 .text.tcp_output_segment
                0x1000bf30      0x168 ssd1306_i2c_1/CMakeFiles/picow_ntp_client_poll.dir/C_/PicoSDK/pico-sdk/lib/lwip/src/core/tcp_out.c.obj
 .text.tcp_output_control_segment_netif
                0x1000c098       0x84 ssd1306_i2c_1/CMakeFiles/picow_ntp_client_poll.dir/C_/PicoSDK/pico-sdk/lib/lwip/src/core/tcp_out.c.obj
 .text.tcp_output_control_segment
                0x1000c11c       0x44 ssd1306_i2c_1/CMakeFiles/picow_ntp_client_poll.dir/C_/PicoSDK/pico-sdk/lib/lwip/src/core/tcp_out.c.obj
 .text.tcp_split_unsent_seg
                0x1000c160      0x1f8 ssd1306_i2c_1/CMakeFiles/picow_ntp_client_poll.dir/C_/PicoSDK/pico-sdk/lib/lwip/src/core/tcp_out.c.obj
                0x1000c160                tcp_split_unsent_seg
 .text.tcp_enqueue_flags
                0x1000c358      0x11c ssd1306_i2c_1/CMakeFiles/picow_ntp_client_poll.dir/C_/PicoSDK/pico-sdk/lib/lwip/src/core/tcp_out.c.obj
                0x1000c358                tcp_enqueue_flags
 .text.tcp_send_fin
                0x1000c474       0x68 ssd1306_i2c_1/CMakeFiles/picow_ntp_client_poll.dir/C_/PicoSDK/pico-sdk/lib/lwip/src/core/tcp_out.c.obj
                0x1000c474                tcp_send_fin
 .text.tcp_rexmit_rto_prepare
                0x1000c4dc       0xac ssd1306_i2c_1/CMakeFiles/picow_ntp_client_poll.dir/C_/PicoSDK/pico-sdk/lib/lwip/src/core/tcp_out.c.obj
                0x1000c4dc                tcp_rexmit_rto_prepare
 .text.tcp_rexmit
                0x1000c588       0xa4 ssd1306_i2c_1/CMakeFiles/picow_ntp_client_poll.dir/C_/PicoSDK/pico-sdk/lib/lwip/src/core/tcp_out.c.obj
                0x1000c588                tcp_rexmit
 .text.tcp_rexmit_fast
                0x1000c62c       0x68 ssd1306_i2c_1/CMakeFiles/picow_ntp_client_poll.dir/C_/PicoSDK/pico-sdk/lib/lwip/src/core/tcp_out.c.obj
                0x1000c62c                tcp_rexmit_fast
 .text.tcp_rst  0x1000c694       0x32 ssd1306_i2c_1/CMakeFiles/picow_ntp_client_poll.dir/C_/PicoSDK/pico-sdk/lib/lwip/src/core/tcp_out.c.obj
                0x1000c694                tcp_rst
 .text.tcp_rst_netif
                0x1000c6c6       0x38 ssd1306_i2c_1/CMakeFiles/picow_ntp_client_poll.dir/C_/PicoSDK/pico-sdk/lib/lwip/src/core/tcp_out.c.obj
                0x1000c6c6                tcp_rst_netif
 *fill*         0x1000c6fe        0x2 
 .text.tcp_send_empty_ack
                0x1000c700       0x64 ssd1306_i2c_1/CMakeFiles/picow_ntp_client_poll.dir/C_/PicoSDK/pico-sdk/lib/lwip/src/core/tcp_out.c.obj
                0x1000c700                tcp_send_empty_ack
 .text.tcp_output
                0x1000c764      0x338 ssd1306_i2c_1/CMakeFiles/picow_ntp_client_poll.dir/C_/PicoSDK/pico-sdk/lib/lwip/src/core/tcp_out.c.obj
                0x1000c764                tcp_output
 .text.tcp_rexmit_rto_commit
                0x1000ca9c       0x24 ssd1306_i2c_1/CMakeFiles/picow_ntp_client_poll.dir/C_/PicoSDK/pico-sdk/lib/lwip/src/core/tcp_out.c.obj
                0x1000ca9c                tcp_rexmit_rto_commit
 .text.tcp_rexmit_rto
                0x1000cac0       0x24 ssd1306_i2c_1/CMakeFiles/picow_ntp_client_poll.dir/C_/PicoSDK/pico-sdk/lib/lwip/src/core/tcp_out.c.obj
                0x1000cac0                tcp_rexmit_rto
 .text.tcp_keepalive
                0x1000cae4       0x48 ssd1306_i2c_1/CMakeFiles/picow_ntp_client_poll.dir/C_/PicoSDK/pico-sdk/lib/lwip/src/core/tcp_out.c.obj
                0x1000cae4                tcp_keepalive
 .text.tcp_zero_window_probe
                0x1000cb2c      0x10c ssd1306_i2c_1/CMakeFiles/picow_ntp_client_poll.dir/C_/PicoSDK/pico-sdk/lib/lwip/src/core/tcp_out.c.obj
                0x1000cb2c                tcp_zero_window_probe
 .text.sys_timeout_abs
                0x1000cc38       0x60 ssd1306_i2c_1/CMakeFiles/picow_ntp_client_poll.dir/C_/PicoSDK/pico-sdk/lib/lwip/src/core/timeouts.c.obj
 .text.lwip_cyclic_timer
                0x1000cc98       0x38 ssd1306_i2c_1/CMakeFiles/picow_ntp_client_poll.dir/C_/PicoSDK/pico-sdk/lib/lwip/src/core/timeouts.c.obj
 .text.sys_timeout
                0x1000ccd0       0x2c ssd1306_i2c_1/CMakeFiles/picow_ntp_client_poll.dir/C_/PicoSDK/pico-sdk/lib/lwip/src/core/timeouts.c.obj
                0x1000ccd0                sys_timeout
 .text.tcp_timer_needed
                0x1000ccfc       0x40 ssd1306_i2c_1/CMakeFiles/picow_ntp_client_poll.dir/C_/PicoSDK/pico-sdk/lib/lwip/src/core/timeouts.c.obj
                0x1000ccfc                tcp_timer_needed
 .text.tcpip_tcp_timer
                0x1000cd3c       0x3c ssd1306_i2c_1/CMakeFiles/picow_ntp_client_poll.dir/C_/PicoSDK/pico-sdk/lib/lwip/src/core/timeouts.c.obj
 .text.sys_timeouts_init
                0x1000cd78       0x24 ssd1306_i2c_1/CMakeFiles/picow_ntp_client_poll.dir/C_/PicoSDK/pico-sdk/lib/lwip/src/core/timeouts.c.obj
                0x1000cd78                sys_timeouts_init
 .text.sys_check_timeouts
                0x1000cd9c       0x54 ssd1306_i2c_1/CMakeFiles/picow_ntp_client_poll.dir/C_/PicoSDK/pico-sdk/lib/lwip/src/core/timeouts.c.obj
                0x1000cd9c                sys_check_timeouts
 .text.sys_timeouts_sleeptime
                0x1000cdf0       0x34 ssd1306_i2c_1/CMakeFiles/picow_ntp_client_poll.dir/C_/PicoSDK/pico-sdk/lib/lwip/src/core/timeouts.c.obj
                0x1000cdf0                sys_timeouts_sleeptime
 .text.udp_new_port
                0x1000ce24       0x54 ssd1306_i2c_1/CMakeFiles/picow_ntp_client_poll.dir/C_/PicoSDK/pico-sdk/lib/lwip/src/core/udp.c.obj
 .text.udp_input_local_match
                0x1000ce78       0x90 ssd1306_i2c_1/CMakeFiles/picow_ntp_client_poll.dir/C_/PicoSDK/pico-sdk/lib/lwip/src/core/udp.c.obj
 .text.udp_init
                0x1000cf08       0x20 ssd1306_i2c_1/CMakeFiles/picow_ntp_client_poll.dir/C_/PicoSDK/pico-sdk/lib/lwip/src/core/udp.c.obj
                0x1000cf08                udp_init
 .text.udp_input
                0x1000cf28      0x210 ssd1306_i2c_1/CMakeFiles/picow_ntp_client_poll.dir/C_/PicoSDK/pico-sdk/lib/lwip/src/core/udp.c.obj
                0x1000cf28                udp_input
 .text.udp_bind
                0x1000d138       0xbc ssd1306_i2c_1/CMakeFiles/picow_ntp_client_poll.dir/C_/PicoSDK/pico-sdk/lib/lwip/src/core/udp.c.obj
                0x1000d138                udp_bind
 .text.udp_sendto_if_src
                0x1000d1f4      0x17c ssd1306_i2c_1/CMakeFiles/picow_ntp_client_poll.dir/C_/PicoSDK/pico-sdk/lib/lwip/src/core/udp.c.obj
                0x1000d1f4                udp_sendto_if_src
 .text.udp_sendto_if
                0x1000d370       0x84 ssd1306_i2c_1/CMakeFiles/picow_ntp_client_poll.dir/C_/PicoSDK/pico-sdk/lib/lwip/src/core/udp.c.obj
                0x1000d370                udp_sendto_if
 .text.udp_sendto
                0x1000d3f4       0x84 ssd1306_i2c_1/CMakeFiles/picow_ntp_client_poll.dir/C_/PicoSDK/pico-sdk/lib/lwip/src/core/udp.c.obj
                0x1000d3f4                udp_sendto
 .text.udp_connect
                0x1000d478       0x74 ssd1306_i2c_1/CMakeFiles/picow_ntp_client_poll.dir/C_/PicoSDK/pico-sdk/lib/lwip/src/core/udp.c.obj
                0x1000d478                udp_connect
 .text.udp_recv
                0x1000d4ec       0x18 ssd1306_i2c_1/CMakeFiles/picow_ntp_client_poll.dir/C_/PicoSDK/pico-sdk/lib/lwip/src/core/udp.c.obj
                0x1000d4ec                udp_recv
 .text.udp_remove
                0x1000d504       0x44 ssd1306_i2c_1/CMakeFiles/picow_ntp_client_poll.dir/C_/PicoSDK/pico-sdk/lib/lwip/src/core/udp.c.obj
                0x1000d504                udp_remove
 .text.udp_new  0x1000d548       0x1c ssd1306_i2c_1/CMakeFiles/picow_ntp_client_poll.dir/C_/PicoSDK/pico-sdk/lib/lwip/src/core/udp.c.obj
                0x1000d548                udp_new
 .text.udp_new_ip_type
                0x1000d564        0x8 ssd1306_i2c_1/CMakeFiles/picow_ntp_client_poll.dir/C_/PicoSDK/pico-sdk/lib/lwip/src/core/udp.c.obj
                0x1000d564                udp_new_ip_type
 .text.udp_netif_ip_addr_changed
                0x1000d56c       0x38 ssd1306_i2c_1/CMakeFiles/picow_ntp_client_poll.dir/C_/PicoSDK/pico-sdk/lib/lwip/src/core/udp.c.obj
                0x1000d56c                udp_netif_ip_addr_changed
 .text.dhcp_set_state
                0x1000d5a4       0x10 ssd1306_i2c_1/CMakeFiles/picow_ntp_client_poll.dir/C_/PicoSDK/pico-sdk/lib/lwip/src/core/ipv4/dhcp.c.obj
 .text.dhcp_option_short
                0x1000d5b4       0x24 ssd1306_i2c_1/CMakeFiles/picow_ntp_client_poll.dir/C_/PicoSDK/pico-sdk/lib/lwip/src/core/ipv4/dhcp.c.obj
 .text.dhcp_option
                0x1000d5d8       0x24 ssd1306_i2c_1/CMakeFiles/picow_ntp_client_poll.dir/C_/PicoSDK/pico-sdk/lib/lwip/src/core/ipv4/dhcp.c.obj
 .text.dhcp_option_byte
                0x1000d5fc       0x1c ssd1306_i2c_1/CMakeFiles/picow_ntp_client_poll.dir/C_/PicoSDK/pico-sdk/lib/lwip/src/core/ipv4/dhcp.c.obj
 .text.dhcp_option_long
                0x1000d618       0x34 ssd1306_i2c_1/CMakeFiles/picow_ntp_client_poll.dir/C_/PicoSDK/pico-sdk/lib/lwip/src/core/ipv4/dhcp.c.obj
 .text.dhcp_create_msg
                0x1000d64c      0x138 ssd1306_i2c_1/CMakeFiles/picow_ntp_client_poll.dir/C_/PicoSDK/pico-sdk/lib/lwip/src/core/ipv4/dhcp.c.obj
 .text.dhcp_option_hostname
                0x1000d784       0x70 ssd1306_i2c_1/CMakeFiles/picow_ntp_client_poll.dir/C_/PicoSDK/pico-sdk/lib/lwip/src/core/ipv4/dhcp.c.obj
 .text.dhcp_option_trailer
                0x1000d7f4       0x30 ssd1306_i2c_1/CMakeFiles/picow_ntp_client_poll.dir/C_/PicoSDK/pico-sdk/lib/lwip/src/core/ipv4/dhcp.c.obj
 .text.dhcp_rebind
                0x1000d824       0xfc ssd1306_i2c_1/CMakeFiles/picow_ntp_client_poll.dir/C_/PicoSDK/pico-sdk/lib/lwip/src/core/ipv4/dhcp.c.obj
 .text.dhcp_t2_timeout
                0x1000d920       0x2e ssd1306_i2c_1/CMakeFiles/picow_ntp_client_poll.dir/C_/PicoSDK/pico-sdk/lib/lwip/src/core/ipv4/dhcp.c.obj
 *fill*         0x1000d94e        0x2 
 .text.dhcp_reboot
                0x1000d950      0x120 ssd1306_i2c_1/CMakeFiles/picow_ntp_client_poll.dir/C_/PicoSDK/pico-sdk/lib/lwip/src/core/ipv4/dhcp.c.obj
 .text.dhcp_select
                0x1000da70      0x16c ssd1306_i2c_1/CMakeFiles/picow_ntp_client_poll.dir/C_/PicoSDK/pico-sdk/lib/lwip/src/core/ipv4/dhcp.c.obj
 .text.dhcp_handle_offer
                0x1000dbdc       0x48 ssd1306_i2c_1/CMakeFiles/picow_ntp_client_poll.dir/C_/PicoSDK/pico-sdk/lib/lwip/src/core/ipv4/dhcp.c.obj
 .text.dhcp_discover
                0x1000dc24       0xf8 ssd1306_i2c_1/CMakeFiles/picow_ntp_client_poll.dir/C_/PicoSDK/pico-sdk/lib/lwip/src/core/ipv4/dhcp.c.obj
 .text.dhcp_dec_pcb_refcount
                0x1000dd1c       0x38 ssd1306_i2c_1/CMakeFiles/picow_ntp_client_poll.dir/C_/PicoSDK/pico-sdk/lib/lwip/src/core/ipv4/dhcp.c.obj
 .text.dhcp_inc_pcb_refcount
                0x1000dd54       0x74 ssd1306_i2c_1/CMakeFiles/picow_ntp_client_poll.dir/C_/PicoSDK/pico-sdk/lib/lwip/src/core/ipv4/dhcp.c.obj
 .text.dhcp_parse_reply
                0x1000ddc8      0x2fc ssd1306_i2c_1/CMakeFiles/picow_ntp_client_poll.dir/C_/PicoSDK/pico-sdk/lib/lwip/src/core/ipv4/dhcp.c.obj
 .text.dhcp_handle_ack
                0x1000e0c4       0xd0 ssd1306_i2c_1/CMakeFiles/picow_ntp_client_poll.dir/C_/PicoSDK/pico-sdk/lib/lwip/src/core/ipv4/dhcp.c.obj
 .text.dhcp_bind
                0x1000e194      0x104 ssd1306_i2c_1/CMakeFiles/picow_ntp_client_poll.dir/C_/PicoSDK/pico-sdk/lib/lwip/src/core/ipv4/dhcp.c.obj
 .text.dhcp_handle_nak
                0x1000e298       0x24 ssd1306_i2c_1/CMakeFiles/picow_ntp_client_poll.dir/C_/PicoSDK/pico-sdk/lib/lwip/src/core/ipv4/dhcp.c.obj
 .text.dhcp_recv
                0x1000e2bc       0xf4 ssd1306_i2c_1/CMakeFiles/picow_ntp_client_poll.dir/C_/PicoSDK/pico-sdk/lib/lwip/src/core/ipv4/dhcp.c.obj
 .text.dhcp_set_struct
                0x1000e3b0       0x44 ssd1306_i2c_1/CMakeFiles/picow_ntp_client_poll.dir/C_/PicoSDK/pico-sdk/lib/lwip/src/core/ipv4/dhcp.c.obj
                0x1000e3b0                dhcp_set_struct
 .text.dhcp_network_changed_link_up
                0x1000e3f4       0x40 ssd1306_i2c_1/CMakeFiles/picow_ntp_client_poll.dir/C_/PicoSDK/pico-sdk/lib/lwip/src/core/ipv4/dhcp.c.obj
                0x1000e3f4                dhcp_network_changed_link_up
 .text.dhcp_renew
                0x1000e434       0xf8 ssd1306_i2c_1/CMakeFiles/picow_ntp_client_poll.dir/C_/PicoSDK/pico-sdk/lib/lwip/src/core/ipv4/dhcp.c.obj
                0x1000e434                dhcp_renew
 .text.dhcp_t1_timeout
                0x1000e52c       0x2a ssd1306_i2c_1/CMakeFiles/picow_ntp_client_poll.dir/C_/PicoSDK/pico-sdk/lib/lwip/src/core/ipv4/dhcp.c.obj
 .text.dhcp_supplied_address
                0x1000e556       0x32 ssd1306_i2c_1/CMakeFiles/picow_ntp_client_poll.dir/C_/PicoSDK/pico-sdk/lib/lwip/src/core/ipv4/dhcp.c.obj
                0x1000e556                dhcp_supplied_address
 .text.dhcp_release_and_stop
                0x1000e588       0xdc ssd1306_i2c_1/CMakeFiles/picow_ntp_client_poll.dir/C_/PicoSDK/pico-sdk/lib/lwip/src/core/ipv4/dhcp.c.obj
                0x1000e588                dhcp_release_and_stop
 .text.dhcp_start
                0x1000e664       0xac ssd1306_i2c_1/CMakeFiles/picow_ntp_client_poll.dir/C_/PicoSDK/pico-sdk/lib/lwip/src/core/ipv4/dhcp.c.obj
                0x1000e664                dhcp_start
 .text.dhcp_coarse_tmr
                0x1000e710       0x6c ssd1306_i2c_1/CMakeFiles/picow_ntp_client_poll.dir/C_/PicoSDK/pico-sdk/lib/lwip/src/core/ipv4/dhcp.c.obj
                0x1000e710                dhcp_coarse_tmr
 .text.dhcp_timeout
                0x1000e77c       0x4a ssd1306_i2c_1/CMakeFiles/picow_ntp_client_poll.dir/C_/PicoSDK/pico-sdk/lib/lwip/src/core/ipv4/dhcp.c.obj
 *fill*         0x1000e7c6        0x2 
 .text.dhcp_fine_tmr
                0x1000e7c8       0x38 ssd1306_i2c_1/CMakeFiles/picow_ntp_client_poll.dir/C_/PicoSDK/pico-sdk/lib/lwip/src/core/ipv4/dhcp.c.obj
                0x1000e7c8                dhcp_fine_tmr
 .text.dhcp_stop
                0x1000e800        0x8 ssd1306_i2c_1/CMakeFiles/picow_ntp_client_poll.dir/C_/PicoSDK/pico-sdk/lib/lwip/src/core/ipv4/dhcp.c.obj
                0x1000e800                dhcp_stop
 .text.etharp_free_entry
                0x1000e808       0x4c ssd1306_i2c_1/CMakeFiles/picow_ntp_client_poll.dir/C_/PicoSDK/pico-sdk/lib/lwip/src/core/ipv4/etharp.c.obj
 .text.etharp_find_entry
                0x1000e854      0x1b0 ssd1306_i2c_1/CMakeFiles/picow_ntp_client_poll.dir/C_/PicoSDK/pico-sdk/lib/lwip/src/core/ipv4/etharp.c.obj
 .text.etharp_update_arp_entry
                0x1000ea04       0xc8 ssd1306_i2c_1/CMakeFiles/picow_ntp_client_poll.dir/C_/PicoSDK/pico-sdk/lib/lwip/src/core/ipv4/etharp.c.obj
 .text.etharp_raw
                0x1000eacc       0xf0 ssd1306_i2c_1/CMakeFiles/picow_ntp_client_poll.dir/C_/PicoSDK/pico-sdk/lib/lwip/src/core/ipv4/etharp.c.obj
 .text.etharp_request_dst
                0x1000ebbc       0x24 ssd1306_i2c_1/CMakeFiles/picow_ntp_client_poll.dir/C_/PicoSDK/pico-sdk/lib/lwip/src/core/ipv4/etharp.c.obj
 .text.etharp_cleanup_netif
                0x1000ebe0       0x3c ssd1306_i2c_1/CMakeFiles/picow_ntp_client_poll.dir/C_/PicoSDK/pico-sdk/lib/lwip/src/core/ipv4/etharp.c.obj
                0x1000ebe0                etharp_cleanup_netif
 .text.etharp_input
                0x1000ec1c      0x120 ssd1306_i2c_1/CMakeFiles/picow_ntp_client_poll.dir/C_/PicoSDK/pico-sdk/lib/lwip/src/core/ipv4/etharp.c.obj
                0x1000ec1c                etharp_input
 .text.etharp_request
                0x1000ed3c       0x10 ssd1306_i2c_1/CMakeFiles/picow_ntp_client_poll.dir/C_/PicoSDK/pico-sdk/lib/lwip/src/core/ipv4/etharp.c.obj
                0x1000ed3c                etharp_request
 .text.etharp_tmr
                0x1000ed4c       0x8c ssd1306_i2c_1/CMakeFiles/picow_ntp_client_poll.dir/C_/PicoSDK/pico-sdk/lib/lwip/src/core/ipv4/etharp.c.obj
                0x1000ed4c                etharp_tmr
 .text.etharp_output_to_arp_index
                0x1000edd8       0xc0 ssd1306_i2c_1/CMakeFiles/picow_ntp_client_poll.dir/C_/PicoSDK/pico-sdk/lib/lwip/src/core/ipv4/etharp.c.obj
 .text.etharp_query
                0x1000ee98      0x1d8 ssd1306_i2c_1/CMakeFiles/picow_ntp_client_poll.dir/C_/PicoSDK/pico-sdk/lib/lwip/src/core/ipv4/etharp.c.obj
                0x1000ee98                etharp_query
 .text.etharp_output
                0x1000f070      0x154 ssd1306_i2c_1/CMakeFiles/picow_ntp_client_poll.dir/C_/PicoSDK/pico-sdk/lib/lwip/src/core/ipv4/etharp.c.obj
                0x1000f070                etharp_output
 .text.icmp_send_response
                0x1000f1c4       0xd4 ssd1306_i2c_1/CMakeFiles/picow_ntp_client_poll.dir/C_/PicoSDK/pico-sdk/lib/lwip/src/core/ipv4/icmp.c.obj
 .text.icmp_input
                0x1000f298      0x204 ssd1306_i2c_1/CMakeFiles/picow_ntp_client_poll.dir/C_/PicoSDK/pico-sdk/lib/lwip/src/core/ipv4/icmp.c.obj
                0x1000f298                icmp_input
 .text.icmp_dest_unreach
                0x1000f49c        0xc ssd1306_i2c_1/CMakeFiles/picow_ntp_client_poll.dir/C_/PicoSDK/pico-sdk/lib/lwip/src/core/ipv4/icmp.c.obj
                0x1000f49c                icmp_dest_unreach
 .text.icmp_time_exceeded
                0x1000f4a8        0xc ssd1306_i2c_1/CMakeFiles/picow_ntp_client_poll.dir/C_/PicoSDK/pico-sdk/lib/lwip/src/core/ipv4/icmp.c.obj
                0x1000f4a8                icmp_time_exceeded
 .text.ip_reass_dequeue_datagram
                0x1000f4b4       0x34 ssd1306_i2c_1/CMakeFiles/picow_ntp_client_poll.dir/C_/PicoSDK/pico-sdk/lib/lwip/src/core/ipv4/ip4_frag.c.obj
 .text.ip_reass_free_complete_datagram
                0x1000f4e8       0xe8 ssd1306_i2c_1/CMakeFiles/picow_ntp_client_poll.dir/C_/PicoSDK/pico-sdk/lib/lwip/src/core/ipv4/ip4_frag.c.obj
 .text.ip_reass_remove_oldest_datagram
                0x1000f5d0       0xc4 ssd1306_i2c_1/CMakeFiles/picow_ntp_client_poll.dir/C_/PicoSDK/pico-sdk/lib/lwip/src/core/ipv4/ip4_frag.c.obj
 .text.ip_reass_chain_frag_into_datagram_and_validate
                0x1000f694      0x27c ssd1306_i2c_1/CMakeFiles/picow_ntp_client_poll.dir/C_/PicoSDK/pico-sdk/lib/lwip/src/core/ipv4/ip4_frag.c.obj
 .text.ip_reass_enqueue_new_datagram
                0x1000f910       0x64 ssd1306_i2c_1/CMakeFiles/picow_ntp_client_poll.dir/C_/PicoSDK/pico-sdk/lib/lwip/src/core/ipv4/ip4_frag.c.obj
 .text.ip_reass_tmr
                0x1000f974       0x30 ssd1306_i2c_1/CMakeFiles/picow_ntp_client_poll.dir/C_/PicoSDK/pico-sdk/lib/lwip/src/core/ipv4/ip4_frag.c.obj
                0x1000f974                ip_reass_tmr
 .text.ip4_reass
                0x1000f9a4      0x284 ssd1306_i2c_1/CMakeFiles/picow_ntp_client_poll.dir/C_/PicoSDK/pico-sdk/lib/lwip/src/core/ipv4/ip4_frag.c.obj
                0x1000f9a4                ip4_reass
 .text.ip4_frag
                0x1000fc28      0x178 ssd1306_i2c_1/CMakeFiles/picow_ntp_client_poll.dir/C_/PicoSDK/pico-sdk/lib/lwip/src/core/ipv4/ip4_frag.c.obj
                0x1000fc28                ip4_frag
 .text.ip4_input_accept
                0x1000fda0       0x38 ssd1306_i2c_1/CMakeFiles/picow_ntp_client_poll.dir/C_/PicoSDK/pico-sdk/lib/lwip/src/core/ipv4/ip4.c.obj
 .text.ip4_route
                0x1000fdd8       0x7c ssd1306_i2c_1/CMakeFiles/picow_ntp_client_poll.dir/C_/PicoSDK/pico-sdk/lib/lwip/src/core/ipv4/ip4.c.obj
                0x1000fdd8                ip4_route
 .text.ip4_input
                0x1000fe54      0x2a0 ssd1306_i2c_1/CMakeFiles/picow_ntp_client_poll.dir/C_/PicoSDK/pico-sdk/lib/lwip/src/core/ipv4/ip4.c.obj
                0x1000fe54                ip4_input
 .text.ip4_output_if_src
                0x100100f4      0x1c4 ssd1306_i2c_1/CMakeFiles/picow_ntp_client_poll.dir/C_/PicoSDK/pico-sdk/lib/lwip/src/core/ipv4/ip4.c.obj
                0x100100f4                ip4_output_if_src
 .text.ip4_output_if
                0x100102b8       0x2e ssd1306_i2c_1/CMakeFiles/picow_ntp_client_poll.dir/C_/PicoSDK/pico-sdk/lib/lwip/src/core/ipv4/ip4.c.obj
                0x100102b8                ip4_output_if
 .text.ip4_addr_isbroadcast_u32